Archive member included to satisfy reference by file (symbol)

c:/st/stm32cubeide_1.3.0/stm32cubeide/plugins/com.st.stm32cube.ide.mcu.externaltools.gnu-tools-for-stm32.7-2018-q2-update.win32_1.0.0.201904181610/tools/bin/../lib/gcc/arm-none-eabi/7.3.1/../../../../arm-none-eabi/lib/thumb/v6-m\libc_nano.a(lib_a-errno.o)
                              Core/Src/syscalls.o (__errno)
c:/st/stm32cubeide_1.3.0/stm32cubeide/plugins/com.st.stm32cube.ide.mcu.externaltools.gnu-tools-for-stm32.7-2018-q2-update.win32_1.0.0.201904181610/tools/bin/../lib/gcc/arm-none-eabi/7.3.1/../../../../arm-none-eabi/lib/thumb/v6-m\libc_nano.a(lib_a-exit.o)
                              c:/st/stm32cubeide_1.3.0/stm32cubeide/plugins/com.st.stm32cube.ide.mcu.externaltools.gnu-tools-for-stm32.7-2018-q2-update.win32_1.0.0.201904181610/tools/bin/../lib/gcc/arm-none-eabi/7.3.1/../../../../arm-none-eabi/lib/thumb/v6-m/crt0.o (exit)
c:/st/stm32cubeide_1.3.0/stm32cubeide/plugins/com.st.stm32cube.ide.mcu.externaltools.gnu-tools-for-stm32.7-2018-q2-update.win32_1.0.0.201904181610/tools/bin/../lib/gcc/arm-none-eabi/7.3.1/../../../../arm-none-eabi/lib/thumb/v6-m\libc_nano.a(lib_a-impure.o)
                              c:/st/stm32cubeide_1.3.0/stm32cubeide/plugins/com.st.stm32cube.ide.mcu.externaltools.gnu-tools-for-stm32.7-2018-q2-update.win32_1.0.0.201904181610/tools/bin/../lib/gcc/arm-none-eabi/7.3.1/../../../../arm-none-eabi/lib/thumb/v6-m\libc_nano.a(lib_a-exit.o) (_global_impure_ptr)
c:/st/stm32cubeide_1.3.0/stm32cubeide/plugins/com.st.stm32cube.ide.mcu.externaltools.gnu-tools-for-stm32.7-2018-q2-update.win32_1.0.0.201904181610/tools/bin/../lib/gcc/arm-none-eabi/7.3.1/../../../../arm-none-eabi/lib/thumb/v6-m\libc_nano.a(lib_a-init.o)
                              c:/st/stm32cubeide_1.3.0/stm32cubeide/plugins/com.st.stm32cube.ide.mcu.externaltools.gnu-tools-for-stm32.7-2018-q2-update.win32_1.0.0.201904181610/tools/bin/../lib/gcc/arm-none-eabi/7.3.1/../../../../arm-none-eabi/lib/thumb/v6-m/crt0.o (__libc_init_array)
c:/st/stm32cubeide_1.3.0/stm32cubeide/plugins/com.st.stm32cube.ide.mcu.externaltools.gnu-tools-for-stm32.7-2018-q2-update.win32_1.0.0.201904181610/tools/bin/../lib/gcc/arm-none-eabi/7.3.1/../../../../arm-none-eabi/lib/thumb/v6-m\libc_nano.a(lib_a-memcpy-stub.o)
                              Middlewares/Third_Party/FreeRTOS/Source/CMSIS_RTOS_V2/cmsis_os2.o (memcpy)
c:/st/stm32cubeide_1.3.0/stm32cubeide/plugins/com.st.stm32cube.ide.mcu.externaltools.gnu-tools-for-stm32.7-2018-q2-update.win32_1.0.0.201904181610/tools/bin/../lib/gcc/arm-none-eabi/7.3.1/../../../../arm-none-eabi/lib/thumb/v6-m\libc_nano.a(lib_a-memset.o)
                              c:/st/stm32cubeide_1.3.0/stm32cubeide/plugins/com.st.stm32cube.ide.mcu.externaltools.gnu-tools-for-stm32.7-2018-q2-update.win32_1.0.0.201904181610/tools/bin/../lib/gcc/arm-none-eabi/7.3.1/../../../../arm-none-eabi/lib/thumb/v6-m/crt0.o (memset)
c:/st/stm32cubeide_1.3.0/stm32cubeide/plugins/com.st.stm32cube.ide.mcu.externaltools.gnu-tools-for-stm32.7-2018-q2-update.win32_1.0.0.201904181610/tools/bin/../lib/gcc/arm-none-eabi/7.3.1/thumb/v6-m\libgcc.a(_udivsi3.o)
                              Core/Src/stm32f0xx_hal_timebase_tim.o (__aeabi_uidiv)
c:/st/stm32cubeide_1.3.0/stm32cubeide/plugins/com.st.stm32cube.ide.mcu.externaltools.gnu-tools-for-stm32.7-2018-q2-update.win32_1.0.0.201904181610/tools/bin/../lib/gcc/arm-none-eabi/7.3.1/thumb/v6-m\libgcc.a(_dvmd_tls.o)
                              c:/st/stm32cubeide_1.3.0/stm32cubeide/plugins/com.st.stm32cube.ide.mcu.externaltools.gnu-tools-for-stm32.7-2018-q2-update.win32_1.0.0.201904181610/tools/bin/../lib/gcc/arm-none-eabi/7.3.1/thumb/v6-m\libgcc.a(_udivsi3.o) (__aeabi_idiv0)

Allocating common symbols
Common symbol       size              file

htim17              0x40              Core/Src/main.o
hcan                0x28              Core/Src/main.o
uwTick              0x4               Drivers/STM32F0xx_HAL_Driver/Src/stm32f0xx_hal.o
xQueueRegistry      0x40              Middlewares/Third_Party/FreeRTOS/Source/queue.o
pFlash              0x20              Drivers/STM32F0xx_HAL_Driver/Src/stm32f0xx_hal_flash.o
Channel_controlHandle
                    0x4               Core/Src/main.o
CAN_TX_taskHandle   0x4               Core/Src/main.o
huart2              0x80              Core/Src/main.o
htim14              0x40              Core/Src/stm32f0xx_hal_timebase_tim.o
hdma_adc            0x44              Core/Src/main.o
hadc                0x40              Core/Src/main.o
htim16              0x40              Core/Src/main.o

Discarded input sections

 .text          0x0000000000000000        0x0 c:/st/stm32cubeide_1.3.0/stm32cubeide/plugins/com.st.stm32cube.ide.mcu.externaltools.gnu-tools-for-stm32.7-2018-q2-update.win32_1.0.0.201904181610/tools/bin/../lib/gcc/arm-none-eabi/7.3.1/thumb/v6-m/crti.o
[...]
Memory Configuration

Name             Origin             Length             Attributes
RAM              0x0000000020000000 0x0000000000004000 xrw
FLASH            0x0000000008000000 0x0000000000020000 xr
*default*        0x0000000000000000 0xffffffffffffffff

Linker script and memory map

LOAD c:/st/stm32cubeide_1.3.0/stm32cubeide/plugins/com.st.stm32cube.ide.mcu.externaltools.gnu-tools-for-stm32.7-2018-q2-update.win32_1.0.0.201904181610/tools/bin/../lib/gcc/arm-none-eabi/7.3.1/thumb/v6-m/crti.o
LOAD c:/st/stm32cubeide_1.3.0/stm32cubeide/plugins/com.st.stm32cube.ide.mcu.externaltools.gnu-tools-for-stm32.7-2018-q2-update.win32_1.0.0.201904181610/tools/bin/../lib/gcc/arm-none-eabi/7.3.1/thumb/v6-m/crtbegin.o
LOAD c:/st/stm32cubeide_1.3.0/stm32cubeide/plugins/com.st.stm32cube.ide.mcu.externaltools.gnu-tools-for-stm32.7-2018-q2-update.win32_1.0.0.201904181610/tools/bin/../lib/gcc/arm-none-eabi/7.3.1/../../../../arm-none-eabi/lib/thumb/v6-m/crt0.o
LOAD Core/Src/GO4_PDM_2020.o
LOAD Core/Src/freertos.o
LOAD Core/Src/main.o
LOAD Core/Src/stm32f0xx_hal_msp.o
LOAD Core/Src/stm32f0xx_hal_timebase_tim.o
LOAD Core/Src/stm32f0xx_it.o
LOAD Core/Src/syscalls.o
LOAD Core/Src/sysmem.o
LOAD Core/Src/system_stm32f0xx.o
LOAD Core/Startup/startup_stm32f072rbtx.o
LOAD Drivers/STM32F0xx_HAL_Driver/Src/stm32f0xx_hal.o
LOAD Drivers/STM32F0xx_HAL_Driver/Src/stm32f0xx_hal_adc.o
LOAD Drivers/STM32F0xx_HAL_Driver/Src/stm32f0xx_hal_adc_ex.o
LOAD Drivers/STM32F0xx_HAL_Driver/Src/stm32f0xx_hal_can.o
LOAD Drivers/STM32F0xx_HAL_Driver/Src/stm32f0xx_hal_cortex.o
LOAD Drivers/STM32F0xx_HAL_Driver/Src/stm32f0xx_hal_dma.o
LOAD Drivers/STM32F0xx_HAL_Driver/Src/stm32f0xx_hal_exti.o
LOAD Drivers/STM32F0xx_HAL_Driver/Src/stm32f0xx_hal_flash.o
LOAD Drivers/STM32F0xx_HAL_Driver/Src/stm32f0xx_hal_flash_ex.o
LOAD Drivers/STM32F0xx_HAL_Driver/Src/stm32f0xx_hal_gpio.o
LOAD Drivers/STM32F0xx_HAL_Driver/Src/stm32f0xx_hal_i2c.o
LOAD Drivers/STM32F0xx_HAL_Driver/Src/stm32f0xx_hal_i2c_ex.o
LOAD Drivers/STM32F0xx_HAL_Driver/Src/stm32f0xx_hal_pwr.o
LOAD Drivers/STM32F0xx_HAL_Driver/Src/stm32f0xx_hal_pwr_ex.o
LOAD Drivers/STM32F0xx_HAL_Driver/Src/stm32f0xx_hal_rcc.o
LOAD Drivers/STM32F0xx_HAL_Driver/Src/stm32f0xx_hal_rcc_ex.o
LOAD Drivers/STM32F0xx_HAL_Driver/Src/stm32f0xx_hal_tim.o
LOAD Drivers/STM32F0xx_HAL_Driver/Src/stm32f0xx_hal_tim_ex.o
LOAD Drivers/STM32F0xx_HAL_Driver/Src/stm32f0xx_hal_uart.o
LOAD Drivers/STM32F0xx_HAL_Driver/Src/stm32f0xx_hal_uart_ex.o
LOAD Middlewares/Third_Party/FreeRTOS/Source/CMSIS_RTOS_V2/cmsis_os2.o
LOAD Middlewares/Third_Party/FreeRTOS/Source/croutine.o
LOAD Middlewares/Third_Party/FreeRTOS/Source/event_groups.o
LOAD Middlewares/Third_Party/FreeRTOS/Source/list.o
LOAD Middlewares/Third_Party/FreeRTOS/Source/queue.o
LOAD Middlewares/Third_Party/FreeRTOS/Source/stream_buffer.o
LOAD Middlewares/Third_Party/FreeRTOS/Source/tasks.o
LOAD Middlewares/Third_Party/FreeRTOS/Source/timers.o
LOAD Middlewares/Third_Party/FreeRTOS/Source/portable/GCC/ARM_CM0/port.o
LOAD Middlewares/Third_Party/FreeRTOS/Source/portable/MemMang/heap_4.o
START GROUP
LOAD c:/st/stm32cubeide_1.3.0/stm32cubeide/plugins/com.st.stm32cube.ide.mcu.externaltools.gnu-tools-for-stm32.7-2018-q2-update.win32_1.0.0.201904181610/tools/bin/../lib/gcc/arm-none-eabi/7.3.1/../../../../arm-none-eabi/lib/thumb/v6-m\libc_nano.a
LOAD c:/st/stm32cubeide_1.3.0/stm32cubeide/plugins/com.st.stm32cube.ide.mcu.externaltools.gnu-tools-for-stm32.7-2018-q2-update.win32_1.0.0.201904181610/tools/bin/../lib/gcc/arm-none-eabi/7.3.1/../../../../arm-none-eabi/lib/thumb/v6-m\libm.a
END GROUP
START GROUP
LOAD c:/st/stm32cubeide_1.3.0/stm32cubeide/plugins/com.st.stm32cube.ide.mcu.externaltools.gnu-tools-for-stm32.7-2018-q2-update.win32_1.0.0.201904181610/tools/bin/../lib/gcc/arm-none-eabi/7.3.1/thumb/v6-m\libgcc.a
LOAD c:/st/stm32cubeide_1.3.0/stm32cubeide/plugins/com.st.stm32cube.ide.mcu.externaltools.gnu-tools-for-stm32.7-2018-q2-update.win32_1.0.0.201904181610/tools/bin/../lib/gcc/arm-none-eabi/7.3.1/../../../../arm-none-eabi/lib/thumb/v6-m\libc_nano.a
END GROUP
START GROUP
LOAD c:/st/stm32cubeide_1.3.0/stm32cubeide/plugins/com.st.stm32cube.ide.mcu.externaltools.gnu-tools-for-stm32.7-2018-q2-update.win32_1.0.0.201904181610/tools/bin/../lib/gcc/arm-none-eabi/7.3.1/thumb/v6-m\libgcc.a
LOAD c:/st/stm32cubeide_1.3.0/stm32cubeide/plugins/com.st.stm32cube.ide.mcu.externaltools.gnu-tools-for-stm32.7-2018-q2-update.win32_1.0.0.201904181610/tools/bin/../lib/gcc/arm-none-eabi/7.3.1/../../../../arm-none-eabi/lib/thumb/v6-m\libc_nano.a
LOAD c:/st/stm32cubeide_1.3.0/stm32cubeide/plugins/com.st.stm32cube.ide.mcu.externaltools.gnu-tools-for-stm32.7-2018-q2-update.win32_1.0.0.201904181610/tools/bin/../lib/gcc/arm-none-eabi/7.3.1/../../../../arm-none-eabi/lib/thumb/v6-m\libnosys.a
END GROUP
START GROUP
LOAD c:/st/stm32cubeide_1.3.0/stm32cubeide/plugins/com.st.stm32cube.ide.mcu.externaltools.gnu-tools-for-stm32.7-2018-q2-update.win32_1.0.0.201904181610/tools/bin/../lib/gcc/arm-none-eabi/7.3.1/thumb/v6-m\libgcc.a
LOAD c:/st/stm32cubeide_1.3.0/stm32cubeide/plugins/com.st.stm32cube.ide.mcu.externaltools.gnu-tools-for-stm32.7-2018-q2-update.win32_1.0.0.201904181610/tools/bin/../lib/gcc/arm-none-eabi/7.3.1/../../../../arm-none-eabi/lib/thumb/v6-m\libc_nano.a
LOAD c:/st/stm32cubeide_1.3.0/stm32cubeide/plugins/com.st.stm32cube.ide.mcu.externaltools.gnu-tools-for-stm32.7-2018-q2-update.win32_1.0.0.201904181610/tools/bin/../lib/gcc/arm-none-eabi/7.3.1/../../../../arm-none-eabi/lib/thumb/v6-m\libnosys.a
END GROUP
LOAD c:/st/stm32cubeide_1.3.0/stm32cubeide/plugins/com.st.stm32cube.ide.mcu.externaltools.gnu-tools-for-stm32.7-2018-q2-update.win32_1.0.0.201904181610/tools/bin/../lib/gcc/arm-none-eabi/7.3.1/thumb/v6-m/crtend.o
LOAD c:/st/stm32cubeide_1.3.0/stm32cubeide/plugins/com.st.stm32cube.ide.mcu.externaltools.gnu-tools-for-stm32.7-2018-q2-update.win32_1.0.0.201904181610/tools/bin/../lib/gcc/arm-none-eabi/7.3.1/thumb/v6-m/crtn.o
                0x0000000020004000                _estack = (ORIGIN (RAM) + LENGTH (RAM))
                0x0000000000000200                _Min_Heap_Size = 0x200
                0x0000000000000400                _Min_Stack_Size = 0x400

.isr_vector     0x0000000008000000       0xc0
                0x0000000008000000                . = ALIGN (0x4)
 *(.isr_vector)
 .isr_vector    0x0000000008000000       0xc0 Core/Startup/startup_stm32f072rbtx.o
                0x0000000008000000                g_pfnVectors
                0x00000000080000c0                . = ALIGN (0x4)

.text           0x00000000080000c0     0x60a0
                0x00000000080000c0                . = ALIGN (0x4)
 *(.text)
 .text          0x00000000080000c0       0x48 c:/st/stm32cubeide_1.3.0/stm32cubeide/plugins/com.st.stm32cube.ide.mcu.externaltools.gnu-tools-for-stm32.7-2018-q2-update.win32_1.0.0.201904181610/tools/bin/../lib/gcc/arm-none-eabi/7.3.1/thumb/v6-m/crtbegin.o
 .text          0x0000000008000108      0x114 c:/st/stm32cubeide_1.3.0/stm32cubeide/plugins/com.st.stm32cube.ide.mcu.externaltools.gnu-tools-for-stm32.7-2018-q2-update.win32_1.0.0.201904181610/tools/bin/../lib/gcc/arm-none-eabi/7.3.1/thumb/v6-m\libgcc.a(_udivsi3.o)
                0x0000000008000108                __aeabi_uidiv
                0x0000000008000108                __udivsi3
                0x0000000008000214                __aeabi_uidivmod
 .text          0x000000000800021c        0x4 c:/st/stm32cubeide_1.3.0/stm32cubeide/plugins/com.st.stm32cube.ide.mcu.externaltools.gnu-tools-for-stm32.7-2018-q2-update.win32_1.0.0.201904181610/tools/bin/../lib/gcc/arm-none-eabi/7.3.1/thumb/v6-m\libgcc.a(_dvmd_tls.o)
                0x000000000800021c                __aeabi_idiv0
                0x000000000800021c                __aeabi_ldiv0
 *(.text*)
 .text.PDM_Init
                0x0000000008000220       0x94 Core/Src/GO4_PDM_2020.o
                0x0000000008000220                PDM_Init
 .text.Current_Control_Loop
                0x00000000080002b4      0x1ac Core/Src/GO4_PDM_2020.o
                0x00000000080002b4                Current_Control_Loop
 .text.HAL_ADC_ConvCpltCallback
                0x0000000008000460       0x70 Core/Src/GO4_PDM_2020.o
                0x0000000008000460                HAL_ADC_ConvCpltCallback
 .text.main     0x00000000080004d0       0x78 Core/Src/main.o
                0x00000000080004d0                main
 .text.SystemClock_Config
                0x0000000008000548       0xb4 Core/Src/main.o
                0x0000000008000548                SystemClock_Config
 .text.MX_ADC_Init
                0x00000000080005fc       0xec Core/Src/main.o
 .text.MX_CAN_Init
                0x00000000080006e8       0x6c Core/Src/main.o
 .text.MX_TIM16_Init
                0x0000000008000754       0x50 Core/Src/main.o
 .text.MX_TIM17_Init
                0x00000000080007a4       0x54 Core/Src/main.o
 .text.MX_USART2_UART_Init
                0x00000000080007f8       0x60 Core/Src/main.o
 .text.MX_DMA_Init
                0x0000000008000858       0x3c Core/Src/main.o
 .text.MX_GPIO_Init
                0x0000000008000894      0x124 Core/Src/main.o
 .text.ADC_Channel_Control
                0x00000000080009b8       0x12 Core/Src/main.o
                0x00000000080009b8                ADC_Channel_Control
 .text.CAN_TX   0x00000000080009ca       0x14 Core/Src/main.o
                0x00000000080009ca                CAN_TX
 *fill*         0x00000000080009de        0x2 
 .text.HAL_TIM_PeriodElapsedCallback
                0x00000000080009e0       0x24 Core/Src/main.o
                0x00000000080009e0                HAL_TIM_PeriodElapsedCallback
 .text.Error_Handler
                0x0000000008000a04       0x38 Core/Src/main.o
                0x0000000008000a04                Error_Handler
 .text.HAL_MspInit
                0x0000000008000a3c       0x54 Core/Src/stm32f0xx_hal_msp.o
                0x0000000008000a3c                HAL_MspInit
 .text.HAL_ADC_MspInit
                0x0000000008000a90       0xe8 Core/Src/stm32f0xx_hal_msp.o
                0x0000000008000a90                HAL_ADC_MspInit
 .text.HAL_CAN_MspInit
                0x0000000008000b78       0x9c Core/Src/stm32f0xx_hal_msp.o
                0x0000000008000b78                HAL_CAN_MspInit
 .text.HAL_TIM_Base_MspInit
                0x0000000008000c14       0x6c Core/Src/stm32f0xx_hal_msp.o
                0x0000000008000c14                HAL_TIM_Base_MspInit
 .text.HAL_UART_MspInit
                0x0000000008000c80       0x98 Core/Src/stm32f0xx_hal_msp.o
                0x0000000008000c80                HAL_UART_MspInit
 .text.HAL_InitTick
                0x0000000008000d18       0xbc Core/Src/stm32f0xx_hal_timebase_tim.o
                0x0000000008000d18                HAL_InitTick
 .text.NMI_Handler
                0x0000000008000dd4        0xa Core/Src/stm32f0xx_it.o
                0x0000000008000dd4                NMI_Handler
 .text.HardFault_Handler
                0x0000000008000dde        0xa Core/Src/stm32f0xx_it.o
                0x0000000008000dde                HardFault_Handler
 .text.DMA1_Channel1_IRQHandler
                0x0000000008000de8       0x18 Core/Src/stm32f0xx_it.o
                0x0000000008000de8                DMA1_Channel1_IRQHandler
 .text.TIM14_IRQHandler
                0x0000000008000e00       0x18 Core/Src/stm32f0xx_it.o
                0x0000000008000e00                TIM14_IRQHandler
 .text.SystemInit
                0x0000000008000e18        0xa Core/Src/system_stm32f0xx.o
                0x0000000008000e18                SystemInit
 *fill*         0x0000000008000e22        0x2 
 .text.Reset_Handler
                0x0000000008000e24       0x50 Core/Startup/startup_stm32f072rbtx.o
                0x0000000008000e24                Reset_Handler
 .text.Default_Handler
                0x0000000008000e74        0x2 Core/Startup/startup_stm32f072rbtx.o
                0x0000000008000e74                TIM1_CC_IRQHandler
                0x0000000008000e74                TSC_IRQHandler
                0x0000000008000e74                ADC1_COMP_IRQHandler
                0x0000000008000e74                I2C1_IRQHandler
                0x0000000008000e74                RCC_CRS_IRQHandler
                0x0000000008000e74                SPI1_IRQHandler
                0x0000000008000e74                TIM6_DAC_IRQHandler
                0x0000000008000e74                USART3_4_IRQHandler
                0x0000000008000e74                EXTI2_3_IRQHandler
                0x0000000008000e74                I2C2_IRQHandler
                0x0000000008000e74                TIM17_IRQHandler
                0x0000000008000e74                CEC_CAN_IRQHandler
                0x0000000008000e74                RTC_IRQHandler
                0x0000000008000e74                PVD_VDDIO2_IRQHandler
                0x0000000008000e74                DMA1_Channel4_5_6_7_IRQHandler
                0x0000000008000e74                TIM16_IRQHandler
                0x0000000008000e74                TIM3_IRQHandler
                0x0000000008000e74                EXTI4_15_IRQHandler
                0x0000000008000e74                Default_Handler
                0x0000000008000e74                TIM7_IRQHandler
                0x0000000008000e74                TIM15_IRQHandler
                0x0000000008000e74                EXTI0_1_IRQHandler
                0x0000000008000e74                USB_IRQHandler
                0x0000000008000e74                SPI2_IRQHandler
                0x0000000008000e74                WWDG_IRQHandler
                0x0000000008000e74                TIM2_IRQHandler
                0x0000000008000e74                DMA1_Channel2_3_IRQHandler
                0x0000000008000e74                USART2_IRQHandler
                0x0000000008000e74                FLASH_IRQHandler
                0x0000000008000e74                USART1_IRQHandler
                0x0000000008000e74                TIM1_BRK_UP_TRG_COM_IRQHandler
 *fill*         0x0000000008000e76        0x2 
 .text.HAL_Init
                0x0000000008000e78       0x28 Drivers/STM32F0xx_HAL_Driver/Src/stm32f0xx_hal.o
                0x0000000008000e78                HAL_Init
 .text.HAL_IncTick
                0x0000000008000ea0       0x24 Drivers/STM32F0xx_HAL_Driver/Src/stm32f0xx_hal.o
                0x0000000008000ea0                HAL_IncTick
 .text.HAL_GetTick
                0x0000000008000ec4       0x14 Drivers/STM32F0xx_HAL_Driver/Src/stm32f0xx_hal.o
                0x0000000008000ec4                HAL_GetTick
 .text.HAL_Delay
                0x0000000008000ed8       0x44 Drivers/STM32F0xx_HAL_Driver/Src/stm32f0xx_hal.o
                0x0000000008000ed8                HAL_Delay
 .text.HAL_ADC_Init
                0x0000000008000f1c      0x280 Drivers/STM32F0xx_HAL_Driver/Src/stm32f0xx_hal_adc.o
                0x0000000008000f1c                HAL_ADC_Init
 .text.HAL_ADC_Start_DMA
                0x000000000800119c      0x104 Drivers/STM32F0xx_HAL_Driver/Src/stm32f0xx_hal_adc.o
                0x000000000800119c                HAL_ADC_Start_DMA
 .text.HAL_ADC_Stop_DMA
                0x00000000080012a0       0xdc Drivers/STM32F0xx_HAL_Driver/Src/stm32f0xx_hal_adc.o
                0x00000000080012a0                HAL_ADC_Stop_DMA
 .text.HAL_ADC_ConvHalfCpltCallback
                0x000000000800137c       0x10 Drivers/STM32F0xx_HAL_Driver/Src/stm32f0xx_hal_adc.o
                0x000000000800137c                HAL_ADC_ConvHalfCpltCallback
 .text.HAL_ADC_ErrorCallback
                0x000000000800138c       0x10 Drivers/STM32F0xx_HAL_Driver/Src/stm32f0xx_hal_adc.o
                0x000000000800138c                HAL_ADC_ErrorCallback
 .text.HAL_ADC_ConfigChannel
                0x000000000800139c      0x21c Drivers/STM32F0xx_HAL_Driver/Src/stm32f0xx_hal_adc.o
                0x000000000800139c                HAL_ADC_ConfigChannel
 .text.ADC_Enable
                0x00000000080015b8       0xf8 Drivers/STM32F0xx_HAL_Driver/Src/stm32f0xx_hal_adc.o
 .text.ADC_Disable
                0x00000000080016b0       0xd4 Drivers/STM32F0xx_HAL_Driver/Src/stm32f0xx_hal_adc.o
 .text.ADC_ConversionStop
                0x0000000008001784       0x8c Drivers/STM32F0xx_HAL_Driver/Src/stm32f0xx_hal_adc.o
 .text.ADC_DMAConvCplt
                0x0000000008001810       0xb4 Drivers/STM32F0xx_HAL_Driver/Src/stm32f0xx_hal_adc.o
 .text.ADC_DMAHalfConvCplt
                0x00000000080018c4       0x1e Drivers/STM32F0xx_HAL_Driver/Src/stm32f0xx_hal_adc.o
 .text.ADC_DMAError
                0x00000000080018e2       0x36 Drivers/STM32F0xx_HAL_Driver/Src/stm32f0xx_hal_adc.o
 .text.HAL_ADCEx_Calibration_Start
                0x0000000008001918      0x13c Drivers/STM32F0xx_HAL_Driver/Src/stm32f0xx_hal_adc_ex.o
                0x0000000008001918                HAL_ADCEx_Calibration_Start
 .text.HAL_CAN_Init
                0x0000000008001a54      0x1fc Drivers/STM32F0xx_HAL_Driver/Src/stm32f0xx_hal_can.o
                0x0000000008001a54                HAL_CAN_Init
 .text.__NVIC_EnableIRQ
                0x0000000008001c50       0x34 Drivers/STM32F0xx_HAL_Driver/Src/stm32f0xx_hal_cortex.o
 .text.__NVIC_SetPriority
                0x0000000008001c84       0xdc Drivers/STM32F0xx_HAL_Driver/Src/stm32f0xx_hal_cortex.o
 .text.HAL_NVIC_SetPriority
                0x0000000008001d60       0x2a Drivers/STM32F0xx_HAL_Driver/Src/stm32f0xx_hal_cortex.o
                0x0000000008001d60                HAL_NVIC_SetPriority
 .text.HAL_NVIC_EnableIRQ
                0x0000000008001d8a       0x20 Drivers/STM32F0xx_HAL_Driver/Src/stm32f0xx_hal_cortex.o
                0x0000000008001d8a                HAL_NVIC_EnableIRQ
 *fill*         0x0000000008001daa        0x2 
 .text.HAL_DMA_Init
                0x0000000008001dac       0x90 Drivers/STM32F0xx_HAL_Driver/Src/stm32f0xx_hal_dma.o
                0x0000000008001dac                HAL_DMA_Init
 .text.HAL_DMA_Start_IT
                0x0000000008001e3c       0xcc Drivers/STM32F0xx_HAL_Driver/Src/stm32f0xx_hal_dma.o
                0x0000000008001e3c                HAL_DMA_Start_IT
 .text.HAL_DMA_Abort
                0x0000000008001f08       0x70 Drivers/STM32F0xx_HAL_Driver/Src/stm32f0xx_hal_dma.o
                0x0000000008001f08                HAL_DMA_Abort
 .text.HAL_DMA_IRQHandler
                0x0000000008001f78      0x144 Drivers/STM32F0xx_HAL_Driver/Src/stm32f0xx_hal_dma.o
                0x0000000008001f78                HAL_DMA_IRQHandler
 .text.DMA_SetConfig
                0x00000000080020bc       0x58 Drivers/STM32F0xx_HAL_Driver/Src/stm32f0xx_hal_dma.o
 .text.DMA_CalcBaseAndBitshift
                0x0000000008002114       0x38 Drivers/STM32F0xx_HAL_Driver/Src/stm32f0xx_hal_dma.o
 .text.HAL_GPIO_Init
                0x000000000800214c      0x2f0 Drivers/STM32F0xx_HAL_Driver/Src/stm32f0xx_hal_gpio.o
                0x000000000800214c                HAL_GPIO_Init
 .text.HAL_GPIO_WritePin
                0x000000000800243c       0x3a Drivers/STM32F0xx_HAL_Driver/Src/stm32f0xx_hal_gpio.o
                0x000000000800243c                HAL_GPIO_WritePin
 .text.HAL_GPIO_TogglePin
                0x0000000008002476       0x36 Drivers/STM32F0xx_HAL_Driver/Src/stm32f0xx_hal_gpio.o
                0x0000000008002476                HAL_GPIO_TogglePin
 .text.HAL_RCC_OscConfig
                0x00000000080024ac      0x70c Drivers/STM32F0xx_HAL_Driver/Src/stm32f0xx_hal_rcc.o
                0x00000000080024ac                HAL_RCC_OscConfig
 .text.HAL_RCC_ClockConfig
                0x0000000008002bb8      0x1b4 Drivers/STM32F0xx_HAL_Driver/Src/stm32f0xx_hal_rcc.o
                0x0000000008002bb8                HAL_RCC_ClockConfig
 .text.HAL_RCC_GetSysClockFreq
                0x0000000008002d6c       0xfc Drivers/STM32F0xx_HAL_Driver/Src/stm32f0xx_hal_rcc.o
                0x0000000008002d6c                HAL_RCC_GetSysClockFreq
 .text.HAL_RCC_GetHCLKFreq
                0x0000000008002e68       0x14 Drivers/STM32F0xx_HAL_Driver/Src/stm32f0xx_hal_rcc.o
                0x0000000008002e68                HAL_RCC_GetHCLKFreq
 .text.HAL_RCC_GetPCLK1Freq
                0x0000000008002e7c       0x2c Drivers/STM32F0xx_HAL_Driver/Src/stm32f0xx_hal_rcc.o
                0x0000000008002e7c                HAL_RCC_GetPCLK1Freq
 .text.HAL_RCC_GetClockConfig
                0x0000000008002ea8       0x54 Drivers/STM32F0xx_HAL_Driver/Src/stm32f0xx_hal_rcc.o
                0x0000000008002ea8                HAL_RCC_GetClockConfig
 .text.HAL_RCCEx_PeriphCLKConfig
                0x0000000008002efc      0x200 Drivers/STM32F0xx_HAL_Driver/Src/stm32f0xx_hal_rcc_ex.o
                0x0000000008002efc                HAL_RCCEx_PeriphCLKConfig
 .text.HAL_TIM_Base_Init
                0x00000000080030fc       0x58 Drivers/STM32F0xx_HAL_Driver/Src/stm32f0xx_hal_tim.o
                0x00000000080030fc                HAL_TIM_Base_Init
 .text.HAL_TIM_Base_Start
                0x0000000008003154       0x44 Drivers/STM32F0xx_HAL_Driver/Src/stm32f0xx_hal_tim.o
                0x0000000008003154                HAL_TIM_Base_Start
 .text.HAL_TIM_Base_Start_IT
                0x0000000008003198       0x44 Drivers/STM32F0xx_HAL_Driver/Src/stm32f0xx_hal_tim.o
                0x0000000008003198                HAL_TIM_Base_Start_IT
 .text.HAL_TIM_IRQHandler
                0x00000000080031dc      0x22c Drivers/STM32F0xx_HAL_Driver/Src/stm32f0xx_hal_tim.o
                0x00000000080031dc                HAL_TIM_IRQHandler
 .text.HAL_TIM_OC_DelayElapsedCallback
                0x0000000008003408       0x10 Drivers/STM32F0xx_HAL_Driver/Src/stm32f0xx_hal_tim.o
                0x0000000008003408                HAL_TIM_OC_DelayElapsedCallback
 .text.HAL_TIM_IC_CaptureCallback
                0x0000000008003418       0x10 Drivers/STM32F0xx_HAL_Driver/Src/stm32f0xx_hal_tim.o
                0x0000000008003418                HAL_TIM_IC_CaptureCallback
 .text.HAL_TIM_PWM_PulseFinishedCallback
                0x0000000008003428       0x10 Drivers/STM32F0xx_HAL_Driver/Src/stm32f0xx_hal_tim.o
                0x0000000008003428                HAL_TIM_PWM_PulseFinishedCallback
 .text.HAL_TIM_TriggerCallback
                0x0000000008003438       0x10 Drivers/STM32F0xx_HAL_Driver/Src/stm32f0xx_hal_tim.o
                0x0000000008003438                HAL_TIM_TriggerCallback
 .text.TIM_Base_SetConfig
                0x0000000008003448      0x100 Drivers/STM32F0xx_HAL_Driver/Src/stm32f0xx_hal_tim.o
                0x0000000008003448                TIM_Base_SetConfig
 .text.HAL_TIMEx_CommutCallback
                0x0000000008003548       0x10 Drivers/STM32F0xx_HAL_Driver/Src/stm32f0xx_hal_tim_ex.o
                0x0000000008003548                HAL_TIMEx_CommutCallback
 .text.HAL_TIMEx_BreakCallback
                0x0000000008003558       0x10 Drivers/STM32F0xx_HAL_Driver/Src/stm32f0xx_hal_tim_ex.o
                0x0000000008003558                HAL_TIMEx_BreakCallback
 .text.HAL_UART_Init
                0x0000000008003568       0xa8 Drivers/STM32F0xx_HAL_Driver/Src/stm32f0xx_hal_uart.o
                0x0000000008003568                HAL_UART_Init
 .text.UART_SetConfig
                0x0000000008003610      0x398 Drivers/STM32F0xx_HAL_Driver/Src/stm32f0xx_hal_uart.o
                0x0000000008003610                UART_SetConfig
 .text.UART_AdvFeatureConfig
                0x00000000080039a8      0x168 Drivers/STM32F0xx_HAL_Driver/Src/stm32f0xx_hal_uart.o
                0x00000000080039a8                UART_AdvFeatureConfig
 .text.UART_CheckIdleState
                0x0000000008003b10       0x8c Drivers/STM32F0xx_HAL_Driver/Src/stm32f0xx_hal_uart.o
                0x0000000008003b10                UART_CheckIdleState
 .text.UART_WaitOnFlagUntilTimeout
                0x0000000008003b9c       0xfc Drivers/STM32F0xx_HAL_Driver/Src/stm32f0xx_hal_uart.o
                0x0000000008003b9c                UART_WaitOnFlagUntilTimeout
 .text.osKernelInitialize
                0x0000000008003c98       0x58 Middlewares/Third_Party/FreeRTOS/Source/CMSIS_RTOS_V2/cmsis_os2.o
                0x0000000008003c98                osKernelInitialize
 .text.osKernelStart
                0x0000000008003cf0       0x5c Middlewares/Third_Party/FreeRTOS/Source/CMSIS_RTOS_V2/cmsis_os2.o
                0x0000000008003cf0                osKernelStart
 .text.osThreadNew
                0x0000000008003d4c      0x150 Middlewares/Third_Party/FreeRTOS/Source/CMSIS_RTOS_V2/cmsis_os2.o
                0x0000000008003d4c                osThreadNew
 .text.osDelay  0x0000000008003e9c       0x50 Middlewares/Third_Party/FreeRTOS/Source/CMSIS_RTOS_V2/cmsis_os2.o
                0x0000000008003e9c                osDelay
 .text.vApplicationGetIdleTaskMemory
                0x0000000008003eec       0x30 Middlewares/Third_Party/FreeRTOS/Source/CMSIS_RTOS_V2/cmsis_os2.o
                0x0000000008003eec                vApplicationGetIdleTaskMemory
 .text.vApplicationGetTimerTaskMemory
                0x0000000008003f1c       0x30 Middlewares/Third_Party/FreeRTOS/Source/CMSIS_RTOS_V2/cmsis_os2.o
                0x0000000008003f1c                vApplicationGetTimerTaskMemory
 .text.vListInitialise
                0x0000000008003f4c       0x3c Middlewares/Third_Party/FreeRTOS/Source/list.o
                0x0000000008003f4c                vListInitialise
 .text.vListInitialiseItem
                0x0000000008003f88       0x16 Middlewares/Third_Party/FreeRTOS/Source/list.o
                0x0000000008003f88                vListInitialiseItem
 .text.vListInsertEnd
                0x0000000008003f9e       0x44 Middlewares/Third_Party/FreeRTOS/Source/list.o
                0x0000000008003f9e                vListInsertEnd
 .text.vListInsert
                0x0000000008003fe2       0x6c Middlewares/Third_Party/FreeRTOS/Source/list.o
                0x0000000008003fe2                vListInsert
 .text.uxListRemove
                0x000000000800404e       0x50 Middlewares/Third_Party/FreeRTOS/Source/list.o
                0x000000000800404e                uxListRemove
 .text.xQueueGenericReset
                0x000000000800409e       0xa8 Middlewares/Third_Party/FreeRTOS/Source/queue.o
                0x000000000800409e                xQueueGenericReset
 .text.xQueueGenericCreateStatic
                0x0000000008004146       0x96 Middlewares/Third_Party/FreeRTOS/Source/queue.o
                0x0000000008004146                xQueueGenericCreateStatic
 .text.prvInitialiseNewQueue
                0x00000000080041dc       0x4e Middlewares/Third_Party/FreeRTOS/Source/queue.o
 .text.xQueueGenericSend
                0x000000000800422a      0x188 Middlewares/Third_Party/FreeRTOS/Source/queue.o
                0x000000000800422a                xQueueGenericSend
 .text.xQueueGenericSendFromISR
                0x00000000080043b2       0xe2 Middlewares/Third_Party/FreeRTOS/Source/queue.o
                0x00000000080043b2                xQueueGenericSendFromISR
 .text.xQueueReceive
                0x0000000008004494      0x16a Middlewares/Third_Party/FreeRTOS/Source/queue.o
                0x0000000008004494                xQueueReceive
 .text.prvCopyDataToQueue
                0x00000000080045fe       0xd6 Middlewares/Third_Party/FreeRTOS/Source/queue.o
 .text.prvCopyDataFromQueue
                0x00000000080046d4       0x4c Middlewares/Third_Party/FreeRTOS/Source/queue.o
 .text.prvUnlockQueue
                0x0000000008004720       0xbc Middlewares/Third_Party/FreeRTOS/Source/queue.o
 .text.prvIsQueueEmpty
                0x00000000080047dc       0x2c Middlewares/Third_Party/FreeRTOS/Source/queue.o
 .text.prvIsQueueFull
                0x0000000008004808       0x30 Middlewares/Third_Party/FreeRTOS/Source/queue.o
 .text.vQueueAddToRegistry
                0x0000000008004838       0x50 Middlewares/Third_Party/FreeRTOS/Source/queue.o
                0x0000000008004838                vQueueAddToRegistry
 .text.vQueueWaitForMessageRestricted
                0x0000000008004888       0x66 Middlewares/Third_Party/FreeRTOS/Source/queue.o
                0x0000000008004888                vQueueWaitForMessageRestricted
 .text.xTaskCreateStatic
                0x00000000080048ee       0x86 Middlewares/Third_Party/FreeRTOS/Source/tasks.o
                0x00000000080048ee                xTaskCreateStatic
 .text.xTaskCreate
                0x0000000008004974       0x98 Middlewares/Third_Party/FreeRTOS/Source/tasks.o
                0x0000000008004974                xTaskCreate
 .text.prvInitialiseNewTask
                0x0000000008004a0c      0x104 Middlewares/Third_Party/FreeRTOS/Source/tasks.o
 .text.prvAddNewTaskToReadyList
                0x0000000008004b10       0xd0 Middlewares/Third_Party/FreeRTOS/Source/tasks.o
 .text.vTaskDelay
                0x0000000008004be0       0x4c Middlewares/Third_Party/FreeRTOS/Source/tasks.o
                0x0000000008004be0                vTaskDelay
 .text.vTaskStartScheduler
                0x0000000008004c2c       0xa8 Middlewares/Third_Party/FreeRTOS/Source/tasks.o
                0x0000000008004c2c                vTaskStartScheduler
 .text.vTaskSuspendAll
                0x0000000008004cd4       0x18 Middlewares/Third_Party/FreeRTOS/Source/tasks.o
                0x0000000008004cd4                vTaskSuspendAll
 .text.xTaskResumeAll
                0x0000000008004cec      0x118 Middlewares/Third_Party/FreeRTOS/Source/tasks.o
                0x0000000008004cec                xTaskResumeAll
 .text.xTaskGetTickCount
                0x0000000008004e04       0x1c Middlewares/Third_Party/FreeRTOS/Source/tasks.o
                0x0000000008004e04                xTaskGetTickCount
 .text.xTaskIncrementTick
                0x0000000008004e20      0x168 Middlewares/Third_Party/FreeRTOS/Source/tasks.o
                0x0000000008004e20                xTaskIncrementTick
 .text.vTaskSwitchContext
                0x0000000008004f88       0xa4 Middlewares/Third_Party/FreeRTOS/Source/tasks.o
                0x0000000008004f88                vTaskSwitchContext
 .text.vTaskPlaceOnEventList
                0x000000000800502c       0x3c Middlewares/Third_Party/FreeRTOS/Source/tasks.o
                0x000000000800502c                vTaskPlaceOnEventList
 .text.vTaskPlaceOnEventListRestricted
                0x0000000008005068       0x4c Middlewares/Third_Party/FreeRTOS/Source/tasks.o
                0x0000000008005068                vTaskPlaceOnEventListRestricted
 .text.xTaskRemoveFromEventList
                0x00000000080050b4       0xb8 Middlewares/Third_Party/FreeRTOS/Source/tasks.o
                0x00000000080050b4                xTaskRemoveFromEventList
 .text.vTaskInternalSetTimeOutState
                0x000000000800516c       0x28 Middlewares/Third_Party/FreeRTOS/Source/tasks.o
                0x000000000800516c                vTaskInternalSetTimeOutState
 .text.xTaskCheckForTimeOut
                0x0000000008005194       0xa0 Middlewares/Third_Party/FreeRTOS/Source/tasks.o
                0x0000000008005194                xTaskCheckForTimeOut
 .text.vTaskMissedYield
                0x0000000008005234       0x14 Middlewares/Third_Party/FreeRTOS/Source/tasks.o
                0x0000000008005234                vTaskMissedYield
 .text.prvIdleTask
                0x0000000008005248       0x20 Middlewares/Third_Party/FreeRTOS/Source/tasks.o
 .text.prvInitialiseTaskLists
                0x0000000008005268       0x88 Middlewares/Third_Party/FreeRTOS/Source/tasks.o
 .text.prvCheckTasksWaitingTermination
                0x00000000080052f0       0x5c Middlewares/Third_Party/FreeRTOS/Source/tasks.o
 .text.prvDeleteTCB
                0x000000000800534c       0x50 Middlewares/Third_Party/FreeRTOS/Source/tasks.o
 .text.prvResetNextTaskUnblockTime
                0x000000000800539c       0x48 Middlewares/Third_Party/FreeRTOS/Source/tasks.o
 .text.xTaskGetSchedulerState
                0x00000000080053e4       0x38 Middlewares/Third_Party/FreeRTOS/Source/tasks.o
                0x00000000080053e4                xTaskGetSchedulerState
 .text.xTaskPriorityDisinherit
                0x000000000800541c       0xb8 Middlewares/Third_Party/FreeRTOS/Source/tasks.o
                0x000000000800541c                xTaskPriorityDisinherit
 .text.prvAddCurrentTaskToDelayedList
                0x00000000080054d4       0xa8 Middlewares/Third_Party/FreeRTOS/Source/tasks.o
 .text.xTimerCreateTimerTask
                0x000000000800557c       0x7c Middlewares/Third_Party/FreeRTOS/Source/timers.o
                0x000000000800557c                xTimerCreateTimerTask
 .text.xTimerGenericCommand
                0x00000000080055f8       0x98 Middlewares/Third_Party/FreeRTOS/Source/timers.o
                0x00000000080055f8                xTimerGenericCommand
 .text.prvProcessExpiredTimer
                0x0000000008005690       0x70 Middlewares/Third_Party/FreeRTOS/Source/timers.o
 .text.prvTimerTask
                0x0000000008005700       0x28 Middlewares/Third_Party/FreeRTOS/Source/timers.o
 .text.prvProcessTimerOrBlockTask
                0x0000000008005728       0x8c Middlewares/Third_Party/FreeRTOS/Source/timers.o
 .text.prvGetNextExpireTime
                0x00000000080057b4       0x40 Middlewares/Third_Party/FreeRTOS/Source/timers.o
 .text.prvSampleTimeNow
                0x00000000080057f4       0x40 Middlewares/Third_Party/FreeRTOS/Source/timers.o
 .text.prvInsertTimerInActiveList
                0x0000000008005834       0x84 Middlewares/Third_Party/FreeRTOS/Source/timers.o
 .text.prvProcessReceivedCommands
                0x00000000080058b8      0x134 Middlewares/Third_Party/FreeRTOS/Source/timers.o
 .text.prvSwitchTimerLists
                0x00000000080059ec       0xb4 Middlewares/Third_Party/FreeRTOS/Source/timers.o
 .text.prvCheckForValidListAndQueue
                0x0000000008005aa0       0x88 Middlewares/Third_Party/FreeRTOS/Source/timers.o
 .text.pxPortInitialiseStack
                0x0000000008005b28       0x54 Middlewares/Third_Party/FreeRTOS/Source/portable/GCC/ARM_CM0/port.o
                0x0000000008005b28                pxPortInitialiseStack
 .text.prvTaskExitError
                0x0000000008005b7c       0x2c Middlewares/Third_Party/FreeRTOS/Source/portable/GCC/ARM_CM0/port.o
 .text.SVC_Handler
                0x0000000008005ba8        0xa Middlewares/Third_Party/FreeRTOS/Source/portable/GCC/ARM_CM0/port.o
                0x0000000008005ba8                SVC_Handler
 *fill*         0x0000000008005bb2        0xe 
 .text.vPortStartFirstTask
                0x0000000008005bc0       0x38 Middlewares/Third_Party/FreeRTOS/Source/portable/GCC/ARM_CM0/port.o
 .text.xPortStartScheduler
                0x0000000008005bf8       0x48 Middlewares/Third_Party/FreeRTOS/Source/portable/GCC/ARM_CM0/port.o
                0x0000000008005bf8                xPortStartScheduler
 .text.vPortYield
                0x0000000008005c40       0x20 Middlewares/Third_Party/FreeRTOS/Source/portable/GCC/ARM_CM0/port.o
                0x0000000008005c40                vPortYield
 .text.vPortEnterCritical
                0x0000000008005c60       0x24 Middlewares/Third_Party/FreeRTOS/Source/portable/GCC/ARM_CM0/port.o
                0x0000000008005c60                vPortEnterCritical
 .text.vPortExitCritical
                0x0000000008005c84       0x30 Middlewares/Third_Party/FreeRTOS/Source/portable/GCC/ARM_CM0/port.o
                0x0000000008005c84                vPortExitCritical
 .text.ulSetInterruptMaskFromISR
                0x0000000008005cb4        0xc Middlewares/Third_Party/FreeRTOS/Source/portable/GCC/ARM_CM0/port.o
                0x0000000008005cb4                ulSetInterruptMaskFromISR
 .text.vClearInterruptMaskFromISR
                0x0000000008005cc0        0x8 Middlewares/Third_Party/FreeRTOS/Source/portable/GCC/ARM_CM0/port.o
                0x0000000008005cc0                vClearInterruptMaskFromISR
 *fill*         0x0000000008005cc8        0x8 
 .text.PendSV_Handler
                0x0000000008005cd0       0x48 Middlewares/Third_Party/FreeRTOS/Source/portable/GCC/ARM_CM0/port.o
                0x0000000008005cd0                PendSV_Handler
 .text.SysTick_Handler
                0x0000000008005d18       0x34 Middlewares/Third_Party/FreeRTOS/Source/portable/GCC/ARM_CM0/port.o
                0x0000000008005d18                SysTick_Handler
 .text.prvSetupTimerInterrupt
                0x0000000008005d4c       0x44 Middlewares/Third_Party/FreeRTOS/Source/portable/GCC/ARM_CM0/port.o
 .text.pvPortMalloc
                0x0000000008005d90      0x14c Middlewares/Third_Party/FreeRTOS/Source/portable/MemMang/heap_4.o
                0x0000000008005d90                pvPortMalloc
 .text.vPortFree
                0x0000000008005edc       0x90 Middlewares/Third_Party/FreeRTOS/Source/portable/MemMang/heap_4.o
                0x0000000008005edc                vPortFree
 .text.prvHeapInit
                0x0000000008005f6c       0xc0 Middlewares/Third_Party/FreeRTOS/Source/portable/MemMang/heap_4.o
 .text.prvInsertBlockIntoFreeList
                0x000000000800602c       0xb0 Middlewares/Third_Party/FreeRTOS/Source/portable/MemMang/heap_4.o
 .text.__libc_init_array
                0x00000000080060dc       0x48 c:/st/stm32cubeide_1.3.0/stm32cubeide/plugins/com.st.stm32cube.ide.mcu.externaltools.gnu-tools-for-stm32.7-2018-q2-update.win32_1.0.0.201904181610/tools/bin/../lib/gcc/arm-none-eabi/7.3.1/../../../../arm-none-eabi/lib/thumb/v6-m\libc_nano.a(lib_a-init.o)
                0x00000000080060dc                __libc_init_array
 .text.memcpy   0x0000000008006124       0x12 c:/st/stm32cubeide_1.3.0/stm32cubeide/plugins/com.st.stm32cube.ide.mcu.externaltools.gnu-tools-for-stm32.7-2018-q2-update.win32_1.0.0.201904181610/tools/bin/../lib/gcc/arm-none-eabi/7.3.1/../../../../arm-none-eabi/lib/thumb/v6-m\libc_nano.a(lib_a-memcpy-stub.o)
                0x0000000008006124                memcpy
 .text.memset   0x0000000008006136       0x10 c:/st/stm32cubeide_1.3.0/stm32cubeide/plugins/com.st.stm32cube.ide.mcu.externaltools.gnu-tools-for-stm32.7-2018-q2-update.win32_1.0.0.201904181610/tools/bin/../lib/gcc/arm-none-eabi/7.3.1/../../../../arm-none-eabi/lib/thumb/v6-m\libc_nano.a(lib_a-memset.o)
                0x0000000008006136                memset
 *(.glue_7)
 .glue_7        0x0000000008006146        0x0 linker stubs
 *(.glue_7t)
 .glue_7t       0x0000000008006146        0x0 linker stubs
 *(.eh_frame)
 *fill*         0x0000000008006146        0x2 
 .eh_frame      0x0000000008006148        0x0 c:/st/stm32cubeide_1.3.0/stm32cubeide/plugins/com.st.stm32cube.ide.mcu.externaltools.gnu-tools-for-stm32.7-2018-q2-update.win32_1.0.0.201904181610/tools/bin/../lib/gcc/arm-none-eabi/7.3.1/thumb/v6-m/crtbegin.o
 *(.init)
 .init          0x0000000008006148        0x4 c:/st/stm32cubeide_1.3.0/stm32cubeide/plugins/com.st.stm32cube.ide.mcu.externaltools.gnu-tools-for-stm32.7-2018-q2-update.win32_1.0.0.201904181610/tools/bin/../lib/gcc/arm-none-eabi/7.3.1/thumb/v6-m/crti.o
                0x0000000008006148                _init
 .init          0x000000000800614c        0x8 c:/st/stm32cubeide_1.3.0/stm32cubeide/plugins/com.st.stm32cube.ide.mcu.externaltools.gnu-tools-for-stm32.7-2018-q2-update.win32_1.0.0.201904181610/tools/bin/../lib/gcc/arm-none-eabi/7.3.1/thumb/v6-m/crtn.o
 *(.fini)
 .fini          0x0000000008006154        0x4 c:/st/stm32cubeide_1.3.0/stm32cubeide/plugins/com.st.stm32cube.ide.mcu.externaltools.gnu-tools-for-stm32.7-2018-q2-update.win32_1.0.0.201904181610/tools/bin/../lib/gcc/arm-none-eabi/7.3.1/thumb/v6-m/crti.o
                0x0000000008006154                _fini
 .fini          0x0000000008006158        0x8 c:/st/stm32cubeide_1.3.0/stm32cubeide/plugins/com.st.stm32cube.ide.mcu.externaltools.gnu-tools-for-stm32.7-2018-q2-update.win32_1.0.0.201904181610/tools/bin/../lib/gcc/arm-none-eabi/7.3.1/thumb/v6-m/crtn.o
                0x0000000008006160                . = ALIGN (0x4)
                0x0000000008006160                _etext = .

.vfp11_veneer   0x0000000008006160        0x0
 .vfp11_veneer  0x0000000008006160        0x0 linker stubs

.v4_bx          0x0000000008006160        0x0
 .v4_bx         0x0000000008006160        0x0 linker stubs

.iplt           0x0000000008006160        0x0
 .iplt          0x0000000008006160        0x0 c:/st/stm32cubeide_1.3.0/stm32cubeide/plugins/com.st.stm32cube.ide.mcu.externaltools.gnu-tools-for-stm32.7-2018-q2-update.win32_1.0.0.201904181610/tools/bin/../lib/gcc/arm-none-eabi/7.3.1/thumb/v6-m/crtbegin.o

.rodata         0x0000000008006160       0xdc
                0x0000000008006160                . = ALIGN (0x4)
 *(.rodata)
 .rodata        0x0000000008006160       0x1c Core/Src/main.o
 .rodata        0x000000000800617c       0x20 Drivers/STM32F0xx_HAL_Driver/Src/stm32f0xx_hal_rcc.o
 .rodata        0x000000000800619c        0x5 Middlewares/Third_Party/FreeRTOS/Source/tasks.o
 *fill*         0x00000000080061a1        0x3 
 .rodata        0x00000000080061a4        0xd Middlewares/Third_Party/FreeRTOS/Source/timers.o
 *(.rodata*)
 *fill*         0x00000000080061b1        0x3 
 .rodata.Channel_control_attributes
                0x00000000080061b4       0x24 Core/Src/main.o
                0x00000000080061b4                Channel_control_attributes
 .rodata.CAN_TX_task_attributes
                0x00000000080061d8       0x24 Core/Src/main.o
                0x00000000080061d8                CAN_TX_task_attributes
 .rodata.AHBPrescTable
                0x00000000080061fc       0x10 Core/Src/system_stm32f0xx.o
                0x00000000080061fc                AHBPrescTable
 .rodata.APBPrescTable
                0x000000000800620c        0x8 Core/Src/system_stm32f0xx.o
                0x000000000800620c                APBPrescTable
 .rodata.prvProcessReceivedCommands
                0x0000000008006214       0x28 Middlewares/Third_Party/FreeRTOS/Source/timers.o
                0x000000000800623c                . = ALIGN (0x4)

.rel.dyn        0x000000000800623c        0x0
 .rel.iplt      0x000000000800623c        0x0 c:/st/stm32cubeide_1.3.0/stm32cubeide/plugins/com.st.stm32cube.ide.mcu.externaltools.gnu-tools-for-stm32.7-2018-q2-update.win32_1.0.0.201904181610/tools/bin/../lib/gcc/arm-none-eabi/7.3.1/thumb/v6-m/crtbegin.o

.ARM.extab      0x000000000800623c        0x0
                0x000000000800623c                . = ALIGN (0x4)
 *(.ARM.extab* .gnu.linkonce.armextab.*)
                0x000000000800623c                . = ALIGN (0x4)

.ARM            0x000000000800623c        0x0
                0x000000000800623c                . = ALIGN (0x4)
                0x000000000800623c                __exidx_start = .
 *(.ARM.exidx*)
                0x000000000800623c                __exidx_end = .
                0x000000000800623c                . = ALIGN (0x4)

.preinit_array  0x000000000800623c        0x0
                0x000000000800623c                . = ALIGN (0x4)
                0x000000000800623c                PROVIDE (__preinit_array_start = .)
 *(.preinit_array*)
                0x000000000800623c                PROVIDE (__preinit_array_end = .)
                0x000000000800623c                . = ALIGN (0x4)

.init_array     0x000000000800623c        0x4
                0x000000000800623c                . = ALIGN (0x4)
                0x000000000800623c                PROVIDE (__init_array_start = .)
 *(SORT_BY_NAME(.init_array.*))
 *(.init_array*)
 .init_array    0x000000000800623c        0x4 c:/st/stm32cubeide_1.3.0/stm32cubeide/plugins/com.st.stm32cube.ide.mcu.externaltools.gnu-tools-for-stm32.7-2018-q2-update.win32_1.0.0.201904181610/tools/bin/../lib/gcc/arm-none-eabi/7.3.1/thumb/v6-m/crtbegin.o
                0x0000000008006240                PROVIDE (__init_array_end = .)
                0x0000000008006240                . = ALIGN (0x4)

.fini_array     0x0000000008006240        0x4
                0x0000000008006240                . = ALIGN (0x4)
                [!provide]                        PROVIDE (__fini_array_start = .)
 *(SORT_BY_NAME(.fini_array.*))
 *(.fini_array*)
 .fini_array    0x0000000008006240        0x4 c:/st/stm32cubeide_1.3.0/stm32cubeide/plugins/com.st.stm32cube.ide.mcu.externaltools.gnu-tools-for-stm32.7-2018-q2-update.win32_1.0.0.201904181610/tools/bin/../lib/gcc/arm-none-eabi/7.3.1/thumb/v6-m/crtbegin.o
                [!provide]                        PROVIDE (__fini_array_end = .)
                0x0000000008006244                . = ALIGN (0x4)
                0x0000000008006244                _sidata = LOADADDR (.data)

.data           0x0000000020000000       0x30 load address 0x0000000008006244
                0x0000000020000000                . = ALIGN (0x4)
                0x0000000020000000                _sdata = .
 *(.data)
 *(.data*)
 .data.channel_zero_max_setpoint
                0x0000000020000000        0x2 Core/Src/GO4_PDM_2020.o
 .data.channel_one_max_setpoint
                0x0000000020000002        0x2 Core/Src/GO4_PDM_2020.o
 .data.channel_four_max_setpoint
                0x0000000020000004        0x2 Core/Src/GO4_PDM_2020.o
 *fill*         0x0000000020000006        0x2 
 .data.channel_data_states
                0x0000000020000008        0x3 Core/Src/GO4_PDM_2020.o
 *fill*         0x000000002000000b        0x1 
 .data.channel_setpoints
                0x000000002000000c        0xc Core/Src/GO4_PDM_2020.o
 .data.num_restart_attempts
                0x0000000020000018        0x3 Core/Src/GO4_PDM_2020.o
 *fill*         0x000000002000001b        0x1 
 .data.gpio_control_pins
                0x000000002000001c        0x6 Core/Src/GO4_PDM_2020.o
 *fill*         0x0000000020000022        0x2 
 .data.SystemCoreClock
                0x0000000020000024        0x4 Core/Src/system_stm32f0xx.o
                0x0000000020000024                SystemCoreClock
 .data.uwTickFreq
                0x0000000020000028        0x1 Drivers/STM32F0xx_HAL_Driver/Src/stm32f0xx_hal.o
                0x0000000020000028                uwTickFreq
 *fill*         0x0000000020000029        0x3 
 .data.uxCriticalNesting
                0x000000002000002c        0x4 Middlewares/Third_Party/FreeRTOS/Source/portable/GCC/ARM_CM0/port.o
                0x0000000020000030                . = ALIGN (0x4)
                0x0000000020000030                _edata = .

.igot.plt       0x0000000020000030        0x0 load address 0x0000000008006274
 .igot.plt      0x0000000020000030        0x0 c:/st/stm32cubeide_1.3.0/stm32cubeide/plugins/com.st.stm32cube.ide.mcu.externaltools.gnu-tools-for-stm32.7-2018-q2-update.win32_1.0.0.201904181610/tools/bin/../lib/gcc/arm-none-eabi/7.3.1/thumb/v6-m/crtbegin.o
                0x0000000020000030                . = ALIGN (0x4)

.bss            0x0000000020000030     0x1b70 load address 0x0000000008006274
                0x0000000020000030                _sbss = .
                0x0000000020000030                __bss_start__ = _sbss
 *(.bss)
 .bss           0x0000000020000030       0x1c c:/st/stm32cubeide_1.3.0/stm32cubeide/plugins/com.st.stm32cube.ide.mcu.externaltools.gnu-tools-for-stm32.7-2018-q2-update.win32_1.0.0.201904181610/tools/bin/../lib/gcc/arm-none-eabi/7.3.1/thumb/v6-m/crtbegin.o
 *(.bss*)
 .bss.last_adc_interrupt_delta
                0x000000002000004c        0x4 Core/Src/GO4_PDM_2020.o
 .bss.this_adc_interrupt_delta
                0x0000000020000050        0x4 Core/Src/GO4_PDM_2020.o
 .bss.current_buffer
                0x0000000020000054        0x6 Core/Src/GO4_PDM_2020.o
 *fill*         0x000000002000005a        0x2 
 .bss.channel_states
                0x000000002000005c        0x3 Core/Src/GO4_PDM_2020.o
 *fill*         0x000000002000005f        0x1 
 .bss.restart_timeout_ref
                0x0000000020000060        0x6 Core/Src/GO4_PDM_2020.o
 *fill*         0x0000000020000066        0x2 
 .bss.KernelState
                0x0000000020000068        0x4 Middlewares/Third_Party/FreeRTOS/Source/CMSIS_RTOS_V2/cmsis_os2.o
 .bss.Idle_TCB  0x000000002000006c       0x5c Middlewares/Third_Party/FreeRTOS/Source/CMSIS_RTOS_V2/cmsis_os2.o
 .bss.Idle_Stack
                0x00000000200000c8      0x200 Middlewares/Third_Party/FreeRTOS/Source/CMSIS_RTOS_V2/cmsis_os2.o
 .bss.Timer_TCB
                0x00000000200002c8       0x5c Middlewares/Third_Party/FreeRTOS/Source/CMSIS_RTOS_V2/cmsis_os2.o
 .bss.Timer_Stack
                0x0000000020000324      0x400 Middlewares/Third_Party/FreeRTOS/Source/CMSIS_RTOS_V2/cmsis_os2.o
 .bss.pxCurrentTCB
                0x0000000020000724        0x4 Middlewares/Third_Party/FreeRTOS/Source/tasks.o
                0x0000000020000724                pxCurrentTCB
 .bss.pxReadyTasksLists
                0x0000000020000728      0x460 Middlewares/Third_Party/FreeRTOS/Source/tasks.o
 .bss.xDelayedTaskList1
                0x0000000020000b88       0x14 Middlewares/Third_Party/FreeRTOS/Source/tasks.o
 .bss.xDelayedTaskList2
                0x0000000020000b9c       0x14 Middlewares/Third_Party/FreeRTOS/Source/tasks.o
 .bss.pxDelayedTaskList
                0x0000000020000bb0        0x4 Middlewares/Third_Party/FreeRTOS/Source/tasks.o
 .bss.pxOverflowDelayedTaskList
                0x0000000020000bb4        0x4 Middlewares/Third_Party/FreeRTOS/Source/tasks.o
 .bss.xPendingReadyList
                0x0000000020000bb8       0x14 Middlewares/Third_Party/FreeRTOS/Source/tasks.o
 .bss.xTasksWaitingTermination
                0x0000000020000bcc       0x14 Middlewares/Third_Party/FreeRTOS/Source/tasks.o
 .bss.uxDeletedTasksWaitingCleanUp
                0x0000000020000be0        0x4 Middlewares/Third_Party/FreeRTOS/Source/tasks.o
 .bss.xSuspendedTaskList
                0x0000000020000be4       0x14 Middlewares/Third_Party/FreeRTOS/Source/tasks.o
 .bss.uxCurrentNumberOfTasks
                0x0000000020000bf8        0x4 Middlewares/Third_Party/FreeRTOS/Source/tasks.o
 .bss.xTickCount
                0x0000000020000bfc        0x4 Middlewares/Third_Party/FreeRTOS/Source/tasks.o
 .bss.uxTopReadyPriority
                0x0000000020000c00        0x4 Middlewares/Third_Party/FreeRTOS/Source/tasks.o
 .bss.xSchedulerRunning
                0x0000000020000c04        0x4 Middlewares/Third_Party/FreeRTOS/Source/tasks.o
 .bss.uxPendedTicks
                0x0000000020000c08        0x4 Middlewares/Third_Party/FreeRTOS/Source/tasks.o
 .bss.xYieldPending
                0x0000000020000c0c        0x4 Middlewares/Third_Party/FreeRTOS/Source/tasks.o
 .bss.xNumOfOverflows
                0x0000000020000c10        0x4 Middlewares/Third_Party/FreeRTOS/Source/tasks.o
 .bss.uxTaskNumber
                0x0000000020000c14        0x4 Middlewares/Third_Party/FreeRTOS/Source/tasks.o
 .bss.xNextTaskUnblockTime
                0x0000000020000c18        0x4 Middlewares/Third_Party/FreeRTOS/Source/tasks.o
 .bss.xIdleTaskHandle
                0x0000000020000c1c        0x4 Middlewares/Third_Party/FreeRTOS/Source/tasks.o
 .bss.uxSchedulerSuspended
                0x0000000020000c20        0x4 Middlewares/Third_Party/FreeRTOS/Source/tasks.o
 .bss.xActiveTimerList1
                0x0000000020000c24       0x14 Middlewares/Third_Party/FreeRTOS/Source/timers.o
 .bss.xActiveTimerList2
                0x0000000020000c38       0x14 Middlewares/Third_Party/FreeRTOS/Source/timers.o
 .bss.pxCurrentTimerList
                0x0000000020000c4c        0x4 Middlewares/Third_Party/FreeRTOS/Source/timers.o
 .bss.pxOverflowTimerList
                0x0000000020000c50        0x4 Middlewares/Third_Party/FreeRTOS/Source/timers.o
 .bss.xTimerQueue
                0x0000000020000c54        0x4 Middlewares/Third_Party/FreeRTOS/Source/timers.o
 .bss.xTimerTaskHandle
                0x0000000020000c58        0x4 Middlewares/Third_Party/FreeRTOS/Source/timers.o
 .bss.xLastTime.5439
                0x0000000020000c5c        0x4 Middlewares/Third_Party/FreeRTOS/Source/timers.o
 .bss.ucStaticTimerQueueStorage.5490
                0x0000000020000c60       0xa0 Middlewares/Third_Party/FreeRTOS/Source/timers.o
 .bss.xStaticTimerQueue.5489
                0x0000000020000d00       0x50 Middlewares/Third_Party/FreeRTOS/Source/timers.o
 .bss.ucHeap    0x0000000020000d50      0xc00 Middlewares/Third_Party/FreeRTOS/Source/portable/MemMang/heap_4.o
 .bss.xStart    0x0000000020001950        0x8 Middlewares/Third_Party/FreeRTOS/Source/portable/MemMang/heap_4.o
 .bss.pxEnd     0x0000000020001958        0x4 Middlewares/Third_Party/FreeRTOS/Source/portable/MemMang/heap_4.o
 .bss.xFreeBytesRemaining
                0x000000002000195c        0x4 Middlewares/Third_Party/FreeRTOS/Source/portable/MemMang/heap_4.o
 .bss.xMinimumEverFreeBytesRemaining
                0x0000000020001960        0x4 Middlewares/Third_Party/FreeRTOS/Source/portable/MemMang/heap_4.o
 .bss.xBlockAllocatedBit
                0x0000000020001964        0x4 Middlewares/Third_Party/FreeRTOS/Source/portable/MemMang/heap_4.o
 *(COMMON)
 COMMON         0x0000000020001968      0x1b4 Core/Src/main.o
                0x0000000020001968                htim17
                0x00000000200019a8                hcan
                0x00000000200019d0                Channel_controlHandle
                0x00000000200019d4                CAN_TX_taskHandle
                0x00000000200019d8                huart2
                0x0000000020001a58                hdma_adc
                0x0000000020001a9c                hadc
                0x0000000020001adc                htim16
 COMMON         0x0000000020001b1c       0x40 Core/Src/stm32f0xx_hal_timebase_tim.o
                0x0000000020001b1c                htim14
 COMMON         0x0000000020001b5c        0x4 Drivers/STM32F0xx_HAL_Driver/Src/stm32f0xx_hal.o
                0x0000000020001b5c                uwTick
 COMMON         0x0000000020001b60       0x40 Middlewares/Third_Party/FreeRTOS/Source/queue.o
                0x0000000020001b60                xQueueRegistry
                0x0000000020001ba0                . = ALIGN (0x4)
                0x0000000020001ba0                _ebss = .
                0x0000000020001ba0                __bss_end__ = _ebss

._user_heap_stack
                0x0000000020001ba0      0x600 load address 0x0000000008006274
                0x0000000020001ba0                . = ALIGN (0x8)
                0x0000000020001ba0                PROVIDE (end = .)
                [!provide]                        PROVIDE (_end = .)
                0x0000000020001da0                . = (. + _Min_Heap_Size)
 *fill*         0x0000000020001ba0      0x200 
                0x00000000200021a0                . = (. + _Min_Stack_Size)
 *fill*         0x0000000020001da0      0x400 
                0x00000000200021a0                . = ALIGN (0x8)

/DISCARD/
 libc.a(*)
 libm.a(*)
 libgcc.a(*)

.ARM.attributes
                0x0000000000000000       0x28
 *(.ARM.attributes)
 .ARM.attributes
                0x0000000000000000       0x1e c:/st/stm32cubeide_1.3.0/stm32cubeide/plugins/com.st.stm32cube.ide.mcu.externaltools.gnu-tools-for-stm32.7-2018-q2-update.win32_1.0.0.201904181610/tools/bin/../lib/gcc/arm-none-eabi/7.3.1/thumb/v6-m/crti.o
 .ARM.attributes
                0x000000000000001e       0x2c c:/st/stm32cubeide_1.3.0/stm32cubeide/plugins/com.st.stm32cube.ide.mcu.externaltools.gnu-tools-for-stm32.7-2018-q2-update.win32_1.0.0.201904181610/tools/bin/../lib/gcc/arm-none-eabi/7.3.1/thumb/v6-m/crtbegin.o
 .ARM.attributes
                0x000000000000004a       0x31 Core/Src/GO4_PDM_2020.o
 .ARM.attributes
                0x000000000000007b       0x31 Core/Src/main.o
 .ARM.attributes
                0x00000000000000ac       0x31 Core/Src/stm32f0xx_hal_msp.o
 .ARM.attributes
                0x00000000000000dd       0x31 Core/Src/stm32f0xx_hal_timebase_tim.o
 .ARM.attributes
                0x000000000000010e       0x31 Core/Src/stm32f0xx_it.o
 .ARM.attributes
                0x000000000000013f       0x31 Core/Src/system_stm32f0xx.o
 .ARM.attributes
                0x0000000000000170       0x21 Core/Startup/startup_stm32f072rbtx.o
 .ARM.attributes
                0x0000000000000191       0x31 Drivers/STM32F0xx_HAL_Driver/Src/stm32f0xx_hal.o
 .ARM.attributes
                0x00000000000001c2       0x31 Drivers/STM32F0xx_HAL_Driver/Src/stm32f0xx_hal_adc.o
 .ARM.attributes
                0x00000000000001f3       0x31 Drivers/STM32F0xx_HAL_Driver/Src/stm32f0xx_hal_adc_ex.o
 .ARM.attributes
                0x0000000000000224       0x31 Drivers/STM32F0xx_HAL_Driver/Src/stm32f0xx_hal_can.o
 .ARM.attributes
                0x0000000000000255       0x31 Drivers/STM32F0xx_HAL_Driver/Src/stm32f0xx_hal_cortex.o
 .ARM.attributes
                0x0000000000000286       0x31 Drivers/STM32F0xx_HAL_Driver/Src/stm32f0xx_hal_dma.o
 .ARM.attributes
                0x00000000000002b7       0x31 Drivers/STM32F0xx_HAL_Driver/Src/stm32f0xx_hal_gpio.o
 .ARM.attributes
                0x00000000000002e8       0x31 Drivers/STM32F0xx_HAL_Driver/Src/stm32f0xx_hal_rcc.o
 .ARM.attributes
                0x0000000000000319       0x31 Drivers/STM32F0xx_HAL_Driver/Src/stm32f0xx_hal_rcc_ex.o
 .ARM.attributes
                0x000000000000034a       0x31 Drivers/STM32F0xx_HAL_Driver/Src/stm32f0xx_hal_tim.o
 .ARM.attributes
                0x000000000000037b       0x31 Drivers/STM32F0xx_HAL_Driver/Src/stm32f0xx_hal_tim_ex.o
 .ARM.attributes
                0x00000000000003ac       0x31 Drivers/STM32F0xx_HAL_Driver/Src/stm32f0xx_hal_uart.o
 .ARM.attributes
                0x00000000000003dd       0x31 Middlewares/Third_Party/FreeRTOS/Source/CMSIS_RTOS_V2/cmsis_os2.o
 .ARM.attributes
                0x000000000000040e       0x31 Middlewares/Third_Party/FreeRTOS/Source/list.o
 .ARM.attributes
                0x000000000000043f       0x31 Middlewares/Third_Party/FreeRTOS/Source/queue.o
 .ARM.attributes
                0x0000000000000470       0x31 Middlewares/Third_Party/FreeRTOS/Source/tasks.o
 .ARM.attributes
                0x00000000000004a1       0x31 Middlewares/Third_Party/FreeRTOS/Source/timers.o
 .ARM.attributes
                0x00000000000004d2       0x31 Middlewares/Third_Party/FreeRTOS/Source/portable/GCC/ARM_CM0/port.o
 .ARM.attributes
                0x0000000000000503       0x31 Middlewares/Third_Party/FreeRTOS/Source/portable/MemMang/heap_4.o
 .ARM.attributes
                0x0000000000000534       0x2c c:/st/stm32cubeide_1.3.0/stm32cubeide/plugins/com.st.stm32cube.ide.mcu.externaltools.gnu-tools-for-stm32.7-2018-q2-update.win32_1.0.0.201904181610/tools/bin/../lib/gcc/arm-none-eabi/7.3.1/../../../../arm-none-eabi/lib/thumb/v6-m\libc_nano.a(lib_a-init.o)
 .ARM.attributes
                0x0000000000000560       0x2c c:/st/stm32cubeide_1.3.0/stm32cubeide/plugins/com.st.stm32cube.ide.mcu.externaltools.gnu-tools-for-stm32.7-2018-q2-update.win32_1.0.0.201904181610/tools/bin/../lib/gcc/arm-none-eabi/7.3.1/../../../../arm-none-eabi/lib/thumb/v6-m\libc_nano.a(lib_a-memcpy-stub.o)
 .ARM.attributes
                0x000000000000058c       0x2c c:/st/stm32cubeide_1.3.0/stm32cubeide/plugins/com.st.stm32cube.ide.mcu.externaltools.gnu-tools-for-stm32.7-2018-q2-update.win32_1.0.0.201904181610/tools/bin/../lib/gcc/arm-none-eabi/7.3.1/../../../../arm-none-eabi/lib/thumb/v6-m\libc_nano.a(lib_a-memset.o)
 .ARM.attributes
                0x00000000000005b8       0x1e c:/st/stm32cubeide_1.3.0/stm32cubeide/plugins/com.st.stm32cube.ide.mcu.externaltools.gnu-tools-for-stm32.7-2018-q2-update.win32_1.0.0.201904181610/tools/bin/../lib/gcc/arm-none-eabi/7.3.1/thumb/v6-m\libgcc.a(_udivsi3.o)
 .ARM.attributes
                0x00000000000005d6       0x1e c:/st/stm32cubeide_1.3.0/stm32cubeide/plugins/com.st.stm32cube.ide.mcu.externaltools.gnu-tools-for-stm32.7-2018-q2-update.win32_1.0.0.201904181610/tools/bin/../lib/gcc/arm-none-eabi/7.3.1/thumb/v6-m\libgcc.a(_dvmd_tls.o)
 .ARM.attributes
                0x00000000000005f4       0x1e c:/st/stm32cubeide_1.3.0/stm32cubeide/plugins/com.st.stm32cube.ide.mcu.externaltools.gnu-tools-for-stm32.7-2018-q2-update.win32_1.0.0.201904181610/tools/bin/../lib/gcc/arm-none-eabi/7.3.1/thumb/v6-m/crtn.o
OUTPUT(ADCTest.elf elf32-littlearm)

.debug_info     0x0000000000000000    0x18747
 .debug_info    0x0000000000000000      0xebc Core/Src/GO4_PDM_2020.o
 .debug_info    0x0000000000000ebc     0x17b0 Core/Src/main.o
 .debug_info    0x000000000000266c     0x139d Core/Src/stm32f0xx_hal_msp.o
 .debug_info    0x0000000000003a09      0x8a6 Core/Src/stm32f0xx_hal_timebase_tim.o
 .debug_info    0x00000000000042af      0x630 Core/Src/stm32f0xx_it.o
 .debug_info    0x00000000000048df      0x29e Core/Src/system_stm32f0xx.o
 .debug_info    0x0000000000004b7d       0x22 Core/Startup/startup_stm32f072rbtx.o
 .debug_info    0x0000000000004b9f      0x6c0 Drivers/STM32F0xx_HAL_Driver/Src/stm32f0xx_hal.o
 .debug_info    0x000000000000525f      0xca9 Drivers/STM32F0xx_HAL_Driver/Src/stm32f0xx_hal_adc.o
 .debug_info    0x0000000000005f08      0x604 Drivers/STM32F0xx_HAL_Driver/Src/stm32f0xx_hal_adc_ex.o
 .debug_info    0x000000000000650c      0xf1e Drivers/STM32F0xx_HAL_Driver/Src/stm32f0xx_hal_can.o
 .debug_info    0x000000000000742a      0x78c Drivers/STM32F0xx_HAL_Driver/Src/stm32f0xx_hal_cortex.o
 .debug_info    0x0000000000007bb6      0x7a9 Drivers/STM32F0xx_HAL_Driver/Src/stm32f0xx_hal_dma.o
 .debug_info    0x000000000000835f      0x67a Drivers/STM32F0xx_HAL_Driver/Src/stm32f0xx_hal_gpio.o
 .debug_info    0x00000000000089d9      0x82d Drivers/STM32F0xx_HAL_Driver/Src/stm32f0xx_hal_rcc.o
 .debug_info    0x0000000000009206      0x677 Drivers/STM32F0xx_HAL_Driver/Src/stm32f0xx_hal_rcc_ex.o
 .debug_info    0x000000000000987d     0x252c Drivers/STM32F0xx_HAL_Driver/Src/stm32f0xx_hal_tim.o
 .debug_info    0x000000000000bda9     0x10f0 Drivers/STM32F0xx_HAL_Driver/Src/stm32f0xx_hal_tim_ex.o
 .debug_info    0x000000000000ce99     0x1577 Drivers/STM32F0xx_HAL_Driver/Src/stm32f0xx_hal_uart.o
 .debug_info    0x000000000000e410     0x3703 Middlewares/Third_Party/FreeRTOS/Source/CMSIS_RTOS_V2/cmsis_os2.o
 .debug_info    0x0000000000011b13      0xac5 Middlewares/Third_Party/FreeRTOS/Source/list.o
 .debug_info    0x00000000000125d8     0x1acb Middlewares/Third_Party/FreeRTOS/Source/queue.o
 .debug_info    0x00000000000140a3     0x219e Middlewares/Third_Party/FreeRTOS/Source/tasks.o
 .debug_info    0x0000000000016241     0x1782 Middlewares/Third_Party/FreeRTOS/Source/timers.o
 .debug_info    0x00000000000179c3      0x26b Middlewares/Third_Party/FreeRTOS/Source/portable/GCC/ARM_CM0/port.o
 .debug_info    0x0000000000017c2e      0xb19 Middlewares/Third_Party/FreeRTOS/Source/portable/MemMang/heap_4.o

.debug_abbrev   0x0000000000000000     0x3375
 .debug_abbrev  0x0000000000000000      0x1d0 Core/Src/GO4_PDM_2020.o
 .debug_abbrev  0x00000000000001d0      0x274 Core/Src/main.o
 .debug_abbrev  0x0000000000000444      0x23d Core/Src/stm32f0xx_hal_msp.o
 .debug_abbrev  0x0000000000000681      0x19d Core/Src/stm32f0xx_hal_timebase_tim.o
 .debug_abbrev  0x000000000000081e      0x15a Core/Src/stm32f0xx_it.o
 .debug_abbrev  0x0000000000000978      0x12b Core/Src/system_stm32f0xx.o
 .debug_abbrev  0x0000000000000aa3       0x12 Core/Startup/startup_stm32f072rbtx.o
 .debug_abbrev  0x0000000000000ab5      0x1c7 Drivers/STM32F0xx_HAL_Driver/Src/stm32f0xx_hal.o
 .debug_abbrev  0x0000000000000c7c      0x207 Drivers/STM32F0xx_HAL_Driver/Src/stm32f0xx_hal_adc.o
 .debug_abbrev  0x0000000000000e83      0x16b Drivers/STM32F0xx_HAL_Driver/Src/stm32f0xx_hal_adc_ex.o
 .debug_abbrev  0x0000000000000fee      0x1b7 Drivers/STM32F0xx_HAL_Driver/Src/stm32f0xx_hal_can.o
 .debug_abbrev  0x00000000000011a5      0x273 Drivers/STM32F0xx_HAL_Driver/Src/stm32f0xx_hal_cortex.o
 .debug_abbrev  0x0000000000001418      0x216 Drivers/STM32F0xx_HAL_Driver/Src/stm32f0xx_hal_dma.o
 .debug_abbrev  0x000000000000162e      0x1c0 Drivers/STM32F0xx_HAL_Driver/Src/stm32f0xx_hal_gpio.o
 .debug_abbrev  0x00000000000017ee      0x20f Drivers/STM32F0xx_HAL_Driver/Src/stm32f0xx_hal_rcc.o
 .debug_abbrev  0x00000000000019fd      0x1a7 Drivers/STM32F0xx_HAL_Driver/Src/stm32f0xx_hal_rcc_ex.o
 .debug_abbrev  0x0000000000001ba4      0x230 Drivers/STM32F0xx_HAL_Driver/Src/stm32f0xx_hal_tim.o
 .debug_abbrev  0x0000000000001dd4      0x21e Drivers/STM32F0xx_HAL_Driver/Src/stm32f0xx_hal_tim_ex.o
 .debug_abbrev  0x0000000000001ff2      0x205 Drivers/STM32F0xx_HAL_Driver/Src/stm32f0xx_hal_uart.o
 .debug_abbrev  0x00000000000021f7      0x366 Middlewares/Third_Party/FreeRTOS/Source/CMSIS_RTOS_V2/cmsis_os2.o
 .debug_abbrev  0x000000000000255d      0x1cf Middlewares/Third_Party/FreeRTOS/Source/list.o
 .debug_abbrev  0x000000000000272c      0x2c4 Middlewares/Third_Party/FreeRTOS/Source/queue.o
 .debug_abbrev  0x00000000000029f0      0x303 Middlewares/Third_Party/FreeRTOS/Source/tasks.o
 .debug_abbrev  0x0000000000002cf3      0x2a1 Middlewares/Third_Party/FreeRTOS/Source/timers.o
 .debug_abbrev  0x0000000000002f94      0x1a4 Middlewares/Third_Party/FreeRTOS/Source/portable/GCC/ARM_CM0/port.o
 .debug_abbrev  0x0000000000003138      0x23d Middlewares/Third_Party/FreeRTOS/Source/portable/MemMang/heap_4.o

.debug_aranges  0x0000000000000000     0x1610
 .debug_aranges
                0x0000000000000000       0x38 Core/Src/GO4_PDM_2020.o
 .debug_aranges
                0x0000000000000038       0x80 Core/Src/main.o
 .debug_aranges
                0x00000000000000b8       0x60 Core/Src/stm32f0xx_hal_msp.o
 .debug_aranges
                0x0000000000000118       0x30 Core/Src/stm32f0xx_hal_timebase_tim.o
 .debug_aranges
                0x0000000000000148       0x38 Core/Src/stm32f0xx_it.o
 .debug_aranges
                0x0000000000000180       0x28 Core/Src/system_stm32f0xx.o
 .debug_aranges
                0x00000000000001a8       0x28 Core/Startup/startup_stm32f072rbtx.o
 .debug_aranges
                0x00000000000001d0       0xd0 Drivers/STM32F0xx_HAL_Driver/Src/stm32f0xx_hal.o
 .debug_aranges
                0x00000000000002a0       0xf8 Drivers/STM32F0xx_HAL_Driver/Src/stm32f0xx_hal_adc.o
 .debug_aranges
                0x0000000000000398       0x20 Drivers/STM32F0xx_HAL_Driver/Src/stm32f0xx_hal_adc_ex.o
 .debug_aranges
                0x00000000000003b8      0x138 Drivers/STM32F0xx_HAL_Driver/Src/stm32f0xx_hal_can.o
 .debug_aranges
                0x00000000000004f0       0xc0 Drivers/STM32F0xx_HAL_Driver/Src/stm32f0xx_hal_cortex.o
 .debug_aranges
                0x00000000000005b0       0x88 Drivers/STM32F0xx_HAL_Driver/Src/stm32f0xx_hal_dma.o
 .debug_aranges
                0x0000000000000638       0x58 Drivers/STM32F0xx_HAL_Driver/Src/stm32f0xx_hal_gpio.o
 .debug_aranges
                0x0000000000000690       0x80 Drivers/STM32F0xx_HAL_Driver/Src/stm32f0xx_hal_rcc.o
 .debug_aranges
                0x0000000000000710       0x78 Drivers/STM32F0xx_HAL_Driver/Src/stm32f0xx_hal_rcc_ex.o
 .debug_aranges
                0x0000000000000788      0x3b8 Drivers/STM32F0xx_HAL_Driver/Src/stm32f0xx_hal_tim.o
 .debug_aranges
                0x0000000000000b40      0x150 Drivers/STM32F0xx_HAL_Driver/Src/stm32f0xx_hal_tim_ex.o
 .debug_aranges
                0x0000000000000c90      0x210 Drivers/STM32F0xx_HAL_Driver/Src/stm32f0xx_hal_uart.o
 .debug_aranges
                0x0000000000000ea0      0x228 Middlewares/Third_Party/FreeRTOS/Source/CMSIS_RTOS_V2/cmsis_os2.o
 .debug_aranges
                0x00000000000010c8       0x40 Middlewares/Third_Party/FreeRTOS/Source/list.o
 .debug_aranges
                0x0000000000001108      0x158 Middlewares/Third_Party/FreeRTOS/Source/queue.o
 .debug_aranges
                0x0000000000001260      0x1f8 Middlewares/Third_Party/FreeRTOS/Source/tasks.o
 .debug_aranges
                0x0000000000001458       0xe0 Middlewares/Third_Party/FreeRTOS/Source/timers.o
 .debug_aranges
                0x0000000000001538       0x88 Middlewares/Third_Party/FreeRTOS/Source/portable/GCC/ARM_CM0/port.o
 .debug_aranges
                0x00000000000015c0       0x50 Middlewares/Third_Party/FreeRTOS/Source/portable/MemMang/heap_4.o

.debug_ranges   0x0000000000000000     0x1478
 .debug_ranges  0x0000000000000000       0x28 Core/Src/GO4_PDM_2020.o
 .debug_ranges  0x0000000000000028       0x70 Core/Src/main.o
 .debug_ranges  0x0000000000000098       0x50 Core/Src/stm32f0xx_hal_msp.o
 .debug_ranges  0x00000000000000e8       0x20 Core/Src/stm32f0xx_hal_timebase_tim.o
 .debug_ranges  0x0000000000000108       0x28 Core/Src/stm32f0xx_it.o
 .debug_ranges  0x0000000000000130       0x18 Core/Src/system_stm32f0xx.o
 .debug_ranges  0x0000000000000148       0x20 Core/Startup/startup_stm32f072rbtx.o
 .debug_ranges  0x0000000000000168       0xc0 Drivers/STM32F0xx_HAL_Driver/Src/stm32f0xx_hal.o
 .debug_ranges  0x0000000000000228       0xe8 Drivers/STM32F0xx_HAL_Driver/Src/stm32f0xx_hal_adc.o
 .debug_ranges  0x0000000000000310       0x10 Drivers/STM32F0xx_HAL_Driver/Src/stm32f0xx_hal_adc_ex.o
 .debug_ranges  0x0000000000000320      0x128 Drivers/STM32F0xx_HAL_Driver/Src/stm32f0xx_hal_can.o
 .debug_ranges  0x0000000000000448       0xb0 Drivers/STM32F0xx_HAL_Driver/Src/stm32f0xx_hal_cortex.o
 .debug_ranges  0x00000000000004f8       0x78 Drivers/STM32F0xx_HAL_Driver/Src/stm32f0xx_hal_dma.o
 .debug_ranges  0x0000000000000570       0x48 Drivers/STM32F0xx_HAL_Driver/Src/stm32f0xx_hal_gpio.o
 .debug_ranges  0x00000000000005b8       0x70 Drivers/STM32F0xx_HAL_Driver/Src/stm32f0xx_hal_rcc.o
 .debug_ranges  0x0000000000000628       0x68 Drivers/STM32F0xx_HAL_Driver/Src/stm32f0xx_hal_rcc_ex.o
 .debug_ranges  0x0000000000000690      0x3a8 Drivers/STM32F0xx_HAL_Driver/Src/stm32f0xx_hal_tim.o
 .debug_ranges  0x0000000000000a38      0x140 Drivers/STM32F0xx_HAL_Driver/Src/stm32f0xx_hal_tim_ex.o
 .debug_ranges  0x0000000000000b78      0x200 Drivers/STM32F0xx_HAL_Driver/Src/stm32f0xx_hal_uart.o
 .debug_ranges  0x0000000000000d78      0x218 Middlewares/Third_Party/FreeRTOS/Source/CMSIS_RTOS_V2/cmsis_os2.o
 .debug_ranges  0x0000000000000f90       0x30 Middlewares/Third_Party/FreeRTOS/Source/list.o
 .debug_ranges  0x0000000000000fc0      0x148 Middlewares/Third_Party/FreeRTOS/Source/queue.o
 .debug_ranges  0x0000000000001108      0x1e8 Middlewares/Third_Party/FreeRTOS/Source/tasks.o
 .debug_ranges  0x00000000000012f0       0xd0 Middlewares/Third_Party/FreeRTOS/Source/timers.o
 .debug_ranges  0x00000000000013c0       0x78 Middlewares/Third_Party/FreeRTOS/Source/portable/GCC/ARM_CM0/port.o
 .debug_ranges  0x0000000000001438       0x40 Middlewares/Third_Party/FreeRTOS/Source/portable/MemMang/heap_4.o

.debug_macro    0x0000000000000000    0x18833
 .debug_macro   0x0000000000000000      0x275 Core/Src/GO4_PDM_2020.o
 .debug_macro   0x0000000000000275      0xa48 Core/Src/GO4_PDM_2020.o
 .debug_macro   0x0000000000000cbd      0x13f Core/Src/GO4_PDM_2020.o
 .debug_macro   0x0000000000000dfc       0x2e Core/Src/GO4_PDM_2020.o
 .debug_macro   0x0000000000000e2a       0x22 Core/Src/GO4_PDM_2020.o
 .debug_macro   0x0000000000000e4c       0x22 Core/Src/GO4_PDM_2020.o
 .debug_macro   0x0000000000000e6e       0x8e Core/Src/GO4_PDM_2020.o
 .debug_macro   0x0000000000000efc       0x51 Core/Src/GO4_PDM_2020.o
 .debug_macro   0x0000000000000f4d       0xef Core/Src/GO4_PDM_2020.o
 .debug_macro   0x000000000000103c       0x6a Core/Src/GO4_PDM_2020.o
 .debug_macro   0x00000000000010a6      0x1df Core/Src/GO4_PDM_2020.o
 .debug_macro   0x0000000000001285       0x1c Core/Src/GO4_PDM_2020.o
 .debug_macro   0x00000000000012a1       0x22 Core/Src/GO4_PDM_2020.o
 .debug_macro   0x00000000000012c3       0xb5 Core/Src/GO4_PDM_2020.o
 .debug_macro   0x0000000000001378      0x391 Core/Src/GO4_PDM_2020.o
 .debug_macro   0x0000000000001709     0xfe50 Core/Src/GO4_PDM_2020.o
 .debug_macro   0x0000000000011559       0x3c Core/Src/GO4_PDM_2020.o
 .debug_macro   0x0000000000011595      0x174 Core/Src/GO4_PDM_2020.o
 .debug_macro   0x0000000000011709       0x53 Core/Src/GO4_PDM_2020.o
 .debug_macro   0x000000000001175c      0x946 Core/Src/GO4_PDM_2020.o
 .debug_macro   0x00000000000120a2      0x5f3 Core/Src/GO4_PDM_2020.o
 .debug_macro   0x0000000000012695      0x12f Core/Src/GO4_PDM_2020.o
 .debug_macro   0x00000000000127c4      0x1a7 Core/Src/GO4_PDM_2020.o
 .debug_macro   0x000000000001296b      0x1a7 Core/Src/GO4_PDM_2020.o
 .debug_macro   0x0000000000012b12      0x22c Core/Src/GO4_PDM_2020.o
 .debug_macro   0x0000000000012d3e       0x34 Core/Src/GO4_PDM_2020.o
 .debug_macro   0x0000000000012d72       0x43 Core/Src/GO4_PDM_2020.o
 .debug_macro   0x0000000000012db5       0x28 Core/Src/GO4_PDM_2020.o
 .debug_macro   0x0000000000012ddd      0x33d Core/Src/GO4_PDM_2020.o
 .debug_macro   0x000000000001311a       0xd4 Core/Src/GO4_PDM_2020.o
 .debug_macro   0x00000000000131ee      0x408 Core/Src/GO4_PDM_2020.o
 .debug_macro   0x00000000000135f6       0xb0 Core/Src/GO4_PDM_2020.o
 .debug_macro   0x00000000000136a6      0x217 Core/Src/GO4_PDM_2020.o
 .debug_macro   0x00000000000138bd      0x22c Core/Src/GO4_PDM_2020.o
 .debug_macro   0x0000000000013ae9       0x5f Core/Src/GO4_PDM_2020.o
 .debug_macro   0x0000000000013b48       0xa5 Core/Src/GO4_PDM_2020.o
 .debug_macro   0x0000000000013bed       0x4c Core/Src/GO4_PDM_2020.o
 .debug_macro   0x0000000000013c39      0x16d Core/Src/GO4_PDM_2020.o
 .debug_macro   0x0000000000013da6      0x8ae Core/Src/GO4_PDM_2020.o
 .debug_macro   0x0000000000014654       0x28 Core/Src/GO4_PDM_2020.o
 .debug_macro   0x000000000001467c      0x589 Core/Src/GO4_PDM_2020.o
 .debug_macro   0x0000000000014c05       0x44 Core/Src/GO4_PDM_2020.o
 .debug_macro   0x0000000000014c49      0x130 Core/Src/GO4_PDM_2020.o
 .debug_macro   0x0000000000014d79       0x4c Core/Src/GO4_PDM_2020.o
 .debug_macro   0x0000000000014dc5       0x5b Core/Src/GO4_PDM_2020.o
 .debug_macro   0x0000000000014e20       0x74 Core/Src/GO4_PDM_2020.o
 .debug_macro   0x0000000000014e94      0x100 Core/Src/GO4_PDM_2020.o
 .debug_macro   0x0000000000014f94      0x15a Core/Src/GO4_PDM_2020.o
 .debug_macro   0x00000000000150ee       0xac Core/Src/GO4_PDM_2020.o
 .debug_macro   0x000000000001519a       0x10 Core/Src/GO4_PDM_2020.o
 .debug_macro   0x00000000000151aa       0x1f Core/Src/GO4_PDM_2020.o
 .debug_macro   0x00000000000151c9      0x486 Core/Src/GO4_PDM_2020.o
 .debug_macro   0x000000000001564f       0xdd Core/Src/GO4_PDM_2020.o
 .debug_macro   0x000000000001572c       0x10 Core/Src/GO4_PDM_2020.o
 .debug_macro   0x000000000001573c       0x1c Core/Src/GO4_PDM_2020.o
 .debug_macro   0x0000000000015758      0x271 Core/Src/main.o
 .debug_macro   0x00000000000159c9      0x1e6 Core/Src/stm32f0xx_hal_msp.o
 .debug_macro   0x0000000000015baf      0x1d7 Core/Src/stm32f0xx_hal_timebase_tim.o
 .debug_macro   0x0000000000015d86      0x258 Core/Src/stm32f0xx_it.o
 .debug_macro   0x0000000000015fde      0x1d7 Core/Src/system_stm32f0xx.o
 .debug_macro   0x00000000000161b5      0x1fb Drivers/STM32F0xx_HAL_Driver/Src/stm32f0xx_hal.o
 .debug_macro   0x00000000000163b0      0x1fb Drivers/STM32F0xx_HAL_Driver/Src/stm32f0xx_hal_adc.o
 .debug_macro   0x00000000000165ab      0x1e3 Drivers/STM32F0xx_HAL_Driver/Src/stm32f0xx_hal_adc_ex.o
 .debug_macro   0x000000000001678e      0x1df Drivers/STM32F0xx_HAL_Driver/Src/stm32f0xx_hal_can.o
 .debug_macro   0x000000000001696d      0x1d7 Drivers/STM32F0xx_HAL_Driver/Src/stm32f0xx_hal_cortex.o
 .debug_macro   0x0000000000016b44      0x1d7 Drivers/STM32F0xx_HAL_Driver/Src/stm32f0xx_hal_dma.o
 .debug_macro   0x0000000000016d1b      0x20f Drivers/STM32F0xx_HAL_Driver/Src/stm32f0xx_hal_gpio.o
 .debug_macro   0x0000000000016f2a      0x1e9 Drivers/STM32F0xx_HAL_Driver/Src/stm32f0xx_hal_rcc.o
 .debug_macro   0x0000000000017113      0x1e9 Drivers/STM32F0xx_HAL_Driver/Src/stm32f0xx_hal_rcc_ex.o
 .debug_macro   0x00000000000172fc      0x1d8 Drivers/STM32F0xx_HAL_Driver/Src/stm32f0xx_hal_tim.o
 .debug_macro   0x00000000000174d4      0x1d7 Drivers/STM32F0xx_HAL_Driver/Src/stm32f0xx_hal_tim_ex.o
 .debug_macro   0x00000000000176ab      0x1f4 Drivers/STM32F0xx_HAL_Driver/Src/stm32f0xx_hal_uart.o
 .debug_macro   0x000000000001789f      0x23a Middlewares/Third_Party/FreeRTOS/Source/CMSIS_RTOS_V2/cmsis_os2.o
 .debug_macro   0x0000000000017ad9       0x10 Middlewares/Third_Party/FreeRTOS/Source/CMSIS_RTOS_V2/cmsis_os2.o
 .debug_macro   0x0000000000017ae9       0x20 Middlewares/Third_Party/FreeRTOS/Source/CMSIS_RTOS_V2/cmsis_os2.o
 .debug_macro   0x0000000000017b09       0x10 Middlewares/Third_Party/FreeRTOS/Source/CMSIS_RTOS_V2/cmsis_os2.o
 .debug_macro   0x0000000000017b19       0xa9 Middlewares/Third_Party/FreeRTOS/Source/CMSIS_RTOS_V2/cmsis_os2.o
 .debug_macro   0x0000000000017bc2       0x91 Middlewares/Third_Party/FreeRTOS/Source/CMSIS_RTOS_V2/cmsis_os2.o
 .debug_macro   0x0000000000017c53       0x8d Middlewares/Third_Party/FreeRTOS/Source/CMSIS_RTOS_V2/cmsis_os2.o
 .debug_macro   0x0000000000017ce0       0x9a Middlewares/Third_Party/FreeRTOS/Source/CMSIS_RTOS_V2/cmsis_os2.o
 .debug_macro   0x0000000000017d7a      0x17a Middlewares/Third_Party/FreeRTOS/Source/list.o
 .debug_macro   0x0000000000017ef4      0x205 Middlewares/Third_Party/FreeRTOS/Source/queue.o
 .debug_macro   0x00000000000180f9       0x16 Middlewares/Third_Party/FreeRTOS/Source/queue.o
 .debug_macro   0x000000000001810f      0x27a Middlewares/Third_Party/FreeRTOS/Source/tasks.o
 .debug_macro   0x0000000000018389       0x10 Middlewares/Third_Party/FreeRTOS/Source/tasks.o
 .debug_macro   0x0000000000018399      0x1bd Middlewares/Third_Party/FreeRTOS/Source/timers.o
 .debug_macro   0x0000000000018556      0x13c Middlewares/Third_Party/FreeRTOS/Source/portable/GCC/ARM_CM0/port.o
 .debug_macro   0x0000000000018692      0x1a1 Middlewares/Third_Party/FreeRTOS/Source/portable/MemMang/heap_4.o

.debug_line     0x0000000000000000    0x11544
 .debug_line    0x0000000000000000      0x8cb Core/Src/GO4_PDM_2020.o
 .debug_line    0x00000000000008cb      0x9c4 Core/Src/main.o
 .debug_line    0x000000000000128f      0x7b0 Core/Src/stm32f0xx_hal_msp.o
 .debug_line    0x0000000000001a3f      0x718 Core/Src/stm32f0xx_hal_timebase_tim.o
 .debug_line    0x0000000000002157      0x82a Core/Src/stm32f0xx_it.o
 .debug_line    0x0000000000002981      0x707 Core/Src/system_stm32f0xx.o
 .debug_line    0x0000000000003088       0x89 Core/Startup/startup_stm32f072rbtx.o
 .debug_line    0x0000000000003111      0x89a Drivers/STM32F0xx_HAL_Driver/Src/stm32f0xx_hal.o
 .debug_line    0x00000000000039ab      0xc77 Drivers/STM32F0xx_HAL_Driver/Src/stm32f0xx_hal_adc.o
 .debug_line    0x0000000000004622      0x73a Drivers/STM32F0xx_HAL_Driver/Src/stm32f0xx_hal_adc_ex.o
 .debug_line    0x0000000000004d5c      0xb81 Drivers/STM32F0xx_HAL_Driver/Src/stm32f0xx_hal_can.o
 .debug_line    0x00000000000058dd      0x8b2 Drivers/STM32F0xx_HAL_Driver/Src/stm32f0xx_hal_cortex.o
 .debug_line    0x000000000000618f      0x8f8 Drivers/STM32F0xx_HAL_Driver/Src/stm32f0xx_hal_dma.o
 .debug_line    0x0000000000006a87      0x874 Drivers/STM32F0xx_HAL_Driver/Src/stm32f0xx_hal_gpio.o
 .debug_line    0x00000000000072fb      0x987 Drivers/STM32F0xx_HAL_Driver/Src/stm32f0xx_hal_rcc.o
 .debug_line    0x0000000000007c82      0x933 Drivers/STM32F0xx_HAL_Driver/Src/stm32f0xx_hal_rcc_ex.o
 .debug_line    0x00000000000085b5     0x1acc Drivers/STM32F0xx_HAL_Driver/Src/stm32f0xx_hal_tim.o
 .debug_line    0x000000000000a081      0xce6 Drivers/STM32F0xx_HAL_Driver/Src/stm32f0xx_hal_tim_ex.o
 .debug_line    0x000000000000ad67     0x11f8 Drivers/STM32F0xx_HAL_Driver/Src/stm32f0xx_hal_uart.o
 .debug_line    0x000000000000bf5f     0x18ac Middlewares/Third_Party/FreeRTOS/Source/CMSIS_RTOS_V2/cmsis_os2.o
 .debug_line    0x000000000000d80b      0x66b Middlewares/Third_Party/FreeRTOS/Source/list.o
 .debug_line    0x000000000000de76      0xea0 Middlewares/Third_Party/FreeRTOS/Source/queue.o
 .debug_line    0x000000000000ed16     0x11f9 Middlewares/Third_Party/FreeRTOS/Source/tasks.o
 .debug_line    0x000000000000ff0f      0x946 Middlewares/Third_Party/FreeRTOS/Source/timers.o
 .debug_line    0x0000000000010855      0x5c7 Middlewares/Third_Party/FreeRTOS/Source/portable/GCC/ARM_CM0/port.o
 .debug_line    0x0000000000010e1c      0x728 Middlewares/Third_Party/FreeRTOS/Source/portable/MemMang/heap_4.o

.debug_str      0x0000000000000000    0x8dd6e
 .debug_str     0x0000000000000000    0x80e1a Core/Src/GO4_PDM_2020.o
                                      0x810a1 (size before relaxing)
 .debug_str     0x0000000000080e1a      0xb56 Core/Src/main.o
                                      0x81abd (size before relaxing)
 .debug_str     0x0000000000081970       0xd0 Core/Src/stm32f0xx_hal_msp.o
                                      0x7de0b (size before relaxing)
 .debug_str     0x0000000000081a40       0xab Core/Src/stm32f0xx_hal_timebase_tim.o
                                      0x7d709 (size before relaxing)
 .debug_str     0x0000000000081aeb      0xd9a Core/Src/stm32f0xx_it.o
                                      0x80c77 (size before relaxing)
 .debug_str     0x0000000000082885       0x5f Core/Src/system_stm32f0xx.o
                                      0x7d0b4 (size before relaxing)
 .debug_str     0x00000000000828e4       0x36 Core/Startup/startup_stm32f072rbtx.o
                                         0x6e (size before relaxing)
 .debug_str     0x000000000008291a      0x351 Drivers/STM32F0xx_HAL_Driver/Src/stm32f0xx_hal.o
                                      0x7d622 (size before relaxing)
 .debug_str     0x0000000000082c6b      0x366 Drivers/STM32F0xx_HAL_Driver/Src/stm32f0xx_hal_adc.o
                                      0x7d7b4 (size before relaxing)
 .debug_str     0x0000000000082fd1       0xa8 Drivers/STM32F0xx_HAL_Driver/Src/stm32f0xx_hal_adc_ex.o
                                      0x7d46d (size before relaxing)
 .debug_str     0x0000000000083079      0x56e Drivers/STM32F0xx_HAL_Driver/Src/stm32f0xx_hal_can.o
                                      0x7d8a5 (size before relaxing)
 .debug_str     0x00000000000835e7      0x1e5 Drivers/STM32F0xx_HAL_Driver/Src/stm32f0xx_hal_cortex.o
                                      0x7d4d6 (size before relaxing)
 .debug_str     0x00000000000837cc      0x248 Drivers/STM32F0xx_HAL_Driver/Src/stm32f0xx_hal_dma.o
                                      0x7d48c (size before relaxing)
 .debug_str     0x0000000000083a14      0x208 Drivers/STM32F0xx_HAL_Driver/Src/stm32f0xx_hal_gpio.o
                                      0x7d350 (size before relaxing)
 .debug_str     0x0000000000083c1c      0x24a Drivers/STM32F0xx_HAL_Driver/Src/stm32f0xx_hal_rcc.o
                                      0x7d4c9 (size before relaxing)
 .debug_str     0x0000000000083e66      0x2db Drivers/STM32F0xx_HAL_Driver/Src/stm32f0xx_hal_rcc_ex.o
                                      0x7d4a6 (size before relaxing)
 .debug_str     0x0000000000084141      0xdd6 Drivers/STM32F0xx_HAL_Driver/Src/stm32f0xx_hal_tim.o
                                      0x7e2ad (size before relaxing)
 .debug_str     0x0000000000084f17      0x579 Drivers/STM32F0xx_HAL_Driver/Src/stm32f0xx_hal_tim_ex.o
                                      0x7da61 (size before relaxing)
 .debug_str     0x0000000000085490      0x7de Drivers/STM32F0xx_HAL_Driver/Src/stm32f0xx_hal_uart.o
                                      0x7dcc9 (size before relaxing)
 .debug_str     0x0000000000085c6e     0x5695 Middlewares/Third_Party/FreeRTOS/Source/CMSIS_RTOS_V2/cmsis_os2.o
                                       0xd97d (size before relaxing)
 .debug_str     0x000000000008b303      0x225 Middlewares/Third_Party/FreeRTOS/Source/list.o
                                       0xa18f (size before relaxing)
 .debug_str     0x000000000008b528      0x8fd Middlewares/Third_Party/FreeRTOS/Source/queue.o
                                       0xb952 (size before relaxing)
 .debug_str     0x000000000008be25     0x12f3 Middlewares/Third_Party/FreeRTOS/Source/tasks.o
                                       0xc568 (size before relaxing)
 .debug_str     0x000000000008d118      0x57d Middlewares/Third_Party/FreeRTOS/Source/timers.o
                                       0xbeb8 (size before relaxing)
 .debug_str     0x000000000008d695      0x488 Middlewares/Third_Party/FreeRTOS/Source/portable/GCC/ARM_CM0/port.o
                                       0x7abd (size before relaxing)
 .debug_str     0x000000000008db1d      0x251 Middlewares/Third_Party/FreeRTOS/Source/portable/MemMang/heap_4.o
                                       0xa893 (size before relaxing)

.comment        0x0000000000000000       0x7b
 .comment       0x0000000000000000       0x7b Core/Src/GO4_PDM_2020.o
                                         0x7c (size before relaxing)
 .comment       0x000000000000007b       0x7c Core/Src/main.o
 .comment       0x000000000000007b       0x7c Core/Src/stm32f0xx_hal_msp.o
 .comment       0x000000000000007b       0x7c Core/Src/stm32f0xx_hal_timebase_tim.o
 .comment       0x000000000000007b       0x7c Core/Src/stm32f0xx_it.o
 .comment       0x000000000000007b       0x7c Core/Src/system_stm32f0xx.o
 .comment       0x000000000000007b       0x7c Drivers/STM32F0xx_HAL_Driver/Src/stm32f0xx_hal.o
 .comment       0x000000000000007b       0x7c Drivers/STM32F0xx_HAL_Driver/Src/stm32f0xx_hal_adc.o
 .comment       0x000000000000007b       0x7c Drivers/STM32F0xx_HAL_Driver/Src/stm32f0xx_hal_adc_ex.o
 .comment       0x000000000000007b       0x7c Drivers/STM32F0xx_HAL_Driver/Src/stm32f0xx_hal_can.o
 .comment       0x000000000000007b       0x7c Drivers/STM32F0xx_HAL_Driver/Src/stm32f0xx_hal_cortex.o
 .comment       0x000000000000007b       0x7c Drivers/STM32F0xx_HAL_Driver/Src/stm32f0xx_hal_dma.o
 .comment       0x000000000000007b       0x7c Drivers/STM32F0xx_HAL_Driver/Src/stm32f0xx_hal_gpio.o
 .comment       0x000000000000007b       0x7c Drivers/STM32F0xx_HAL_Driver/Src/stm32f0xx_hal_rcc.o
 .comment       0x000000000000007b       0x7c Drivers/STM32F0xx_HAL_Driver/Src/stm32f0xx_hal_rcc_ex.o
 .comment       0x000000000000007b       0x7c Drivers/STM32F0xx_HAL_Driver/Src/stm32f0xx_hal_tim.o
 .comment       0x000000000000007b       0x7c Drivers/STM32F0xx_HAL_Driver/Src/stm32f0xx_hal_tim_ex.o
 .comment       0x000000000000007b       0x7c Drivers/STM32F0xx_HAL_Driver/Src/stm32f0xx_hal_uart.o
 .comment       0x000000000000007b       0x7c Middlewares/Third_Party/FreeRTOS/Source/CMSIS_RTOS_V2/cmsis_os2.o
 .comment       0x000000000000007b       0x7c Middlewares/Third_Party/FreeRTOS/Source/list.o
 .comment       0x000000000000007b       0x7c Middlewares/Third_Party/FreeRTOS/Source/queue.o
 .comment       0x000000000000007b       0x7c Middlewares/Third_Party/FreeRTOS/Source/tasks.o
 .comment       0x000000000000007b       0x7c Middlewares/Third_Party/FreeRTOS/Source/timers.o
 .comment       0x000000000000007b       0x7c Middlewares/Third_Party/FreeRTOS/Source/portable/GCC/ARM_CM0/port.o
 .comment       0x000000000000007b       0x7c Middlewares/Third_Party/FreeRTOS/Source/portable/MemMang/heap_4.o

.debug_frame    0x0000000000000000     0x4f34
 .debug_frame   0x0000000000000000       0x8c Core/Src/GO4_PDM_2020.o
 .debug_frame   0x000000000000008c      0x198 Core/Src/main.o
 .debug_frame   0x0000000000000224      0x130 Core/Src/stm32f0xx_hal_msp.o
 .debug_frame   0x0000000000000354       0x68 Core/Src/stm32f0xx_hal_timebase_tim.o
 .debug_frame   0x00000000000003bc       0x80 Core/Src/stm32f0xx_it.o
 .debug_frame   0x000000000000043c       0x4c Core/Src/system_stm32f0xx.o
 .debug_frame   0x0000000000000488      0x2a4 Drivers/STM32F0xx_HAL_Driver/Src/stm32f0xx_hal.o
 .debug_frame   0x000000000000072c      0x3a0 Drivers/STM32F0xx_HAL_Driver/Src/stm32f0xx_hal_adc.o
 .debug_frame   0x0000000000000acc       0x30 Drivers/STM32F0xx_HAL_Driver/Src/stm32f0xx_hal_adc_ex.o
 .debug_frame   0x0000000000000afc      0x490 Drivers/STM32F0xx_HAL_Driver/Src/stm32f0xx_hal_can.o
 .debug_frame   0x0000000000000f8c      0x2a0 Drivers/STM32F0xx_HAL_Driver/Src/stm32f0xx_hal_cortex.o
 .debug_frame   0x000000000000122c      0x1d0 Drivers/STM32F0xx_HAL_Driver/Src/stm32f0xx_hal_dma.o
 .debug_frame   0x00000000000013fc      0x110 Drivers/STM32F0xx_HAL_Driver/Src/stm32f0xx_hal_gpio.o
 .debug_frame   0x000000000000150c      0x198 Drivers/STM32F0xx_HAL_Driver/Src/stm32f0xx_hal_rcc.o
 .debug_frame   0x00000000000016a4      0x180 Drivers/STM32F0xx_HAL_Driver/Src/stm32f0xx_hal_rcc_ex.o
 .debug_frame   0x0000000000001824      0xe90 Drivers/STM32F0xx_HAL_Driver/Src/stm32f0xx_hal_tim.o
 .debug_frame   0x00000000000026b4      0x4f0 Drivers/STM32F0xx_HAL_Driver/Src/stm32f0xx_hal_tim_ex.o
 .debug_frame   0x0000000000002ba4      0x7f0 Drivers/STM32F0xx_HAL_Driver/Src/stm32f0xx_hal_uart.o
 .debug_frame   0x0000000000003394      0x84c Middlewares/Third_Party/FreeRTOS/Source/CMSIS_RTOS_V2/cmsis_os2.o
 .debug_frame   0x0000000000003be0       0xb0 Middlewares/Third_Party/FreeRTOS/Source/list.o
 .debug_frame   0x0000000000003c90      0x510 Middlewares/Third_Party/FreeRTOS/Source/queue.o
 .debug_frame   0x00000000000041a0      0x77c Middlewares/Third_Party/FreeRTOS/Source/tasks.o
 .debug_frame   0x000000000000491c      0x32c Middlewares/Third_Party/FreeRTOS/Source/timers.o
 .debug_frame   0x0000000000004c48      0x174 Middlewares/Third_Party/FreeRTOS/Source/portable/GCC/ARM_CM0/port.o
 .debug_frame   0x0000000000004dbc       0xe4 Middlewares/Third_Party/FreeRTOS/Source/portable/MemMang/heap_4.o
 .debug_frame   0x0000000000004ea0       0x2c c:/st/stm32cubeide_1.3.0/stm32cubeide/plugins/com.st.stm32cube.ide.mcu.externaltools.gnu-tools-for-stm32.7-2018-q2-update.win32_1.0.0.201904181610/tools/bin/../lib/gcc/arm-none-eabi/7.3.1/../../../../arm-none-eabi/lib/thumb/v6-m\libc_nano.a(lib_a-init.o)
 .debug_frame   0x0000000000004ecc       0x28 c:/st/stm32cubeide_1.3.0/stm32cubeide/plugins/com.st.stm32cube.ide.mcu.externaltools.gnu-tools-for-stm32.7-2018-q2-update.win32_1.0.0.201904181610/tools/bin/../lib/gcc/arm-none-eabi/7.3.1/../../../../arm-none-eabi/lib/thumb/v6-m\libc_nano.a(lib_a-memcpy-stub.o)
 .debug_frame   0x0000000000004ef4       0x20 c:/st/stm32cubeide_1.3.0/stm32cubeide/plugins/com.st.stm32cube.ide.mcu.externaltools.gnu-tools-for-stm32.7-2018-q2-update.win32_1.0.0.201904181610/tools/bin/../lib/gcc/arm-none-eabi/7.3.1/../../../../arm-none-eabi/lib/thumb/v6-m\libc_nano.a(lib_a-memset.o)
 .debug_frame   0x0000000000004f14       0x20 c:/st/stm32cubeide_1.3.0/stm32cubeide/plugins/com.st.stm32cube.ide.mcu.externaltools.gnu-tools-for-stm32.7-2018-q2-update.win32_1.0.0.201904181610/tools/bin/../lib/gcc/arm-none-eabi/7.3.1/thumb/v6-m\libgcc.a(_udivsi3.o)
