Archive member included to satisfy reference by file (symbol)

c:/st/stm32cubeide_1.3.0/stm32cubeide/plugins/com.st.stm32cube.ide.mcu.externaltools.gnu-tools-for-stm32.7-2018-q2-update.win32_1.0.0.201904181610/tools/bin/../lib/gcc/arm-none-eabi/7.3.1/../../../../arm-none-eabi/lib/thumb/v6-m\libc_nano.a(lib_a-errno.o)
                              Core/Src/syscalls.o (__errno)
c:/st/stm32cubeide_1.3.0/stm32cubeide/plugins/com.st.stm32cube.ide.mcu.externaltools.gnu-tools-for-stm32.7-2018-q2-update.win32_1.0.0.201904181610/tools/bin/../lib/gcc/arm-none-eabi/7.3.1/../../../../arm-none-eabi/lib/thumb/v6-m\libc_nano.a(lib_a-exit.o)
                              c:/st/stm32cubeide_1.3.0/stm32cubeide/plugins/com.st.stm32cube.ide.mcu.externaltools.gnu-tools-for-stm32.7-2018-q2-update.win32_1.0.0.201904181610/tools/bin/../lib/gcc/arm-none-eabi/7.3.1/../../../../arm-none-eabi/lib/thumb/v6-m/crt0.o (exit)
c:/st/stm32cubeide_1.3.0/stm32cubeide/plugins/com.st.stm32cube.ide.mcu.externaltools.gnu-tools-for-stm32.7-2018-q2-update.win32_1.0.0.201904181610/tools/bin/../lib/gcc/arm-none-eabi/7.3.1/../../../../arm-none-eabi/lib/thumb/v6-m\libc_nano.a(lib_a-impure.o)
                              c:/st/stm32cubeide_1.3.0/stm32cubeide/plugins/com.st.stm32cube.ide.mcu.externaltools.gnu-tools-for-stm32.7-2018-q2-update.win32_1.0.0.201904181610/tools/bin/../lib/gcc/arm-none-eabi/7.3.1/../../../../arm-none-eabi/lib/thumb/v6-m\libc_nano.a(lib_a-exit.o) (_global_impure_ptr)
c:/st/stm32cubeide_1.3.0/stm32cubeide/plugins/com.st.stm32cube.ide.mcu.externaltools.gnu-tools-for-stm32.7-2018-q2-update.win32_1.0.0.201904181610/tools/bin/../lib/gcc/arm-none-eabi/7.3.1/../../../../arm-none-eabi/lib/thumb/v6-m\libc_nano.a(lib_a-init.o)
                              c:/st/stm32cubeide_1.3.0/stm32cubeide/plugins/com.st.stm32cube.ide.mcu.externaltools.gnu-tools-for-stm32.7-2018-q2-update.win32_1.0.0.201904181610/tools/bin/../lib/gcc/arm-none-eabi/7.3.1/../../../../arm-none-eabi/lib/thumb/v6-m/crt0.o (__libc_init_array)
c:/st/stm32cubeide_1.3.0/stm32cubeide/plugins/com.st.stm32cube.ide.mcu.externaltools.gnu-tools-for-stm32.7-2018-q2-update.win32_1.0.0.201904181610/tools/bin/../lib/gcc/arm-none-eabi/7.3.1/../../../../arm-none-eabi/lib/thumb/v6-m\libc_nano.a(lib_a-memcpy-stub.o)
                              Core/Src/GO4_PDM_2020.o (memcpy)
c:/st/stm32cubeide_1.3.0/stm32cubeide/plugins/com.st.stm32cube.ide.mcu.externaltools.gnu-tools-for-stm32.7-2018-q2-update.win32_1.0.0.201904181610/tools/bin/../lib/gcc/arm-none-eabi/7.3.1/../../../../arm-none-eabi/lib/thumb/v6-m\libc_nano.a(lib_a-memset.o)
                              c:/st/stm32cubeide_1.3.0/stm32cubeide/plugins/com.st.stm32cube.ide.mcu.externaltools.gnu-tools-for-stm32.7-2018-q2-update.win32_1.0.0.201904181610/tools/bin/../lib/gcc/arm-none-eabi/7.3.1/../../../../arm-none-eabi/lib/thumb/v6-m/crt0.o (memset)
c:/st/stm32cubeide_1.3.0/stm32cubeide/plugins/com.st.stm32cube.ide.mcu.externaltools.gnu-tools-for-stm32.7-2018-q2-update.win32_1.0.0.201904181610/tools/bin/../lib/gcc/arm-none-eabi/7.3.1/thumb/v6-m\libgcc.a(_udivsi3.o)
                              Core/Src/GO4_PDM_2020.o (__aeabi_uidiv)
c:/st/stm32cubeide_1.3.0/stm32cubeide/plugins/com.st.stm32cube.ide.mcu.externaltools.gnu-tools-for-stm32.7-2018-q2-update.win32_1.0.0.201904181610/tools/bin/../lib/gcc/arm-none-eabi/7.3.1/thumb/v6-m\libgcc.a(_dvmd_tls.o)
                              c:/st/stm32cubeide_1.3.0/stm32cubeide/plugins/com.st.stm32cube.ide.mcu.externaltools.gnu-tools-for-stm32.7-2018-q2-update.win32_1.0.0.201904181610/tools/bin/../lib/gcc/arm-none-eabi/7.3.1/thumb/v6-m\libgcc.a(_udivsi3.o) (__aeabi_idiv0)
c:/st/stm32cubeide_1.3.0/stm32cubeide/plugins/com.st.stm32cube.ide.mcu.externaltools.gnu-tools-for-stm32.7-2018-q2-update.win32_1.0.0.201904181610/tools/bin/../lib/gcc/arm-none-eabi/7.3.1/thumb/v6-m\libgcc.a(_arm_cmpdf2.o)
                              Core/Src/GO4_PDM_2020.o (__aeabi_dcmplt)
c:/st/stm32cubeide_1.3.0/stm32cubeide/plugins/com.st.stm32cube.ide.mcu.externaltools.gnu-tools-for-stm32.7-2018-q2-update.win32_1.0.0.201904181610/tools/bin/../lib/gcc/arm-none-eabi/7.3.1/thumb/v6-m\libgcc.a(adddf3.o)
                              Core/Src/GO4_PDM_2020.o (__aeabi_dadd)
c:/st/stm32cubeide_1.3.0/stm32cubeide/plugins/com.st.stm32cube.ide.mcu.externaltools.gnu-tools-for-stm32.7-2018-q2-update.win32_1.0.0.201904181610/tools/bin/../lib/gcc/arm-none-eabi/7.3.1/thumb/v6-m\libgcc.a(divdf3.o)
                              Core/Src/GO4_PDM_2020.o (__aeabi_ddiv)
c:/st/stm32cubeide_1.3.0/stm32cubeide/plugins/com.st.stm32cube.ide.mcu.externaltools.gnu-tools-for-stm32.7-2018-q2-update.win32_1.0.0.201904181610/tools/bin/../lib/gcc/arm-none-eabi/7.3.1/thumb/v6-m\libgcc.a(eqdf2.o)
                              c:/st/stm32cubeide_1.3.0/stm32cubeide/plugins/com.st.stm32cube.ide.mcu.externaltools.gnu-tools-for-stm32.7-2018-q2-update.win32_1.0.0.201904181610/tools/bin/../lib/gcc/arm-none-eabi/7.3.1/thumb/v6-m\libgcc.a(_arm_cmpdf2.o) (__eqdf2)
[...]
Memory Configuration

Name             Origin             Length             Attributes
RAM              0x0000000020000000 0x0000000000004000 xrw
FLASH            0x0000000008000000 0x0000000000020000 xr
*default*        0x0000000000000000 0xffffffffffffffff

Linker script and memory map

LOAD c:/st/stm32cubeide_1.3.0/stm32cubeide/plugins/com.st.stm32cube.ide.mcu.externaltools.gnu-tools-for-stm32.7-2018-q2-update.win32_1.0.0.201904181610/tools/bin/../lib/gcc/arm-none-eabi/7.3.1/thumb/v6-m/crti.o
LOAD c:/st/stm32cubeide_1.3.0/stm32cubeide/plugins/com.st.stm32cube.ide.mcu.externaltools.gnu-tools-for-stm32.7-2018-q2-update.win32_1.0.0.201904181610/tools/bin/../lib/gcc/arm-none-eabi/7.3.1/thumb/v6-m/crtbegin.o
LOAD c:/st/stm32cubeide_1.3.0/stm32cubeide/plugins/com.st.stm32cube.ide.mcu.externaltools.gnu-tools-for-stm32.7-2018-q2-update.win32_1.0.0.201904181610/tools/bin/../lib/gcc/arm-none-eabi/7.3.1/../../../../arm-none-eabi/lib/thumb/v6-m/crt0.o
LOAD Core/Src/GO4_PDM_2020.o
LOAD Core/Src/freertos.o
LOAD Core/Src/main.o
LOAD Core/Src/stm32f0xx_hal_msp.o
LOAD Core/Src/stm32f0xx_hal_timebase_tim.o
LOAD Core/Src/stm32f0xx_it.o
LOAD Core/Src/syscalls.o
LOAD Core/Src/sysmem.o
LOAD Core/Src/system_stm32f0xx.o
LOAD Core/Startup/startup_stm32f072rbtx.o
LOAD Drivers/STM32F0xx_HAL_Driver/Src/stm32f0xx_hal.o
LOAD Drivers/STM32F0xx_HAL_Driver/Src/stm32f0xx_hal_adc.o
LOAD Drivers/STM32F0xx_HAL_Driver/Src/stm32f0xx_hal_adc_ex.o
LOAD Drivers/STM32F0xx_HAL_Driver/Src/stm32f0xx_hal_can.o
LOAD Drivers/STM32F0xx_HAL_Driver/Src/stm32f0xx_hal_cortex.o
LOAD Drivers/STM32F0xx_HAL_Driver/Src/stm32f0xx_hal_dma.o
LOAD Drivers/STM32F0xx_HAL_Driver/Src/stm32f0xx_hal_exti.o
LOAD Drivers/STM32F0xx_HAL_Driver/Src/stm32f0xx_hal_flash.o
LOAD Drivers/STM32F0xx_HAL_Driver/Src/stm32f0xx_hal_flash_ex.o
LOAD Drivers/STM32F0xx_HAL_Driver/Src/stm32f0xx_hal_gpio.o
LOAD Drivers/STM32F0xx_HAL_Driver/Src/stm32f0xx_hal_i2c.o
LOAD Drivers/STM32F0xx_HAL_Driver/Src/stm32f0xx_hal_i2c_ex.o
LOAD Drivers/STM32F0xx_HAL_Driver/Src/stm32f0xx_hal_pwr.o
LOAD Drivers/STM32F0xx_HAL_Driver/Src/stm32f0xx_hal_pwr_ex.o
LOAD Drivers/STM32F0xx_HAL_Driver/Src/stm32f0xx_hal_rcc.o
LOAD Drivers/STM32F0xx_HAL_Driver/Src/stm32f0xx_hal_rcc_ex.o
LOAD Drivers/STM32F0xx_HAL_Driver/Src/stm32f0xx_hal_tim.o
LOAD Drivers/STM32F0xx_HAL_Driver/Src/stm32f0xx_hal_tim_ex.o
LOAD Drivers/STM32F0xx_HAL_Driver/Src/stm32f0xx_hal_uart.o
LOAD Drivers/STM32F0xx_HAL_Driver/Src/stm32f0xx_hal_uart_ex.o
LOAD Middlewares/Third_Party/FreeRTOS/Source/CMSIS_RTOS_V2/cmsis_os2.o
LOAD Middlewares/Third_Party/FreeRTOS/Source/croutine.o
LOAD Middlewares/Third_Party/FreeRTOS/Source/event_groups.o
LOAD Middlewares/Third_Party/FreeRTOS/Source/list.o
LOAD Middlewares/Third_Party/FreeRTOS/Source/queue.o
LOAD Middlewares/Third_Party/FreeRTOS/Source/stream_buffer.o
LOAD Middlewares/Third_Party/FreeRTOS/Source/tasks.o
LOAD Middlewares/Third_Party/FreeRTOS/Source/timers.o
LOAD Middlewares/Third_Party/FreeRTOS/Source/portable/GCC/ARM_CM0/port.o
LOAD Middlewares/Third_Party/FreeRTOS/Source/portable/MemMang/heap_4.o
START GROUP
LOAD c:/st/stm32cubeide_1.3.0/stm32cubeide/plugins/com.st.stm32cube.ide.mcu.externaltools.gnu-tools-for-stm32.7-2018-q2-update.win32_1.0.0.201904181610/tools/bin/../lib/gcc/arm-none-eabi/7.3.1/../../../../arm-none-eabi/lib/thumb/v6-m\libc_nano.a
LOAD c:/st/stm32cubeide_1.3.0/stm32cubeide/plugins/com.st.stm32cube.ide.mcu.externaltools.gnu-tools-for-stm32.7-2018-q2-update.win32_1.0.0.201904181610/tools/bin/../lib/gcc/arm-none-eabi/7.3.1/../../../../arm-none-eabi/lib/thumb/v6-m\libm.a
END GROUP
START GROUP
LOAD c:/st/stm32cubeide_1.3.0/stm32cubeide/plugins/com.st.stm32cube.ide.mcu.externaltools.gnu-tools-for-stm32.7-2018-q2-update.win32_1.0.0.201904181610/tools/bin/../lib/gcc/arm-none-eabi/7.3.1/thumb/v6-m\libgcc.a
LOAD c:/st/stm32cubeide_1.3.0/stm32cubeide/plugins/com.st.stm32cube.ide.mcu.externaltools.gnu-tools-for-stm32.7-2018-q2-update.win32_1.0.0.201904181610/tools/bin/../lib/gcc/arm-none-eabi/7.3.1/../../../../arm-none-eabi/lib/thumb/v6-m\libc_nano.a
END GROUP
START GROUP
LOAD c:/st/stm32cubeide_1.3.0/stm32cubeide/plugins/com.st.stm32cube.ide.mcu.externaltools.gnu-tools-for-stm32.7-2018-q2-update.win32_1.0.0.201904181610/tools/bin/../lib/gcc/arm-none-eabi/7.3.1/thumb/v6-m\libgcc.a
LOAD c:/st/stm32cubeide_1.3.0/stm32cubeide/plugins/com.st.stm32cube.ide.mcu.externaltools.gnu-tools-for-stm32.7-2018-q2-update.win32_1.0.0.201904181610/tools/bin/../lib/gcc/arm-none-eabi/7.3.1/../../../../arm-none-eabi/lib/thumb/v6-m\libc_nano.a
LOAD c:/st/stm32cubeide_1.3.0/stm32cubeide/plugins/com.st.stm32cube.ide.mcu.externaltools.gnu-tools-for-stm32.7-2018-q2-update.win32_1.0.0.201904181610/tools/bin/../lib/gcc/arm-none-eabi/7.3.1/../../../../arm-none-eabi/lib/thumb/v6-m\libnosys.a
END GROUP
START GROUP
LOAD c:/st/stm32cubeide_1.3.0/stm32cubeide/plugins/com.st.stm32cube.ide.mcu.externaltools.gnu-tools-for-stm32.7-2018-q2-update.win32_1.0.0.201904181610/tools/bin/../lib/gcc/arm-none-eabi/7.3.1/thumb/v6-m\libgcc.a
LOAD c:/st/stm32cubeide_1.3.0/stm32cubeide/plugins/com.st.stm32cube.ide.mcu.externaltools.gnu-tools-for-stm32.7-2018-q2-update.win32_1.0.0.201904181610/tools/bin/../lib/gcc/arm-none-eabi/7.3.1/../../../../arm-none-eabi/lib/thumb/v6-m\libc_nano.a
LOAD c:/st/stm32cubeide_1.3.0/stm32cubeide/plugins/com.st.stm32cube.ide.mcu.externaltools.gnu-tools-for-stm32.7-2018-q2-update.win32_1.0.0.201904181610/tools/bin/../lib/gcc/arm-none-eabi/7.3.1/../../../../arm-none-eabi/lib/thumb/v6-m\libnosys.a
END GROUP
LOAD c:/st/stm32cubeide_1.3.0/stm32cubeide/plugins/com.st.stm32cube.ide.mcu.externaltools.gnu-tools-for-stm32.7-2018-q2-update.win32_1.0.0.201904181610/tools/bin/../lib/gcc/arm-none-eabi/7.3.1/thumb/v6-m/crtend.o
LOAD c:/st/stm32cubeide_1.3.0/stm32cubeide/plugins/com.st.stm32cube.ide.mcu.externaltools.gnu-tools-for-stm32.7-2018-q2-update.win32_1.0.0.201904181610/tools/bin/../lib/gcc/arm-none-eabi/7.3.1/thumb/v6-m/crtn.o
                0x0000000020004000                _estack = (ORIGIN (RAM) + LENGTH (RAM))
                0x0000000000000200                _Min_Heap_Size = 0x200
                0x0000000000000400                _Min_Stack_Size = 0x400

.isr_vector     0x0000000008000000       0xc0
                0x0000000008000000                . = ALIGN (0x4)
 *(.isr_vector)
 .isr_vector    0x0000000008000000       0xc0 Core/Startup/startup_stm32f072rbtx.o
                0x0000000008000000                g_pfnVectors
                0x00000000080000c0                . = ALIGN (0x4)

.text           0x00000000080000c0     0x7dd0
                0x00000000080000c0                . = ALIGN (0x4)
 *(.text)
 .text          0x00000000080000c0       0x48 c:/st/stm32cubeide_1.3.0/stm32cubeide/plugins/com.st.stm32cube.ide.mcu.externaltools.gnu-tools-for-stm32.7-2018-q2-update.win32_1.0.0.201904181610/tools/bin/../lib/gcc/arm-none-eabi/7.3.1/thumb/v6-m/crtbegin.o
 .text          0x0000000008000108      0x114 c:/st/stm32cubeide_1.3.0/stm32cubeide/plugins/com.st.stm32cube.ide.mcu.externaltools.gnu-tools-for-stm32.7-2018-q2-update.win32_1.0.0.201904181610/tools/bin/../lib/gcc/arm-none-eabi/7.3.1/thumb/v6-m\libgcc.a(_udivsi3.o)
                0x0000000008000108                __aeabi_uidiv
                0x0000000008000108                __udivsi3
                0x0000000008000214                __aeabi_uidivmod
 .text          0x000000000800021c        0x4 c:/st/stm32cubeide_1.3.0/stm32cubeide/plugins/com.st.stm32cube.ide.mcu.externaltools.gnu-tools-for-stm32.7-2018-q2-update.win32_1.0.0.201904181610/tools/bin/../lib/gcc/arm-none-eabi/7.3.1/thumb/v6-m\libgcc.a(_dvmd_tls.o)
                0x000000000800021c                __aeabi_idiv0
                0x000000000800021c                __aeabi_ldiv0
 .text          0x0000000008000220       0x7c c:/st/stm32cubeide_1.3.0/stm32cubeide/plugins/com.st.stm32cube.ide.mcu.externaltools.gnu-tools-for-stm32.7-2018-q2-update.win32_1.0.0.201904181610/tools/bin/../lib/gcc/arm-none-eabi/7.3.1/thumb/v6-m\libgcc.a(_arm_cmpdf2.o)
                0x0000000008000220                __aeabi_cdrcmple
                0x0000000008000230                __aeabi_cdcmple
                0x0000000008000230                __aeabi_cdcmpeq
                0x0000000008000240                __aeabi_dcmpeq
                0x000000000800024c                __aeabi_dcmplt
                0x0000000008000260                __aeabi_dcmple
                0x0000000008000274                __aeabi_dcmpgt
                0x0000000008000288                __aeabi_dcmpge
 .text          0x000000000800029c      0x638 c:/st/stm32cubeide_1.3.0/stm32cubeide/plugins/com.st.stm32cube.ide.mcu.externaltools.gnu-tools-for-stm32.7-2018-q2-update.win32_1.0.0.201904181610/tools/bin/../lib/gcc/arm-none-eabi/7.3.1/thumb/v6-m\libgcc.a(adddf3.o)
                0x000000000800029c                __aeabi_dadd
 .text          0x00000000080008d4      0x604 c:/st/stm32cubeide_1.3.0/stm32cubeide/plugins/com.st.stm32cube.ide.mcu.externaltools.gnu-tools-for-stm32.7-2018-q2-update.win32_1.0.0.201904181610/tools/bin/../lib/gcc/arm-none-eabi/7.3.1/thumb/v6-m\libgcc.a(divdf3.o)
                0x00000000080008d4                __aeabi_ddiv
 .text          0x0000000008000ed8       0x78 c:/st/stm32cubeide_1.3.0/stm32cubeide/plugins/com.st.stm32cube.ide.mcu.externaltools.gnu-tools-for-stm32.7-2018-q2-update.win32_1.0.0.201904181610/tools/bin/../lib/gcc/arm-none-eabi/7.3.1/thumb/v6-m\libgcc.a(eqdf2.o)
                0x0000000008000ed8                __nedf2
                0x0000000008000ed8                __eqdf2
 .text          0x0000000008000f50       0xc8 c:/st/stm32cubeide_1.3.0/stm32cubeide/plugins/com.st.stm32cube.ide.mcu.externaltools.gnu-tools-for-stm32.7-2018-q2-update.win32_1.0.0.201904181610/tools/bin/../lib/gcc/arm-none-eabi/7.3.1/thumb/v6-m\libgcc.a(gedf2.o)
                0x0000000008000f50                __gedf2
                0x0000000008000f50                __gtdf2
 .text          0x0000000008001018       0xd0 c:/st/stm32cubeide_1.3.0/stm32cubeide/plugins/com.st.stm32cube.ide.mcu.externaltools.gnu-tools-for-stm32.7-2018-q2-update.win32_1.0.0.201904181610/tools/bin/../lib/gcc/arm-none-eabi/7.3.1/thumb/v6-m\libgcc.a(ledf2.o)
                0x0000000008001018                __ledf2
                0x0000000008001018                __ltdf2
 .text          0x00000000080010e8      0x4e4 c:/st/stm32cubeide_1.3.0/stm32cubeide/plugins/com.st.stm32cube.ide.mcu.externaltools.gnu-tools-for-stm32.7-2018-q2-update.win32_1.0.0.201904181610/tools/bin/../lib/gcc/arm-none-eabi/7.3.1/thumb/v6-m\libgcc.a(muldf3.o)
                0x00000000080010e8                __aeabi_dmul
 .text          0x00000000080015cc      0x690 c:/st/stm32cubeide_1.3.0/stm32cubeide/plugins/com.st.stm32cube.ide.mcu.externaltools.gnu-tools-for-stm32.7-2018-q2-update.win32_1.0.0.201904181610/tools/bin/../lib/gcc/arm-none-eabi/7.3.1/thumb/v6-m\libgcc.a(subdf3.o)
                0x00000000080015cc                __aeabi_dsub
 .text          0x0000000008001c5c       0x74 c:/st/stm32cubeide_1.3.0/stm32cubeide/plugins/com.st.stm32cube.ide.mcu.externaltools.gnu-tools-for-stm32.7-2018-q2-update.win32_1.0.0.201904181610/tools/bin/../lib/gcc/arm-none-eabi/7.3.1/thumb/v6-m\libgcc.a(floatsidf.o)
                0x0000000008001c5c                __aeabi_i2d
 .text          0x0000000008001cd0       0x64 c:/st/stm32cubeide_1.3.0/stm32cubeide/plugins/com.st.stm32cube.ide.mcu.externaltools.gnu-tools-for-stm32.7-2018-q2-update.win32_1.0.0.201904181610/tools/bin/../lib/gcc/arm-none-eabi/7.3.1/thumb/v6-m\libgcc.a(floatunsidf.o)
                0x0000000008001cd0                __aeabi_ui2d
 .text          0x0000000008001d34       0x3c c:/st/stm32cubeide_1.3.0/stm32cubeide/plugins/com.st.stm32cube.ide.mcu.externaltools.gnu-tools-for-stm32.7-2018-q2-update.win32_1.0.0.201904181610/tools/bin/../lib/gcc/arm-none-eabi/7.3.1/thumb/v6-m\libgcc.a(_clzsi2.o)
                0x0000000008001d34                __clzsi2
 *(.text*)
 .text.PDM_Init
                0x0000000008001d70       0xc8 Core/Src/GO4_PDM_2020.o
                0x0000000008001d70                PDM_Init
 .text.Schedule_ADC
                0x0000000008001e38      0x1cc Core/Src/GO4_PDM_2020.o
                0x0000000008001e38                Schedule_ADC
 .text.Current_Control_Loop
                0x0000000008002004      0x140 Core/Src/GO4_PDM_2020.o
                0x0000000008002004                Current_Control_Loop
 .text.HAL_ADC_ConvCpltCallback
                0x0000000008002144       0xe4 Core/Src/GO4_PDM_2020.o
                0x0000000008002144                HAL_ADC_ConvCpltCallback
 .text.main     0x0000000008002228       0x94 Core/Src/main.o
                0x0000000008002228                main
 .text.SystemClock_Config
                0x00000000080022bc       0xb4 Core/Src/main.o
                0x00000000080022bc                SystemClock_Config
 .text.MX_ADC_Init
                0x0000000008002370       0xec Core/Src/main.o
 .text.MX_CAN_Init
                0x000000000800245c       0x6c Core/Src/main.o
 .text.MX_TIM16_Init
                0x00000000080024c8       0x50 Core/Src/main.o
 .text.MX_TIM17_Init
                0x0000000008002518       0x54 Core/Src/main.o
 .text.MX_USART2_UART_Init
                0x000000000800256c       0x60 Core/Src/main.o
 .text.MX_DMA_Init
                0x00000000080025cc       0x3c Core/Src/main.o
 .text.MX_GPIO_Init
                0x0000000008002608      0x124 Core/Src/main.o
 .text.ADC_Channel_Control
                0x000000000800272c       0x12 Core/Src/main.o
                0x000000000800272c                ADC_Channel_Control
 .text.CAN_TX   0x000000000800273e       0x10 Core/Src/main.o
                0x000000000800273e                CAN_TX
 .text.ADC_Schedule_loop
                0x000000000800274e       0x12 Core/Src/main.o
                0x000000000800274e                ADC_Schedule_loop
 .text.HAL_TIM_PeriodElapsedCallback
                0x0000000008002760       0x24 Core/Src/main.o
                0x0000000008002760                HAL_TIM_PeriodElapsedCallback
 .text.Error_Handler
                0x0000000008002784       0x38 Core/Src/main.o
                0x0000000008002784                Error_Handler
 .text.HAL_MspInit
                0x00000000080027bc       0x54 Core/Src/stm32f0xx_hal_msp.o
                0x00000000080027bc                HAL_MspInit
 .text.HAL_ADC_MspInit
                0x0000000008002810       0xe8 Core/Src/stm32f0xx_hal_msp.o
                0x0000000008002810                HAL_ADC_MspInit
 .text.HAL_CAN_MspInit
                0x00000000080028f8       0x9c Core/Src/stm32f0xx_hal_msp.o
                0x00000000080028f8                HAL_CAN_MspInit
 .text.HAL_TIM_Base_MspInit
                0x0000000008002994       0x6c Core/Src/stm32f0xx_hal_msp.o
                0x0000000008002994                HAL_TIM_Base_MspInit
 .text.HAL_UART_MspInit
                0x0000000008002a00       0x98 Core/Src/stm32f0xx_hal_msp.o
                0x0000000008002a00                HAL_UART_MspInit
 .text.HAL_InitTick
                0x0000000008002a98       0xbc Core/Src/stm32f0xx_hal_timebase_tim.o
                0x0000000008002a98                HAL_InitTick
 .text.NMI_Handler
                0x0000000008002b54        0xa Core/Src/stm32f0xx_it.o
                0x0000000008002b54                NMI_Handler
 .text.HardFault_Handler
                0x0000000008002b5e        0xa Core/Src/stm32f0xx_it.o
                0x0000000008002b5e                HardFault_Handler
 .text.DMA1_Channel1_IRQHandler
                0x0000000008002b68       0x18 Core/Src/stm32f0xx_it.o
                0x0000000008002b68                DMA1_Channel1_IRQHandler
 .text.TIM14_IRQHandler
                0x0000000008002b80       0x18 Core/Src/stm32f0xx_it.o
                0x0000000008002b80                TIM14_IRQHandler
 .text.SystemInit
                0x0000000008002b98        0xa Core/Src/system_stm32f0xx.o
                0x0000000008002b98                SystemInit
 *fill*         0x0000000008002ba2        0x2 
 .text.Reset_Handler
                0x0000000008002ba4       0x50 Core/Startup/startup_stm32f072rbtx.o
                0x0000000008002ba4                Reset_Handler
 .text.Default_Handler
                0x0000000008002bf4        0x2 Core/Startup/startup_stm32f072rbtx.o
                0x0000000008002bf4                TIM1_CC_IRQHandler
                0x0000000008002bf4                TSC_IRQHandler
                0x0000000008002bf4                ADC1_COMP_IRQHandler
                0x0000000008002bf4                I2C1_IRQHandler
                0x0000000008002bf4                RCC_CRS_IRQHandler
                0x0000000008002bf4                SPI1_IRQHandler
                0x0000000008002bf4                TIM6_DAC_IRQHandler
                0x0000000008002bf4                USART3_4_IRQHandler
                0x0000000008002bf4                EXTI2_3_IRQHandler
                0x0000000008002bf4                I2C2_IRQHandler
                0x0000000008002bf4                TIM17_IRQHandler
                0x0000000008002bf4                CEC_CAN_IRQHandler
                0x0000000008002bf4                RTC_IRQHandler
                0x0000000008002bf4                PVD_VDDIO2_IRQHandler
                0x0000000008002bf4                DMA1_Channel4_5_6_7_IRQHandler
                0x0000000008002bf4                TIM16_IRQHandler
                0x0000000008002bf4                TIM3_IRQHandler
                0x0000000008002bf4                EXTI4_15_IRQHandler
                0x0000000008002bf4                Default_Handler
                0x0000000008002bf4                TIM7_IRQHandler
                0x0000000008002bf4                TIM15_IRQHandler
                0x0000000008002bf4                EXTI0_1_IRQHandler
                0x0000000008002bf4                USB_IRQHandler
                0x0000000008002bf4                SPI2_IRQHandler
                0x0000000008002bf4                WWDG_IRQHandler
                0x0000000008002bf4                TIM2_IRQHandler
                0x0000000008002bf4                DMA1_Channel2_3_IRQHandler
                0x0000000008002bf4                USART2_IRQHandler
                0x0000000008002bf4                FLASH_IRQHandler
                0x0000000008002bf4                USART1_IRQHandler
                0x0000000008002bf4                TIM1_BRK_UP_TRG_COM_IRQHandler
 *fill*         0x0000000008002bf6        0x2 
 .text.HAL_Init
                0x0000000008002bf8       0x28 Drivers/STM32F0xx_HAL_Driver/Src/stm32f0xx_hal.o
                0x0000000008002bf8                HAL_Init
 .text.HAL_IncTick
                0x0000000008002c20       0x24 Drivers/STM32F0xx_HAL_Driver/Src/stm32f0xx_hal.o
                0x0000000008002c20                HAL_IncTick
 .text.HAL_GetTick
                0x0000000008002c44       0x14 Drivers/STM32F0xx_HAL_Driver/Src/stm32f0xx_hal.o
                0x0000000008002c44                HAL_GetTick
 .text.HAL_Delay
                0x0000000008002c58       0x44 Drivers/STM32F0xx_HAL_Driver/Src/stm32f0xx_hal.o
                0x0000000008002c58                HAL_Delay
 .text.HAL_ADC_Init
                0x0000000008002c9c      0x280 Drivers/STM32F0xx_HAL_Driver/Src/stm32f0xx_hal_adc.o
                0x0000000008002c9c                HAL_ADC_Init
 .text.HAL_ADC_Start_DMA
                0x0000000008002f1c      0x104 Drivers/STM32F0xx_HAL_Driver/Src/stm32f0xx_hal_adc.o
                0x0000000008002f1c                HAL_ADC_Start_DMA
 .text.HAL_ADC_Stop_DMA
                0x0000000008003020       0xdc Drivers/STM32F0xx_HAL_Driver/Src/stm32f0xx_hal_adc.o
                0x0000000008003020                HAL_ADC_Stop_DMA
 .text.HAL_ADC_ConvHalfCpltCallback
                0x00000000080030fc       0x10 Drivers/STM32F0xx_HAL_Driver/Src/stm32f0xx_hal_adc.o
                0x00000000080030fc                HAL_ADC_ConvHalfCpltCallback
 .text.HAL_ADC_ErrorCallback
                0x000000000800310c       0x10 Drivers/STM32F0xx_HAL_Driver/Src/stm32f0xx_hal_adc.o
                0x000000000800310c                HAL_ADC_ErrorCallback
 .text.HAL_ADC_ConfigChannel
                0x000000000800311c      0x21c Drivers/STM32F0xx_HAL_Driver/Src/stm32f0xx_hal_adc.o
                0x000000000800311c                HAL_ADC_ConfigChannel
 .text.ADC_Enable
                0x0000000008003338       0xf8 Drivers/STM32F0xx_HAL_Driver/Src/stm32f0xx_hal_adc.o
 .text.ADC_Disable
                0x0000000008003430       0xd4 Drivers/STM32F0xx_HAL_Driver/Src/stm32f0xx_hal_adc.o
 .text.ADC_ConversionStop
                0x0000000008003504       0x8c Drivers/STM32F0xx_HAL_Driver/Src/stm32f0xx_hal_adc.o
 .text.ADC_DMAConvCplt
                0x0000000008003590       0xb4 Drivers/STM32F0xx_HAL_Driver/Src/stm32f0xx_hal_adc.o
 .text.ADC_DMAHalfConvCplt
                0x0000000008003644       0x1e Drivers/STM32F0xx_HAL_Driver/Src/stm32f0xx_hal_adc.o
 .text.ADC_DMAError
                0x0000000008003662       0x36 Drivers/STM32F0xx_HAL_Driver/Src/stm32f0xx_hal_adc.o
 .text.HAL_ADCEx_Calibration_Start
                0x0000000008003698      0x13c Drivers/STM32F0xx_HAL_Driver/Src/stm32f0xx_hal_adc_ex.o
                0x0000000008003698                HAL_ADCEx_Calibration_Start
 .text.HAL_CAN_Init
                0x00000000080037d4      0x1fc Drivers/STM32F0xx_HAL_Driver/Src/stm32f0xx_hal_can.o
                0x00000000080037d4                HAL_CAN_Init
 .text.__NVIC_EnableIRQ
                0x00000000080039d0       0x34 Drivers/STM32F0xx_HAL_Driver/Src/stm32f0xx_hal_cortex.o
 .text.__NVIC_SetPriority
                0x0000000008003a04       0xdc Drivers/STM32F0xx_HAL_Driver/Src/stm32f0xx_hal_cortex.o
 .text.HAL_NVIC_SetPriority
                0x0000000008003ae0       0x2a Drivers/STM32F0xx_HAL_Driver/Src/stm32f0xx_hal_cortex.o
                0x0000000008003ae0                HAL_NVIC_SetPriority
 .text.HAL_NVIC_EnableIRQ
                0x0000000008003b0a       0x20 Drivers/STM32F0xx_HAL_Driver/Src/stm32f0xx_hal_cortex.o
                0x0000000008003b0a                HAL_NVIC_EnableIRQ
 *fill*         0x0000000008003b2a        0x2 
 .text.HAL_DMA_Init
                0x0000000008003b2c       0x90 Drivers/STM32F0xx_HAL_Driver/Src/stm32f0xx_hal_dma.o
                0x0000000008003b2c                HAL_DMA_Init
 .text.HAL_DMA_Start_IT
                0x0000000008003bbc       0xcc Drivers/STM32F0xx_HAL_Driver/Src/stm32f0xx_hal_dma.o
                0x0000000008003bbc                HAL_DMA_Start_IT
 .text.HAL_DMA_Abort
                0x0000000008003c88       0x70 Drivers/STM32F0xx_HAL_Driver/Src/stm32f0xx_hal_dma.o
                0x0000000008003c88                HAL_DMA_Abort
 .text.HAL_DMA_IRQHandler
                0x0000000008003cf8      0x144 Drivers/STM32F0xx_HAL_Driver/Src/stm32f0xx_hal_dma.o
                0x0000000008003cf8                HAL_DMA_IRQHandler
 .text.DMA_SetConfig
                0x0000000008003e3c       0x58 Drivers/STM32F0xx_HAL_Driver/Src/stm32f0xx_hal_dma.o
 .text.DMA_CalcBaseAndBitshift
                0x0000000008003e94       0x38 Drivers/STM32F0xx_HAL_Driver/Src/stm32f0xx_hal_dma.o
 .text.HAL_GPIO_Init
                0x0000000008003ecc      0x2f0 Drivers/STM32F0xx_HAL_Driver/Src/stm32f0xx_hal_gpio.o
                0x0000000008003ecc                HAL_GPIO_Init
 .text.HAL_GPIO_WritePin
                0x00000000080041bc       0x3a Drivers/STM32F0xx_HAL_Driver/Src/stm32f0xx_hal_gpio.o
                0x00000000080041bc                HAL_GPIO_WritePin
 .text.HAL_GPIO_TogglePin
                0x00000000080041f6       0x36 Drivers/STM32F0xx_HAL_Driver/Src/stm32f0xx_hal_gpio.o
                0x00000000080041f6                HAL_GPIO_TogglePin
 .text.HAL_RCC_OscConfig
                0x000000000800422c      0x70c Drivers/STM32F0xx_HAL_Driver/Src/stm32f0xx_hal_rcc.o
                0x000000000800422c                HAL_RCC_OscConfig
 .text.HAL_RCC_ClockConfig
                0x0000000008004938      0x1b4 Drivers/STM32F0xx_HAL_Driver/Src/stm32f0xx_hal_rcc.o
                0x0000000008004938                HAL_RCC_ClockConfig
 .text.HAL_RCC_GetSysClockFreq
                0x0000000008004aec       0xfc Drivers/STM32F0xx_HAL_Driver/Src/stm32f0xx_hal_rcc.o
                0x0000000008004aec                HAL_RCC_GetSysClockFreq
 .text.HAL_RCC_GetHCLKFreq
                0x0000000008004be8       0x14 Drivers/STM32F0xx_HAL_Driver/Src/stm32f0xx_hal_rcc.o
                0x0000000008004be8                HAL_RCC_GetHCLKFreq
 .text.HAL_RCC_GetPCLK1Freq
                0x0000000008004bfc       0x2c Drivers/STM32F0xx_HAL_Driver/Src/stm32f0xx_hal_rcc.o
                0x0000000008004bfc                HAL_RCC_GetPCLK1Freq
 .text.HAL_RCC_GetClockConfig
                0x0000000008004c28       0x54 Drivers/STM32F0xx_HAL_Driver/Src/stm32f0xx_hal_rcc.o
                0x0000000008004c28                HAL_RCC_GetClockConfig
 .text.HAL_RCCEx_PeriphCLKConfig
                0x0000000008004c7c      0x200 Drivers/STM32F0xx_HAL_Driver/Src/stm32f0xx_hal_rcc_ex.o
                0x0000000008004c7c                HAL_RCCEx_PeriphCLKConfig
 .text.HAL_TIM_Base_Init
                0x0000000008004e7c       0x58 Drivers/STM32F0xx_HAL_Driver/Src/stm32f0xx_hal_tim.o
                0x0000000008004e7c                HAL_TIM_Base_Init
 .text.HAL_TIM_Base_Start
                0x0000000008004ed4       0x44 Drivers/STM32F0xx_HAL_Driver/Src/stm32f0xx_hal_tim.o
                0x0000000008004ed4                HAL_TIM_Base_Start
 .text.HAL_TIM_Base_Start_IT
                0x0000000008004f18       0x44 Drivers/STM32F0xx_HAL_Driver/Src/stm32f0xx_hal_tim.o
                0x0000000008004f18                HAL_TIM_Base_Start_IT
 .text.HAL_TIM_IRQHandler
                0x0000000008004f5c      0x22c Drivers/STM32F0xx_HAL_Driver/Src/stm32f0xx_hal_tim.o
                0x0000000008004f5c                HAL_TIM_IRQHandler
 .text.HAL_TIM_OC_DelayElapsedCallback
                0x0000000008005188       0x10 Drivers/STM32F0xx_HAL_Driver/Src/stm32f0xx_hal_tim.o
                0x0000000008005188                HAL_TIM_OC_DelayElapsedCallback
 .text.HAL_TIM_IC_CaptureCallback
                0x0000000008005198       0x10 Drivers/STM32F0xx_HAL_Driver/Src/stm32f0xx_hal_tim.o
                0x0000000008005198                HAL_TIM_IC_CaptureCallback
 .text.HAL_TIM_PWM_PulseFinishedCallback
                0x00000000080051a8       0x10 Drivers/STM32F0xx_HAL_Driver/Src/stm32f0xx_hal_tim.o
                0x00000000080051a8                HAL_TIM_PWM_PulseFinishedCallback
 .text.HAL_TIM_TriggerCallback
                0x00000000080051b8       0x10 Drivers/STM32F0xx_HAL_Driver/Src/stm32f0xx_hal_tim.o
                0x00000000080051b8                HAL_TIM_TriggerCallback
 .text.TIM_Base_SetConfig
                0x00000000080051c8      0x100 Drivers/STM32F0xx_HAL_Driver/Src/stm32f0xx_hal_tim.o
                0x00000000080051c8                TIM_Base_SetConfig
 .text.HAL_TIMEx_CommutCallback
                0x00000000080052c8       0x10 Drivers/STM32F0xx_HAL_Driver/Src/stm32f0xx_hal_tim_ex.o
                0x00000000080052c8                HAL_TIMEx_CommutCallback
 .text.HAL_TIMEx_BreakCallback
                0x00000000080052d8       0x10 Drivers/STM32F0xx_HAL_Driver/Src/stm32f0xx_hal_tim_ex.o
                0x00000000080052d8                HAL_TIMEx_BreakCallback
 .text.HAL_UART_Init
                0x00000000080052e8       0xa8 Drivers/STM32F0xx_HAL_Driver/Src/stm32f0xx_hal_uart.o
                0x00000000080052e8                HAL_UART_Init
 .text.UART_SetConfig
                0x0000000008005390      0x398 Drivers/STM32F0xx_HAL_Driver/Src/stm32f0xx_hal_uart.o
                0x0000000008005390                UART_SetConfig
 .text.UART_AdvFeatureConfig
                0x0000000008005728      0x168 Drivers/STM32F0xx_HAL_Driver/Src/stm32f0xx_hal_uart.o
                0x0000000008005728                UART_AdvFeatureConfig
 .text.UART_CheckIdleState
                0x0000000008005890       0x8c Drivers/STM32F0xx_HAL_Driver/Src/stm32f0xx_hal_uart.o
                0x0000000008005890                UART_CheckIdleState
 .text.UART_WaitOnFlagUntilTimeout
                0x000000000800591c       0xfc Drivers/STM32F0xx_HAL_Driver/Src/stm32f0xx_hal_uart.o
                0x000000000800591c                UART_WaitOnFlagUntilTimeout
 .text.osKernelInitialize
                0x0000000008005a18       0x58 Middlewares/Third_Party/FreeRTOS/Source/CMSIS_RTOS_V2/cmsis_os2.o
                0x0000000008005a18                osKernelInitialize
 .text.osKernelStart
                0x0000000008005a70       0x5c Middlewares/Third_Party/FreeRTOS/Source/CMSIS_RTOS_V2/cmsis_os2.o
                0x0000000008005a70                osKernelStart
 .text.osThreadNew
                0x0000000008005acc      0x150 Middlewares/Third_Party/FreeRTOS/Source/CMSIS_RTOS_V2/cmsis_os2.o
                0x0000000008005acc                osThreadNew
 .text.vApplicationGetIdleTaskMemory
                0x0000000008005c1c       0x30 Middlewares/Third_Party/FreeRTOS/Source/CMSIS_RTOS_V2/cmsis_os2.o
                0x0000000008005c1c                vApplicationGetIdleTaskMemory
 .text.vApplicationGetTimerTaskMemory
                0x0000000008005c4c       0x30 Middlewares/Third_Party/FreeRTOS/Source/CMSIS_RTOS_V2/cmsis_os2.o
                0x0000000008005c4c                vApplicationGetTimerTaskMemory
 .text.vListInitialise
                0x0000000008005c7c       0x3c Middlewares/Third_Party/FreeRTOS/Source/list.o
                0x0000000008005c7c                vListInitialise
 .text.vListInitialiseItem
                0x0000000008005cb8       0x16 Middlewares/Third_Party/FreeRTOS/Source/list.o
                0x0000000008005cb8                vListInitialiseItem
 .text.vListInsertEnd
                0x0000000008005cce       0x44 Middlewares/Third_Party/FreeRTOS/Source/list.o
                0x0000000008005cce                vListInsertEnd
 .text.vListInsert
                0x0000000008005d12       0x6c Middlewares/Third_Party/FreeRTOS/Source/list.o
                0x0000000008005d12                vListInsert
 .text.uxListRemove
                0x0000000008005d7e       0x50 Middlewares/Third_Party/FreeRTOS/Source/list.o
                0x0000000008005d7e                uxListRemove
 .text.xQueueGenericReset
                0x0000000008005dce       0xa8 Middlewares/Third_Party/FreeRTOS/Source/queue.o
                0x0000000008005dce                xQueueGenericReset
 .text.xQueueGenericCreateStatic
                0x0000000008005e76       0x96 Middlewares/Third_Party/FreeRTOS/Source/queue.o
                0x0000000008005e76                xQueueGenericCreateStatic
 .text.prvInitialiseNewQueue
                0x0000000008005f0c       0x4e Middlewares/Third_Party/FreeRTOS/Source/queue.o
 .text.xQueueGenericSend
                0x0000000008005f5a      0x188 Middlewares/Third_Party/FreeRTOS/Source/queue.o
                0x0000000008005f5a                xQueueGenericSend
 .text.xQueueGenericSendFromISR
                0x00000000080060e2       0xe2 Middlewares/Third_Party/FreeRTOS/Source/queue.o
                0x00000000080060e2                xQueueGenericSendFromISR
 .text.xQueueReceive
                0x00000000080061c4      0x16a Middlewares/Third_Party/FreeRTOS/Source/queue.o
                0x00000000080061c4                xQueueReceive
 .text.prvCopyDataToQueue
                0x000000000800632e       0xd6 Middlewares/Third_Party/FreeRTOS/Source/queue.o
 .text.prvCopyDataFromQueue
                0x0000000008006404       0x4c Middlewares/Third_Party/FreeRTOS/Source/queue.o
 .text.prvUnlockQueue
                0x0000000008006450       0xbc Middlewares/Third_Party/FreeRTOS/Source/queue.o
 .text.prvIsQueueEmpty
                0x000000000800650c       0x2c Middlewares/Third_Party/FreeRTOS/Source/queue.o
 .text.prvIsQueueFull
                0x0000000008006538       0x30 Middlewares/Third_Party/FreeRTOS/Source/queue.o
 .text.vQueueAddToRegistry
                0x0000000008006568       0x50 Middlewares/Third_Party/FreeRTOS/Source/queue.o
                0x0000000008006568                vQueueAddToRegistry
 .text.vQueueWaitForMessageRestricted
                0x00000000080065b8       0x66 Middlewares/Third_Party/FreeRTOS/Source/queue.o
                0x00000000080065b8                vQueueWaitForMessageRestricted
 .text.xTaskCreateStatic
                0x000000000800661e       0x86 Middlewares/Third_Party/FreeRTOS/Source/tasks.o
                0x000000000800661e                xTaskCreateStatic
 .text.xTaskCreate
                0x00000000080066a4       0x98 Middlewares/Third_Party/FreeRTOS/Source/tasks.o
                0x00000000080066a4                xTaskCreate
 .text.prvInitialiseNewTask
                0x000000000800673c      0x104 Middlewares/Third_Party/FreeRTOS/Source/tasks.o
 .text.prvAddNewTaskToReadyList
                0x0000000008006840       0xd0 Middlewares/Third_Party/FreeRTOS/Source/tasks.o
 .text.vTaskDelay
                0x0000000008006910       0x4c Middlewares/Third_Party/FreeRTOS/Source/tasks.o
                0x0000000008006910                vTaskDelay
 .text.vTaskStartScheduler
                0x000000000800695c       0xa8 Middlewares/Third_Party/FreeRTOS/Source/tasks.o
                0x000000000800695c                vTaskStartScheduler
 .text.vTaskSuspendAll
                0x0000000008006a04       0x18 Middlewares/Third_Party/FreeRTOS/Source/tasks.o
                0x0000000008006a04                vTaskSuspendAll
 .text.xTaskResumeAll
                0x0000000008006a1c      0x118 Middlewares/Third_Party/FreeRTOS/Source/tasks.o
                0x0000000008006a1c                xTaskResumeAll
 .text.xTaskGetTickCount
                0x0000000008006b34       0x1c Middlewares/Third_Party/FreeRTOS/Source/tasks.o
                0x0000000008006b34                xTaskGetTickCount
 .text.xTaskIncrementTick
                0x0000000008006b50      0x168 Middlewares/Third_Party/FreeRTOS/Source/tasks.o
                0x0000000008006b50                xTaskIncrementTick
 .text.vTaskSwitchContext
                0x0000000008006cb8       0xa4 Middlewares/Third_Party/FreeRTOS/Source/tasks.o
                0x0000000008006cb8                vTaskSwitchContext
 .text.vTaskPlaceOnEventList
                0x0000000008006d5c       0x3c Middlewares/Third_Party/FreeRTOS/Source/tasks.o
                0x0000000008006d5c                vTaskPlaceOnEventList
 .text.vTaskPlaceOnEventListRestricted
                0x0000000008006d98       0x4c Middlewares/Third_Party/FreeRTOS/Source/tasks.o
                0x0000000008006d98                vTaskPlaceOnEventListRestricted
 .text.xTaskRemoveFromEventList
                0x0000000008006de4       0xb8 Middlewares/Third_Party/FreeRTOS/Source/tasks.o
                0x0000000008006de4                xTaskRemoveFromEventList
 .text.vTaskInternalSetTimeOutState
                0x0000000008006e9c       0x28 Middlewares/Third_Party/FreeRTOS/Source/tasks.o
                0x0000000008006e9c                vTaskInternalSetTimeOutState
 .text.xTaskCheckForTimeOut
                0x0000000008006ec4       0xa0 Middlewares/Third_Party/FreeRTOS/Source/tasks.o
                0x0000000008006ec4                xTaskCheckForTimeOut
 .text.vTaskMissedYield
                0x0000000008006f64       0x14 Middlewares/Third_Party/FreeRTOS/Source/tasks.o
                0x0000000008006f64                vTaskMissedYield
 .text.prvIdleTask
                0x0000000008006f78       0x20 Middlewares/Third_Party/FreeRTOS/Source/tasks.o
 .text.prvInitialiseTaskLists
                0x0000000008006f98       0x88 Middlewares/Third_Party/FreeRTOS/Source/tasks.o
 .text.prvCheckTasksWaitingTermination
                0x0000000008007020       0x5c Middlewares/Third_Party/FreeRTOS/Source/tasks.o
 .text.prvDeleteTCB
                0x000000000800707c       0x50 Middlewares/Third_Party/FreeRTOS/Source/tasks.o
 .text.prvResetNextTaskUnblockTime
                0x00000000080070cc       0x48 Middlewares/Third_Party/FreeRTOS/Source/tasks.o
 .text.xTaskGetSchedulerState
                0x0000000008007114       0x38 Middlewares/Third_Party/FreeRTOS/Source/tasks.o
                0x0000000008007114                xTaskGetSchedulerState
 .text.xTaskPriorityDisinherit
                0x000000000800714c       0xb8 Middlewares/Third_Party/FreeRTOS/Source/tasks.o
                0x000000000800714c                xTaskPriorityDisinherit
 .text.prvAddCurrentTaskToDelayedList
                0x0000000008007204       0xa8 Middlewares/Third_Party/FreeRTOS/Source/tasks.o
 .text.xTimerCreateTimerTask
                0x00000000080072ac       0x7c Middlewares/Third_Party/FreeRTOS/Source/timers.o
                0x00000000080072ac                xTimerCreateTimerTask
 .text.xTimerGenericCommand
                0x0000000008007328       0x98 Middlewares/Third_Party/FreeRTOS/Source/timers.o
                0x0000000008007328                xTimerGenericCommand
 .text.prvProcessExpiredTimer
                0x00000000080073c0       0x70 Middlewares/Third_Party/FreeRTOS/Source/timers.o
 .text.prvTimerTask
                0x0000000008007430       0x28 Middlewares/Third_Party/FreeRTOS/Source/timers.o
 .text.prvProcessTimerOrBlockTask
                0x0000000008007458       0x8c Middlewares/Third_Party/FreeRTOS/Source/timers.o
 .text.prvGetNextExpireTime
                0x00000000080074e4       0x40 Middlewares/Third_Party/FreeRTOS/Source/timers.o
 .text.prvSampleTimeNow
                0x0000000008007524       0x40 Middlewares/Third_Party/FreeRTOS/Source/timers.o
 .text.prvInsertTimerInActiveList
                0x0000000008007564       0x84 Middlewares/Third_Party/FreeRTOS/Source/timers.o
 .text.prvProcessReceivedCommands
                0x00000000080075e8      0x134 Middlewares/Third_Party/FreeRTOS/Source/timers.o
 .text.prvSwitchTimerLists
                0x000000000800771c       0xb4 Middlewares/Third_Party/FreeRTOS/Source/timers.o
 .text.prvCheckForValidListAndQueue
                0x00000000080077d0       0x88 Middlewares/Third_Party/FreeRTOS/Source/timers.o
 .text.pxPortInitialiseStack
                0x0000000008007858       0x54 Middlewares/Third_Party/FreeRTOS/Source/portable/GCC/ARM_CM0/port.o
                0x0000000008007858                pxPortInitialiseStack
 .text.prvTaskExitError
                0x00000000080078ac       0x2c Middlewares/Third_Party/FreeRTOS/Source/portable/GCC/ARM_CM0/port.o
 .text.SVC_Handler
                0x00000000080078d8        0xa Middlewares/Third_Party/FreeRTOS/Source/portable/GCC/ARM_CM0/port.o
                0x00000000080078d8                SVC_Handler
 *fill*         0x00000000080078e2        0xe 
 .text.vPortStartFirstTask
                0x00000000080078f0       0x38 Middlewares/Third_Party/FreeRTOS/Source/portable/GCC/ARM_CM0/port.o
 .text.xPortStartScheduler
                0x0000000008007928       0x48 Middlewares/Third_Party/FreeRTOS/Source/portable/GCC/ARM_CM0/port.o
                0x0000000008007928                xPortStartScheduler
 .text.vPortYield
                0x0000000008007970       0x20 Middlewares/Third_Party/FreeRTOS/Source/portable/GCC/ARM_CM0/port.o
                0x0000000008007970                vPortYield
 .text.vPortEnterCritical
                0x0000000008007990       0x24 Middlewares/Third_Party/FreeRTOS/Source/portable/GCC/ARM_CM0/port.o
                0x0000000008007990                vPortEnterCritical
 .text.vPortExitCritical
                0x00000000080079b4       0x30 Middlewares/Third_Party/FreeRTOS/Source/portable/GCC/ARM_CM0/port.o
                0x00000000080079b4                vPortExitCritical
 .text.ulSetInterruptMaskFromISR
                0x00000000080079e4        0xc Middlewares/Third_Party/FreeRTOS/Source/portable/GCC/ARM_CM0/port.o
                0x00000000080079e4                ulSetInterruptMaskFromISR
 .text.vClearInterruptMaskFromISR
                0x00000000080079f0        0x8 Middlewares/Third_Party/FreeRTOS/Source/portable/GCC/ARM_CM0/port.o
                0x00000000080079f0                vClearInterruptMaskFromISR
 *fill*         0x00000000080079f8        0x8 
 .text.PendSV_Handler
                0x0000000008007a00       0x48 Middlewares/Third_Party/FreeRTOS/Source/portable/GCC/ARM_CM0/port.o
                0x0000000008007a00                PendSV_Handler
 .text.SysTick_Handler
                0x0000000008007a48       0x34 Middlewares/Third_Party/FreeRTOS/Source/portable/GCC/ARM_CM0/port.o
                0x0000000008007a48                SysTick_Handler
 .text.prvSetupTimerInterrupt
                0x0000000008007a7c       0x44 Middlewares/Third_Party/FreeRTOS/Source/portable/GCC/ARM_CM0/port.o
 .text.pvPortMalloc
                0x0000000008007ac0      0x14c Middlewares/Third_Party/FreeRTOS/Source/portable/MemMang/heap_4.o
                0x0000000008007ac0                pvPortMalloc
 .text.vPortFree
                0x0000000008007c0c       0x90 Middlewares/Third_Party/FreeRTOS/Source/portable/MemMang/heap_4.o
                0x0000000008007c0c                vPortFree
 .text.prvHeapInit
                0x0000000008007c9c       0xc0 Middlewares/Third_Party/FreeRTOS/Source/portable/MemMang/heap_4.o
 .text.prvInsertBlockIntoFreeList
                0x0000000008007d5c       0xb0 Middlewares/Third_Party/FreeRTOS/Source/portable/MemMang/heap_4.o
 .text.__libc_init_array
                0x0000000008007e0c       0x48 c:/st/stm32cubeide_1.3.0/stm32cubeide/plugins/com.st.stm32cube.ide.mcu.externaltools.gnu-tools-for-stm32.7-2018-q2-update.win32_1.0.0.201904181610/tools/bin/../lib/gcc/arm-none-eabi/7.3.1/../../../../arm-none-eabi/lib/thumb/v6-m\libc_nano.a(lib_a-init.o)
                0x0000000008007e0c                __libc_init_array
 .text.memcpy   0x0000000008007e54       0x12 c:/st/stm32cubeide_1.3.0/stm32cubeide/plugins/com.st.stm32cube.ide.mcu.externaltools.gnu-tools-for-stm32.7-2018-q2-update.win32_1.0.0.201904181610/tools/bin/../lib/gcc/arm-none-eabi/7.3.1/../../../../arm-none-eabi/lib/thumb/v6-m\libc_nano.a(lib_a-memcpy-stub.o)
                0x0000000008007e54                memcpy
 .text.memset   0x0000000008007e66       0x10 c:/st/stm32cubeide_1.3.0/stm32cubeide/plugins/com.st.stm32cube.ide.mcu.externaltools.gnu-tools-for-stm32.7-2018-q2-update.win32_1.0.0.201904181610/tools/bin/../lib/gcc/arm-none-eabi/7.3.1/../../../../arm-none-eabi/lib/thumb/v6-m\libc_nano.a(lib_a-memset.o)
                0x0000000008007e66                memset
 *(.glue_7)
 .glue_7        0x0000000008007e76        0x0 linker stubs
 *(.glue_7t)
 .glue_7t       0x0000000008007e76        0x0 linker stubs
 *(.eh_frame)
 *fill*         0x0000000008007e76        0x2 
 .eh_frame      0x0000000008007e78        0x0 c:/st/stm32cubeide_1.3.0/stm32cubeide/plugins/com.st.stm32cube.ide.mcu.externaltools.gnu-tools-for-stm32.7-2018-q2-update.win32_1.0.0.201904181610/tools/bin/../lib/gcc/arm-none-eabi/7.3.1/thumb/v6-m/crtbegin.o
 *(.init)
 .init          0x0000000008007e78        0x4 c:/st/stm32cubeide_1.3.0/stm32cubeide/plugins/com.st.stm32cube.ide.mcu.externaltools.gnu-tools-for-stm32.7-2018-q2-update.win32_1.0.0.201904181610/tools/bin/../lib/gcc/arm-none-eabi/7.3.1/thumb/v6-m/crti.o
                0x0000000008007e78                _init
 .init          0x0000000008007e7c        0x8 c:/st/stm32cubeide_1.3.0/stm32cubeide/plugins/com.st.stm32cube.ide.mcu.externaltools.gnu-tools-for-stm32.7-2018-q2-update.win32_1.0.0.201904181610/tools/bin/../lib/gcc/arm-none-eabi/7.3.1/thumb/v6-m/crtn.o
 *(.fini)
 .fini          0x0000000008007e84        0x4 c:/st/stm32cubeide_1.3.0/stm32cubeide/plugins/com.st.stm32cube.ide.mcu.externaltools.gnu-tools-for-stm32.7-2018-q2-update.win32_1.0.0.201904181610/tools/bin/../lib/gcc/arm-none-eabi/7.3.1/thumb/v6-m/crti.o
                0x0000000008007e84                _fini
 .fini          0x0000000008007e88        0x8 c:/st/stm32cubeide_1.3.0/stm32cubeide/plugins/com.st.stm32cube.ide.mcu.externaltools.gnu-tools-for-stm32.7-2018-q2-update.win32_1.0.0.201904181610/tools/bin/../lib/gcc/arm-none-eabi/7.3.1/thumb/v6-m/crtn.o
                0x0000000008007e90                . = ALIGN (0x4)
                0x0000000008007e90                _etext = .

.vfp11_veneer   0x0000000008007e90        0x0
 .vfp11_veneer  0x0000000008007e90        0x0 linker stubs

.v4_bx          0x0000000008007e90        0x0
 .v4_bx         0x0000000008007e90        0x0 linker stubs

.iplt           0x0000000008007e90        0x0
 .iplt          0x0000000008007e90        0x0 c:/st/stm32cubeide_1.3.0/stm32cubeide/plugins/com.st.stm32cube.ide.mcu.externaltools.gnu-tools-for-stm32.7-2018-q2-update.win32_1.0.0.201904181610/tools/bin/../lib/gcc/arm-none-eabi/7.3.1/thumb/v6-m/crtbegin.o

.rodata         0x0000000008007e90      0x190
                0x0000000008007e90                . = ALIGN (0x4)
 *(.rodata)
 .rodata        0x0000000008007e90       0x2a Core/Src/main.o
 *fill*         0x0000000008007eba        0x2 
 .rodata        0x0000000008007ebc       0x20 Drivers/STM32F0xx_HAL_Driver/Src/stm32f0xx_hal_rcc.o
 .rodata        0x0000000008007edc        0x5 Middlewares/Third_Party/FreeRTOS/Source/tasks.o
 *fill*         0x0000000008007ee1        0x3 
 .rodata        0x0000000008007ee4        0xd Middlewares/Third_Party/FreeRTOS/Source/timers.o
 *fill*         0x0000000008007ef1        0x3 
 .rodata        0x0000000008007ef4       0x40 c:/st/stm32cubeide_1.3.0/stm32cubeide/plugins/com.st.stm32cube.ide.mcu.externaltools.gnu-tools-for-stm32.7-2018-q2-update.win32_1.0.0.201904181610/tools/bin/../lib/gcc/arm-none-eabi/7.3.1/thumb/v6-m\libgcc.a(divdf3.o)
 .rodata        0x0000000008007f34       0x40 c:/st/stm32cubeide_1.3.0/stm32cubeide/plugins/com.st.stm32cube.ide.mcu.externaltools.gnu-tools-for-stm32.7-2018-q2-update.win32_1.0.0.201904181610/tools/bin/../lib/gcc/arm-none-eabi/7.3.1/thumb/v6-m\libgcc.a(muldf3.o)
 *(.rodata*)
 .rodata.Channel_control_attributes
                0x0000000008007f74       0x24 Core/Src/main.o
                0x0000000008007f74                Channel_control_attributes
 .rodata.CAN_TX_task_attributes
                0x0000000008007f98       0x24 Core/Src/main.o
                0x0000000008007f98                CAN_TX_task_attributes
 .rodata.ADC_scheduler_attributes
                0x0000000008007fbc       0x24 Core/Src/main.o
                0x0000000008007fbc                ADC_scheduler_attributes
 .rodata.AHBPrescTable
                0x0000000008007fe0       0x10 Core/Src/system_stm32f0xx.o
                0x0000000008007fe0                AHBPrescTable
 .rodata.APBPrescTable
                0x0000000008007ff0        0x8 Core/Src/system_stm32f0xx.o
                0x0000000008007ff0                APBPrescTable
 .rodata.prvProcessReceivedCommands
                0x0000000008007ff8       0x28 Middlewares/Third_Party/FreeRTOS/Source/timers.o
                0x0000000008008020                . = ALIGN (0x4)

.rel.dyn        0x0000000008008020        0x0
 .rel.iplt      0x0000000008008020        0x0 c:/st/stm32cubeide_1.3.0/stm32cubeide/plugins/com.st.stm32cube.ide.mcu.externaltools.gnu-tools-for-stm32.7-2018-q2-update.win32_1.0.0.201904181610/tools/bin/../lib/gcc/arm-none-eabi/7.3.1/thumb/v6-m/crtbegin.o

.ARM.extab      0x0000000008008020        0x0
                0x0000000008008020                . = ALIGN (0x4)
 *(.ARM.extab* .gnu.linkonce.armextab.*)
                0x0000000008008020                . = ALIGN (0x4)

.ARM            0x0000000008008020        0x0
                0x0000000008008020                . = ALIGN (0x4)
                0x0000000008008020                __exidx_start = .
 *(.ARM.exidx*)
                0x0000000008008020                __exidx_end = .
                0x0000000008008020                . = ALIGN (0x4)

.preinit_array  0x0000000008008020        0x0
                0x0000000008008020                . = ALIGN (0x4)
                0x0000000008008020                PROVIDE (__preinit_array_start = .)
 *(.preinit_array*)
                0x0000000008008020                PROVIDE (__preinit_array_end = .)
                0x0000000008008020                . = ALIGN (0x4)

.init_array     0x0000000008008020        0x4
                0x0000000008008020                . = ALIGN (0x4)
                0x0000000008008020                PROVIDE (__init_array_start = .)
 *(SORT_BY_NAME(.init_array.*))
 *(.init_array*)
 .init_array    0x0000000008008020        0x4 c:/st/stm32cubeide_1.3.0/stm32cubeide/plugins/com.st.stm32cube.ide.mcu.externaltools.gnu-tools-for-stm32.7-2018-q2-update.win32_1.0.0.201904181610/tools/bin/../lib/gcc/arm-none-eabi/7.3.1/thumb/v6-m/crtbegin.o
                0x0000000008008024                PROVIDE (__init_array_end = .)
                0x0000000008008024                . = ALIGN (0x4)

.fini_array     0x0000000008008024        0x4
                0x0000000008008024                . = ALIGN (0x4)
                [!provide]                        PROVIDE (__fini_array_start = .)
 *(SORT_BY_NAME(.fini_array.*))
 *(.fini_array*)
 .fini_array    0x0000000008008024        0x4 c:/st/stm32cubeide_1.3.0/stm32cubeide/plugins/com.st.stm32cube.ide.mcu.externaltools.gnu-tools-for-stm32.7-2018-q2-update.win32_1.0.0.201904181610/tools/bin/../lib/gcc/arm-none-eabi/7.3.1/thumb/v6-m/crtbegin.o
                [!provide]                        PROVIDE (__fini_array_end = .)
                0x0000000008008028                . = ALIGN (0x4)
                0x0000000008008028                _sidata = LOADADDR (.data)

.data           0x0000000020000000       0x84 load address 0x0000000008008028
                0x0000000020000000                . = ALIGN (0x4)
                0x0000000020000000                _sdata = .
 *(.data)
 *(.data*)
 .data.test_device_1
                0x0000000020000000       0x28 Core/Src/GO4_PDM_2020.o
 .data.test_device_2
                0x0000000020000028       0x28 Core/Src/GO4_PDM_2020.o
 .data.test_device_3
                0x0000000020000050       0x28 Core/Src/GO4_PDM_2020.o
 .data.SystemCoreClock
                0x0000000020000078        0x4 Core/Src/system_stm32f0xx.o
                0x0000000020000078                SystemCoreClock
 .data.uwTickFreq
                0x000000002000007c        0x1 Drivers/STM32F0xx_HAL_Driver/Src/stm32f0xx_hal.o
                0x000000002000007c                uwTickFreq
 *fill*         0x000000002000007d        0x3 
 .data.uxCriticalNesting
                0x0000000020000080        0x4 Middlewares/Third_Party/FreeRTOS/Source/portable/GCC/ARM_CM0/port.o
                0x0000000020000084                . = ALIGN (0x4)
                0x0000000020000084                _edata = .

.igot.plt       0x0000000020000084        0x0 load address 0x00000000080080ac
 .igot.plt      0x0000000020000084        0x0 c:/st/stm32cubeide_1.3.0/stm32cubeide/plugins/com.st.stm32cube.ide.mcu.externaltools.gnu-tools-for-stm32.7-2018-q2-update.win32_1.0.0.201904181610/tools/bin/../lib/gcc/arm-none-eabi/7.3.1/thumb/v6-m/crtbegin.o
                0x0000000020000084                . = ALIGN (0x4)

.bss            0x0000000020000088     0x1bf4 load address 0x00000000080080ac
                0x0000000020000088                _sbss = .
                0x0000000020000088                __bss_start__ = _sbss
 *(.bss)
 .bss           0x0000000020000088       0x1c c:/st/stm32cubeide_1.3.0/stm32cubeide/plugins/com.st.stm32cube.ide.mcu.externaltools.gnu-tools-for-stm32.7-2018-q2-update.win32_1.0.0.201904181610/tools/bin/../lib/gcc/arm-none-eabi/7.3.1/thumb/v6-m/crtbegin.o
 *(.bss*)
 .bss.conv_cplt_flag
                0x00000000200000a4        0x1 Core/Src/GO4_PDM_2020.o
 *fill*         0x00000000200000a5        0x3 
 .bss.current_buffer
                0x00000000200000a8       0x12 Core/Src/GO4_PDM_2020.o
 *fill*         0x00000000200000ba        0x2 
 .bss.averaged_buffer
                0x00000000200000bc        0x6 Core/Src/GO4_PDM_2020.o
 *fill*         0x00000000200000c2        0x6 
 .bss.pdm_devices
                0x00000000200000c8       0x78 Core/Src/GO4_PDM_2020.o
 .bss.KernelState
                0x0000000020000140        0x4 Middlewares/Third_Party/FreeRTOS/Source/CMSIS_RTOS_V2/cmsis_os2.o
 .bss.Idle_TCB  0x0000000020000144       0x5c Middlewares/Third_Party/FreeRTOS/Source/CMSIS_RTOS_V2/cmsis_os2.o
 .bss.Idle_Stack
                0x00000000200001a0      0x200 Middlewares/Third_Party/FreeRTOS/Source/CMSIS_RTOS_V2/cmsis_os2.o
 .bss.Timer_TCB
                0x00000000200003a0       0x5c Middlewares/Third_Party/FreeRTOS/Source/CMSIS_RTOS_V2/cmsis_os2.o
 .bss.Timer_Stack
                0x00000000200003fc      0x400 Middlewares/Third_Party/FreeRTOS/Source/CMSIS_RTOS_V2/cmsis_os2.o
 .bss.pxCurrentTCB
                0x00000000200007fc        0x4 Middlewares/Third_Party/FreeRTOS/Source/tasks.o
                0x00000000200007fc                pxCurrentTCB
 .bss.pxReadyTasksLists
                0x0000000020000800      0x460 Middlewares/Third_Party/FreeRTOS/Source/tasks.o
 .bss.xDelayedTaskList1
                0x0000000020000c60       0x14 Middlewares/Third_Party/FreeRTOS/Source/tasks.o
 .bss.xDelayedTaskList2
                0x0000000020000c74       0x14 Middlewares/Third_Party/FreeRTOS/Source/tasks.o
 .bss.pxDelayedTaskList
                0x0000000020000c88        0x4 Middlewares/Third_Party/FreeRTOS/Source/tasks.o
 .bss.pxOverflowDelayedTaskList
                0x0000000020000c8c        0x4 Middlewares/Third_Party/FreeRTOS/Source/tasks.o
 .bss.xPendingReadyList
                0x0000000020000c90       0x14 Middlewares/Third_Party/FreeRTOS/Source/tasks.o
 .bss.xTasksWaitingTermination
                0x0000000020000ca4       0x14 Middlewares/Third_Party/FreeRTOS/Source/tasks.o
 .bss.uxDeletedTasksWaitingCleanUp
                0x0000000020000cb8        0x4 Middlewares/Third_Party/FreeRTOS/Source/tasks.o
 .bss.xSuspendedTaskList
                0x0000000020000cbc       0x14 Middlewares/Third_Party/FreeRTOS/Source/tasks.o
 .bss.uxCurrentNumberOfTasks
                0x0000000020000cd0        0x4 Middlewares/Third_Party/FreeRTOS/Source/tasks.o
 .bss.xTickCount
                0x0000000020000cd4        0x4 Middlewares/Third_Party/FreeRTOS/Source/tasks.o
 .bss.uxTopReadyPriority
                0x0000000020000cd8        0x4 Middlewares/Third_Party/FreeRTOS/Source/tasks.o
 .bss.xSchedulerRunning
                0x0000000020000cdc        0x4 Middlewares/Third_Party/FreeRTOS/Source/tasks.o
 .bss.uxPendedTicks
                0x0000000020000ce0        0x4 Middlewares/Third_Party/FreeRTOS/Source/tasks.o
 .bss.xYieldPending
                0x0000000020000ce4        0x4 Middlewares/Third_Party/FreeRTOS/Source/tasks.o
 .bss.xNumOfOverflows
                0x0000000020000ce8        0x4 Middlewares/Third_Party/FreeRTOS/Source/tasks.o
 .bss.uxTaskNumber
                0x0000000020000cec        0x4 Middlewares/Third_Party/FreeRTOS/Source/tasks.o
 .bss.xNextTaskUnblockTime
                0x0000000020000cf0        0x4 Middlewares/Third_Party/FreeRTOS/Source/tasks.o
 .bss.xIdleTaskHandle
                0x0000000020000cf4        0x4 Middlewares/Third_Party/FreeRTOS/Source/tasks.o
 .bss.uxSchedulerSuspended
                0x0000000020000cf8        0x4 Middlewares/Third_Party/FreeRTOS/Source/tasks.o
 .bss.xActiveTimerList1
                0x0000000020000cfc       0x14 Middlewares/Third_Party/FreeRTOS/Source/timers.o
 .bss.xActiveTimerList2
                0x0000000020000d10       0x14 Middlewares/Third_Party/FreeRTOS/Source/timers.o
 .bss.pxCurrentTimerList
                0x0000000020000d24        0x4 Middlewares/Third_Party/FreeRTOS/Source/timers.o
 .bss.pxOverflowTimerList
                0x0000000020000d28        0x4 Middlewares/Third_Party/FreeRTOS/Source/timers.o
 .bss.xTimerQueue
                0x0000000020000d2c        0x4 Middlewares/Third_Party/FreeRTOS/Source/timers.o
 .bss.xTimerTaskHandle
                0x0000000020000d30        0x4 Middlewares/Third_Party/FreeRTOS/Source/timers.o
 .bss.xLastTime.5439
                0x0000000020000d34        0x4 Middlewares/Third_Party/FreeRTOS/Source/timers.o
 .bss.ucStaticTimerQueueStorage.5490
                0x0000000020000d38       0xa0 Middlewares/Third_Party/FreeRTOS/Source/timers.o
 .bss.xStaticTimerQueue.5489
                0x0000000020000dd8       0x50 Middlewares/Third_Party/FreeRTOS/Source/timers.o
 .bss.ucHeap    0x0000000020000e28      0xc00 Middlewares/Third_Party/FreeRTOS/Source/portable/MemMang/heap_4.o
 .bss.xStart    0x0000000020001a28        0x8 Middlewares/Third_Party/FreeRTOS/Source/portable/MemMang/heap_4.o
 .bss.pxEnd     0x0000000020001a30        0x4 Middlewares/Third_Party/FreeRTOS/Source/portable/MemMang/heap_4.o
 .bss.xFreeBytesRemaining
                0x0000000020001a34        0x4 Middlewares/Third_Party/FreeRTOS/Source/portable/MemMang/heap_4.o
 .bss.xMinimumEverFreeBytesRemaining
                0x0000000020001a38        0x4 Middlewares/Third_Party/FreeRTOS/Source/portable/MemMang/heap_4.o
 .bss.xBlockAllocatedBit
                0x0000000020001a3c        0x4 Middlewares/Third_Party/FreeRTOS/Source/portable/MemMang/heap_4.o
 *(COMMON)
 COMMON         0x0000000020001a40      0x1b8 Core/Src/main.o
                0x0000000020001a40                htim17
                0x0000000020001a80                hcan
                0x0000000020001aa8                Channel_controlHandle
                0x0000000020001aac                CAN_TX_taskHandle
                0x0000000020001ab0                ADC_schedulerHandle
                0x0000000020001ab4                huart2
                0x0000000020001b34                hdma_adc
                0x0000000020001b78                hadc
                0x0000000020001bb8                htim16
 COMMON         0x0000000020001bf8       0x40 Core/Src/stm32f0xx_hal_timebase_tim.o
                0x0000000020001bf8                htim14
 COMMON         0x0000000020001c38        0x4 Drivers/STM32F0xx_HAL_Driver/Src/stm32f0xx_hal.o
                0x0000000020001c38                uwTick
 COMMON         0x0000000020001c3c       0x40 Middlewares/Third_Party/FreeRTOS/Source/queue.o
                0x0000000020001c3c                xQueueRegistry
                0x0000000020001c7c                . = ALIGN (0x4)
                0x0000000020001c7c                _ebss = .
                0x0000000020001c7c                __bss_end__ = _ebss

._user_heap_stack
                0x0000000020001c7c      0x604 load address 0x00000000080080ac
                0x0000000020001c80                . = ALIGN (0x8)
 *fill*         0x0000000020001c7c        0x4 
                0x0000000020001c80                PROVIDE (end = .)
                [!provide]                        PROVIDE (_end = .)
                0x0000000020001e80                . = (. + _Min_Heap_Size)
 *fill*         0x0000000020001c80      0x200 
                0x0000000020002280                . = (. + _Min_Stack_Size)
 *fill*         0x0000000020001e80      0x400 
                0x0000000020002280                . = ALIGN (0x8)

/DISCARD/
 libc.a(*)
 libm.a(*)
 libgcc.a(*)

.ARM.attributes
                0x0000000000000000       0x28
 *(.ARM.attributes)
 .ARM.attributes
                0x0000000000000000       0x1e c:/st/stm32cubeide_1.3.0/stm32cubeide/plugins/com.st.stm32cube.ide.mcu.externaltools.gnu-tools-for-stm32.7-2018-q2-update.win32_1.0.0.201904181610/tools/bin/../lib/gcc/arm-none-eabi/7.3.1/thumb/v6-m/crti.o
 .ARM.attributes
                0x000000000000001e       0x2c c:/st/stm32cubeide_1.3.0/stm32cubeide/plugins/com.st.stm32cube.ide.mcu.externaltools.gnu-tools-for-stm32.7-2018-q2-update.win32_1.0.0.201904181610/tools/bin/../lib/gcc/arm-none-eabi/7.3.1/thumb/v6-m/crtbegin.o
 .ARM.attributes
                0x000000000000004a       0x31 Core/Src/GO4_PDM_2020.o
 .ARM.attributes
                0x000000000000007b       0x31 Core/Src/main.o
 .ARM.attributes
                0x00000000000000ac       0x31 Core/Src/stm32f0xx_hal_msp.o
 .ARM.attributes
                0x00000000000000dd       0x31 Core/Src/stm32f0xx_hal_timebase_tim.o
 .ARM.attributes
                0x000000000000010e       0x31 Core/Src/stm32f0xx_it.o
 .ARM.attributes
                0x000000000000013f       0x31 Core/Src/system_stm32f0xx.o
 .ARM.attributes
                0x0000000000000170       0x21 Core/Startup/startup_stm32f072rbtx.o
 .ARM.attributes
                0x0000000000000191       0x31 Drivers/STM32F0xx_HAL_Driver/Src/stm32f0xx_hal.o
 .ARM.attributes
                0x00000000000001c2       0x31 Drivers/STM32F0xx_HAL_Driver/Src/stm32f0xx_hal_adc.o
 .ARM.attributes
                0x00000000000001f3       0x31 Drivers/STM32F0xx_HAL_Driver/Src/stm32f0xx_hal_adc_ex.o
 .ARM.attributes
                0x0000000000000224       0x31 Drivers/STM32F0xx_HAL_Driver/Src/stm32f0xx_hal_can.o
 .ARM.attributes
                0x0000000000000255       0x31 Drivers/STM32F0xx_HAL_Driver/Src/stm32f0xx_hal_cortex.o
 .ARM.attributes
                0x0000000000000286       0x31 Drivers/STM32F0xx_HAL_Driver/Src/stm32f0xx_hal_dma.o
 .ARM.attributes
                0x00000000000002b7       0x31 Drivers/STM32F0xx_HAL_Driver/Src/stm32f0xx_hal_gpio.o
 .ARM.attributes
                0x00000000000002e8       0x31 Drivers/STM32F0xx_HAL_Driver/Src/stm32f0xx_hal_rcc.o
 .ARM.attributes
                0x0000000000000319       0x31 Drivers/STM32F0xx_HAL_Driver/Src/stm32f0xx_hal_rcc_ex.o
 .ARM.attributes
                0x000000000000034a       0x31 Drivers/STM32F0xx_HAL_Driver/Src/stm32f0xx_hal_tim.o
 .ARM.attributes
                0x000000000000037b       0x31 Drivers/STM32F0xx_HAL_Driver/Src/stm32f0xx_hal_tim_ex.o
 .ARM.attributes
                0x00000000000003ac       0x31 Drivers/STM32F0xx_HAL_Driver/Src/stm32f0xx_hal_uart.o
 .ARM.attributes
                0x00000000000003dd       0x31 Middlewares/Third_Party/FreeRTOS/Source/CMSIS_RTOS_V2/cmsis_os2.o
 .ARM.attributes
                0x000000000000040e       0x31 Middlewares/Third_Party/FreeRTOS/Source/list.o
 .ARM.attributes
                0x000000000000043f       0x31 Middlewares/Third_Party/FreeRTOS/Source/queue.o
 .ARM.attributes
                0x0000000000000470       0x31 Middlewares/Third_Party/FreeRTOS/Source/tasks.o
 .ARM.attributes
                0x00000000000004a1       0x31 Middlewares/Third_Party/FreeRTOS/Source/timers.o
 .ARM.attributes
                0x00000000000004d2       0x31 Middlewares/Third_Party/FreeRTOS/Source/portable/GCC/ARM_CM0/port.o
 .ARM.attributes
                0x0000000000000503       0x31 Middlewares/Third_Party/FreeRTOS/Source/portable/MemMang/heap_4.o
 .ARM.attributes
                0x0000000000000534       0x2c c:/st/stm32cubeide_1.3.0/stm32cubeide/plugins/com.st.stm32cube.ide.mcu.externaltools.gnu-tools-for-stm32.7-2018-q2-update.win32_1.0.0.201904181610/tools/bin/../lib/gcc/arm-none-eabi/7.3.1/../../../../arm-none-eabi/lib/thumb/v6-m\libc_nano.a(lib_a-init.o)
 .ARM.attributes
                0x0000000000000560       0x2c c:/st/stm32cubeide_1.3.0/stm32cubeide/plugins/com.st.stm32cube.ide.mcu.externaltools.gnu-tools-for-stm32.7-2018-q2-update.win32_1.0.0.201904181610/tools/bin/../lib/gcc/arm-none-eabi/7.3.1/../../../../arm-none-eabi/lib/thumb/v6-m\libc_nano.a(lib_a-memcpy-stub.o)
 .ARM.attributes
                0x000000000000058c       0x2c c:/st/stm32cubeide_1.3.0/stm32cubeide/plugins/com.st.stm32cube.ide.mcu.externaltools.gnu-tools-for-stm32.7-2018-q2-update.win32_1.0.0.201904181610/tools/bin/../lib/gcc/arm-none-eabi/7.3.1/../../../../arm-none-eabi/lib/thumb/v6-m\libc_nano.a(lib_a-memset.o)
 .ARM.attributes
                0x00000000000005b8       0x1e c:/st/stm32cubeide_1.3.0/stm32cubeide/plugins/com.st.stm32cube.ide.mcu.externaltools.gnu-tools-for-stm32.7-2018-q2-update.win32_1.0.0.201904181610/tools/bin/../lib/gcc/arm-none-eabi/7.3.1/thumb/v6-m\libgcc.a(_udivsi3.o)
 .ARM.attributes
                0x00000000000005d6       0x1e c:/st/stm32cubeide_1.3.0/stm32cubeide/plugins/com.st.stm32cube.ide.mcu.externaltools.gnu-tools-for-stm32.7-2018-q2-update.win32_1.0.0.201904181610/tools/bin/../lib/gcc/arm-none-eabi/7.3.1/thumb/v6-m\libgcc.a(_dvmd_tls.o)
 .ARM.attributes
                0x00000000000005f4       0x1e c:/st/stm32cubeide_1.3.0/stm32cubeide/plugins/com.st.stm32cube.ide.mcu.externaltools.gnu-tools-for-stm32.7-2018-q2-update.win32_1.0.0.201904181610/tools/bin/../lib/gcc/arm-none-eabi/7.3.1/thumb/v6-m\libgcc.a(_arm_cmpdf2.o)
 .ARM.attributes
                0x0000000000000612       0x2c c:/st/stm32cubeide_1.3.0/stm32cubeide/plugins/com.st.stm32cube.ide.mcu.externaltools.gnu-tools-for-stm32.7-2018-q2-update.win32_1.0.0.201904181610/tools/bin/../lib/gcc/arm-none-eabi/7.3.1/thumb/v6-m\libgcc.a(adddf3.o)
 .ARM.attributes
                0x000000000000063e       0x2c c:/st/stm32cubeide_1.3.0/stm32cubeide/plugins/com.st.stm32cube.ide.mcu.externaltools.gnu-tools-for-stm32.7-2018-q2-update.win32_1.0.0.201904181610/tools/bin/../lib/gcc/arm-none-eabi/7.3.1/thumb/v6-m\libgcc.a(divdf3.o)
 .ARM.attributes
                0x000000000000066a       0x2c c:/st/stm32cubeide_1.3.0/stm32cubeide/plugins/com.st.stm32cube.ide.mcu.externaltools.gnu-tools-for-stm32.7-2018-q2-update.win32_1.0.0.201904181610/tools/bin/../lib/gcc/arm-none-eabi/7.3.1/thumb/v6-m\libgcc.a(eqdf2.o)
 .ARM.attributes
                0x0000000000000696       0x2c c:/st/stm32cubeide_1.3.0/stm32cubeide/plugins/com.st.stm32cube.ide.mcu.externaltools.gnu-tools-for-stm32.7-2018-q2-update.win32_1.0.0.201904181610/tools/bin/../lib/gcc/arm-none-eabi/7.3.1/thumb/v6-m\libgcc.a(gedf2.o)
 .ARM.attributes
                0x00000000000006c2       0x2c c:/st/stm32cubeide_1.3.0/stm32cubeide/plugins/com.st.stm32cube.ide.mcu.externaltools.gnu-tools-for-stm32.7-2018-q2-update.win32_1.0.0.201904181610/tools/bin/../lib/gcc/arm-none-eabi/7.3.1/thumb/v6-m\libgcc.a(ledf2.o)
 .ARM.attributes
                0x00000000000006ee       0x2c c:/st/stm32cubeide_1.3.0/stm32cubeide/plugins/com.st.stm32cube.ide.mcu.externaltools.gnu-tools-for-stm32.7-2018-q2-update.win32_1.0.0.201904181610/tools/bin/../lib/gcc/arm-none-eabi/7.3.1/thumb/v6-m\libgcc.a(muldf3.o)
 .ARM.attributes
                0x000000000000071a       0x2c c:/st/stm32cubeide_1.3.0/stm32cubeide/plugins/com.st.stm32cube.ide.mcu.externaltools.gnu-tools-for-stm32.7-2018-q2-update.win32_1.0.0.201904181610/tools/bin/../lib/gcc/arm-none-eabi/7.3.1/thumb/v6-m\libgcc.a(subdf3.o)
 .ARM.attributes
                0x0000000000000746       0x2c c:/st/stm32cubeide_1.3.0/stm32cubeide/plugins/com.st.stm32cube.ide.mcu.externaltools.gnu-tools-for-stm32.7-2018-q2-update.win32_1.0.0.201904181610/tools/bin/../lib/gcc/arm-none-eabi/7.3.1/thumb/v6-m\libgcc.a(floatsidf.o)
 .ARM.attributes
                0x0000000000000772       0x2c c:/st/stm32cubeide_1.3.0/stm32cubeide/plugins/com.st.stm32cube.ide.mcu.externaltools.gnu-tools-for-stm32.7-2018-q2-update.win32_1.0.0.201904181610/tools/bin/../lib/gcc/arm-none-eabi/7.3.1/thumb/v6-m\libgcc.a(floatunsidf.o)
 .ARM.attributes
                0x000000000000079e       0x1e c:/st/stm32cubeide_1.3.0/stm32cubeide/plugins/com.st.stm32cube.ide.mcu.externaltools.gnu-tools-for-stm32.7-2018-q2-update.win32_1.0.0.201904181610/tools/bin/../lib/gcc/arm-none-eabi/7.3.1/thumb/v6-m\libgcc.a(_clzsi2.o)
 .ARM.attributes
                0x00000000000007bc       0x1e c:/st/stm32cubeide_1.3.0/stm32cubeide/plugins/com.st.stm32cube.ide.mcu.externaltools.gnu-tools-for-stm32.7-2018-q2-update.win32_1.0.0.201904181610/tools/bin/../lib/gcc/arm-none-eabi/7.3.1/thumb/v6-m/crtn.o
OUTPUT(ADCTest.elf elf32-littlearm)

.debug_info     0x0000000000000000    0x1885b
 .debug_info    0x0000000000000000      0xf69 Core/Src/GO4_PDM_2020.o
 .debug_info    0x0000000000000f69     0x1817 Core/Src/main.o
 .debug_info    0x0000000000002780     0x139d Core/Src/stm32f0xx_hal_msp.o
 .debug_info    0x0000000000003b1d      0x8a6 Core/Src/stm32f0xx_hal_timebase_tim.o
 .debug_info    0x00000000000043c3      0x630 Core/Src/stm32f0xx_it.o
 .debug_info    0x00000000000049f3      0x29e Core/Src/system_stm32f0xx.o
 .debug_info    0x0000000000004c91       0x22 Core/Startup/startup_stm32f072rbtx.o
 .debug_info    0x0000000000004cb3      0x6c0 Drivers/STM32F0xx_HAL_Driver/Src/stm32f0xx_hal.o
 .debug_info    0x0000000000005373      0xca9 Drivers/STM32F0xx_HAL_Driver/Src/stm32f0xx_hal_adc.o
 .debug_info    0x000000000000601c      0x604 Drivers/STM32F0xx_HAL_Driver/Src/stm32f0xx_hal_adc_ex.o
 .debug_info    0x0000000000006620      0xf1e Drivers/STM32F0xx_HAL_Driver/Src/stm32f0xx_hal_can.o
 .debug_info    0x000000000000753e      0x78c Drivers/STM32F0xx_HAL_Driver/Src/stm32f0xx_hal_cortex.o
 .debug_info    0x0000000000007cca      0x7a9 Drivers/STM32F0xx_HAL_Driver/Src/stm32f0xx_hal_dma.o
 .debug_info    0x0000000000008473      0x67a Drivers/STM32F0xx_HAL_Driver/Src/stm32f0xx_hal_gpio.o
 .debug_info    0x0000000000008aed      0x82d Drivers/STM32F0xx_HAL_Driver/Src/stm32f0xx_hal_rcc.o
 .debug_info    0x000000000000931a      0x677 Drivers/STM32F0xx_HAL_Driver/Src/stm32f0xx_hal_rcc_ex.o
 .debug_info    0x0000000000009991     0x252c Drivers/STM32F0xx_HAL_Driver/Src/stm32f0xx_hal_tim.o
 .debug_info    0x000000000000bebd     0x10f0 Drivers/STM32F0xx_HAL_Driver/Src/stm32f0xx_hal_tim_ex.o
 .debug_info    0x000000000000cfad     0x1577 Drivers/STM32F0xx_HAL_Driver/Src/stm32f0xx_hal_uart.o
 .debug_info    0x000000000000e524     0x3703 Middlewares/Third_Party/FreeRTOS/Source/CMSIS_RTOS_V2/cmsis_os2.o
 .debug_info    0x0000000000011c27      0xac5 Middlewares/Third_Party/FreeRTOS/Source/list.o
 .debug_info    0x00000000000126ec     0x1acb Middlewares/Third_Party/FreeRTOS/Source/queue.o
 .debug_info    0x00000000000141b7     0x219e Middlewares/Third_Party/FreeRTOS/Source/tasks.o
 .debug_info    0x0000000000016355     0x1782 Middlewares/Third_Party/FreeRTOS/Source/timers.o
 .debug_info    0x0000000000017ad7      0x26b Middlewares/Third_Party/FreeRTOS/Source/portable/GCC/ARM_CM0/port.o
 .debug_info    0x0000000000017d42      0xb19 Middlewares/Third_Party/FreeRTOS/Source/portable/MemMang/heap_4.o

.debug_abbrev   0x0000000000000000     0x33c3
 .debug_abbrev  0x0000000000000000      0x208 Core/Src/GO4_PDM_2020.o
 .debug_abbrev  0x0000000000000208      0x28a Core/Src/main.o
 .debug_abbrev  0x0000000000000492      0x23d Core/Src/stm32f0xx_hal_msp.o
 .debug_abbrev  0x00000000000006cf      0x19d Core/Src/stm32f0xx_hal_timebase_tim.o
 .debug_abbrev  0x000000000000086c      0x15a Core/Src/stm32f0xx_it.o
 .debug_abbrev  0x00000000000009c6      0x12b Core/Src/system_stm32f0xx.o
 .debug_abbrev  0x0000000000000af1       0x12 Core/Startup/startup_stm32f072rbtx.o
 .debug_abbrev  0x0000000000000b03      0x1c7 Drivers/STM32F0xx_HAL_Driver/Src/stm32f0xx_hal.o
 .debug_abbrev  0x0000000000000cca      0x207 Drivers/STM32F0xx_HAL_Driver/Src/stm32f0xx_hal_adc.o
 .debug_abbrev  0x0000000000000ed1      0x16b Drivers/STM32F0xx_HAL_Driver/Src/stm32f0xx_hal_adc_ex.o
 .debug_abbrev  0x000000000000103c      0x1b7 Drivers/STM32F0xx_HAL_Driver/Src/stm32f0xx_hal_can.o
 .debug_abbrev  0x00000000000011f3      0x273 Drivers/STM32F0xx_HAL_Driver/Src/stm32f0xx_hal_cortex.o
 .debug_abbrev  0x0000000000001466      0x216 Drivers/STM32F0xx_HAL_Driver/Src/stm32f0xx_hal_dma.o
 .debug_abbrev  0x000000000000167c      0x1c0 Drivers/STM32F0xx_HAL_Driver/Src/stm32f0xx_hal_gpio.o
 .debug_abbrev  0x000000000000183c      0x20f Drivers/STM32F0xx_HAL_Driver/Src/stm32f0xx_hal_rcc.o
 .debug_abbrev  0x0000000000001a4b      0x1a7 Drivers/STM32F0xx_HAL_Driver/Src/stm32f0xx_hal_rcc_ex.o
 .debug_abbrev  0x0000000000001bf2      0x230 Drivers/STM32F0xx_HAL_Driver/Src/stm32f0xx_hal_tim.o
 .debug_abbrev  0x0000000000001e22      0x21e Drivers/STM32F0xx_HAL_Driver/Src/stm32f0xx_hal_tim_ex.o
 .debug_abbrev  0x0000000000002040      0x205 Drivers/STM32F0xx_HAL_Driver/Src/stm32f0xx_hal_uart.o
 .debug_abbrev  0x0000000000002245      0x366 Middlewares/Third_Party/FreeRTOS/Source/CMSIS_RTOS_V2/cmsis_os2.o
 .debug_abbrev  0x00000000000025ab      0x1cf Middlewares/Third_Party/FreeRTOS/Source/list.o
 .debug_abbrev  0x000000000000277a      0x2c4 Middlewares/Third_Party/FreeRTOS/Source/queue.o
 .debug_abbrev  0x0000000000002a3e      0x303 Middlewares/Third_Party/FreeRTOS/Source/tasks.o
 .debug_abbrev  0x0000000000002d41      0x2a1 Middlewares/Third_Party/FreeRTOS/Source/timers.o
 .debug_abbrev  0x0000000000002fe2      0x1a4 Middlewares/Third_Party/FreeRTOS/Source/portable/GCC/ARM_CM0/port.o
 .debug_abbrev  0x0000000000003186      0x23d Middlewares/Third_Party/FreeRTOS/Source/portable/MemMang/heap_4.o

.debug_aranges  0x0000000000000000     0x1620
 .debug_aranges
                0x0000000000000000       0x40 Core/Src/GO4_PDM_2020.o
 .debug_aranges
                0x0000000000000040       0x88 Core/Src/main.o
 .debug_aranges
                0x00000000000000c8       0x60 Core/Src/stm32f0xx_hal_msp.o
 .debug_aranges
                0x0000000000000128       0x30 Core/Src/stm32f0xx_hal_timebase_tim.o
 .debug_aranges
                0x0000000000000158       0x38 Core/Src/stm32f0xx_it.o
 .debug_aranges
                0x0000000000000190       0x28 Core/Src/system_stm32f0xx.o
 .debug_aranges
                0x00000000000001b8       0x28 Core/Startup/startup_stm32f072rbtx.o
 .debug_aranges
                0x00000000000001e0       0xd0 Drivers/STM32F0xx_HAL_Driver/Src/stm32f0xx_hal.o
 .debug_aranges
                0x00000000000002b0       0xf8 Drivers/STM32F0xx_HAL_Driver/Src/stm32f0xx_hal_adc.o
 .debug_aranges
                0x00000000000003a8       0x20 Drivers/STM32F0xx_HAL_Driver/Src/stm32f0xx_hal_adc_ex.o
 .debug_aranges
                0x00000000000003c8      0x138 Drivers/STM32F0xx_HAL_Driver/Src/stm32f0xx_hal_can.o
 .debug_aranges
                0x0000000000000500       0xc0 Drivers/STM32F0xx_HAL_Driver/Src/stm32f0xx_hal_cortex.o
 .debug_aranges
                0x00000000000005c0       0x88 Drivers/STM32F0xx_HAL_Driver/Src/stm32f0xx_hal_dma.o
 .debug_aranges
                0x0000000000000648       0x58 Drivers/STM32F0xx_HAL_Driver/Src/stm32f0xx_hal_gpio.o
 .debug_aranges
                0x00000000000006a0       0x80 Drivers/STM32F0xx_HAL_Driver/Src/stm32f0xx_hal_rcc.o
 .debug_aranges
                0x0000000000000720       0x78 Drivers/STM32F0xx_HAL_Driver/Src/stm32f0xx_hal_rcc_ex.o
 .debug_aranges
                0x0000000000000798      0x3b8 Drivers/STM32F0xx_HAL_Driver/Src/stm32f0xx_hal_tim.o
 .debug_aranges
                0x0000000000000b50      0x150 Drivers/STM32F0xx_HAL_Driver/Src/stm32f0xx_hal_tim_ex.o
 .debug_aranges
                0x0000000000000ca0      0x210 Drivers/STM32F0xx_HAL_Driver/Src/stm32f0xx_hal_uart.o
 .debug_aranges
                0x0000000000000eb0      0x228 Middlewares/Third_Party/FreeRTOS/Source/CMSIS_RTOS_V2/cmsis_os2.o
 .debug_aranges
                0x00000000000010d8       0x40 Middlewares/Third_Party/FreeRTOS/Source/list.o
 .debug_aranges
                0x0000000000001118      0x158 Middlewares/Third_Party/FreeRTOS/Source/queue.o
 .debug_aranges
                0x0000000000001270      0x1f8 Middlewares/Third_Party/FreeRTOS/Source/tasks.o
 .debug_aranges
                0x0000000000001468       0xe0 Middlewares/Third_Party/FreeRTOS/Source/timers.o
 .debug_aranges
                0x0000000000001548       0x88 Middlewares/Third_Party/FreeRTOS/Source/portable/GCC/ARM_CM0/port.o
 .debug_aranges
                0x00000000000015d0       0x50 Middlewares/Third_Party/FreeRTOS/Source/portable/MemMang/heap_4.o

.debug_ranges   0x0000000000000000     0x1488
 .debug_ranges  0x0000000000000000       0x30 Core/Src/GO4_PDM_2020.o
 .debug_ranges  0x0000000000000030       0x78 Core/Src/main.o
 .debug_ranges  0x00000000000000a8       0x50 Core/Src/stm32f0xx_hal_msp.o
 .debug_ranges  0x00000000000000f8       0x20 Core/Src/stm32f0xx_hal_timebase_tim.o
 .debug_ranges  0x0000000000000118       0x28 Core/Src/stm32f0xx_it.o
 .debug_ranges  0x0000000000000140       0x18 Core/Src/system_stm32f0xx.o
 .debug_ranges  0x0000000000000158       0x20 Core/Startup/startup_stm32f072rbtx.o
 .debug_ranges  0x0000000000000178       0xc0 Drivers/STM32F0xx_HAL_Driver/Src/stm32f0xx_hal.o
 .debug_ranges  0x0000000000000238       0xe8 Drivers/STM32F0xx_HAL_Driver/Src/stm32f0xx_hal_adc.o
 .debug_ranges  0x0000000000000320       0x10 Drivers/STM32F0xx_HAL_Driver/Src/stm32f0xx_hal_adc_ex.o
 .debug_ranges  0x0000000000000330      0x128 Drivers/STM32F0xx_HAL_Driver/Src/stm32f0xx_hal_can.o
 .debug_ranges  0x0000000000000458       0xb0 Drivers/STM32F0xx_HAL_Driver/Src/stm32f0xx_hal_cortex.o
 .debug_ranges  0x0000000000000508       0x78 Drivers/STM32F0xx_HAL_Driver/Src/stm32f0xx_hal_dma.o
 .debug_ranges  0x0000000000000580       0x48 Drivers/STM32F0xx_HAL_Driver/Src/stm32f0xx_hal_gpio.o
 .debug_ranges  0x00000000000005c8       0x70 Drivers/STM32F0xx_HAL_Driver/Src/stm32f0xx_hal_rcc.o
 .debug_ranges  0x0000000000000638       0x68 Drivers/STM32F0xx_HAL_Driver/Src/stm32f0xx_hal_rcc_ex.o
 .debug_ranges  0x00000000000006a0      0x3a8 Drivers/STM32F0xx_HAL_Driver/Src/stm32f0xx_hal_tim.o
 .debug_ranges  0x0000000000000a48      0x140 Drivers/STM32F0xx_HAL_Driver/Src/stm32f0xx_hal_tim_ex.o
 .debug_ranges  0x0000000000000b88      0x200 Drivers/STM32F0xx_HAL_Driver/Src/stm32f0xx_hal_uart.o
 .debug_ranges  0x0000000000000d88      0x218 Middlewares/Third_Party/FreeRTOS/Source/CMSIS_RTOS_V2/cmsis_os2.o
 .debug_ranges  0x0000000000000fa0       0x30 Middlewares/Third_Party/FreeRTOS/Source/list.o
 .debug_ranges  0x0000000000000fd0      0x148 Middlewares/Third_Party/FreeRTOS/Source/queue.o
 .debug_ranges  0x0000000000001118      0x1e8 Middlewares/Third_Party/FreeRTOS/Source/tasks.o
 .debug_ranges  0x0000000000001300       0xd0 Middlewares/Third_Party/FreeRTOS/Source/timers.o
 .debug_ranges  0x00000000000013d0       0x78 Middlewares/Third_Party/FreeRTOS/Source/portable/GCC/ARM_CM0/port.o
 .debug_ranges  0x0000000000001448       0x40 Middlewares/Third_Party/FreeRTOS/Source/portable/MemMang/heap_4.o

.debug_macro    0x0000000000000000    0x1889f
 .debug_macro   0x0000000000000000      0x275 Core/Src/GO4_PDM_2020.o
 .debug_macro   0x0000000000000275      0xa48 Core/Src/GO4_PDM_2020.o
 .debug_macro   0x0000000000000cbd      0x13f Core/Src/GO4_PDM_2020.o
 .debug_macro   0x0000000000000dfc       0x2e Core/Src/GO4_PDM_2020.o
 .debug_macro   0x0000000000000e2a       0x22 Core/Src/GO4_PDM_2020.o
 .debug_macro   0x0000000000000e4c       0x22 Core/Src/GO4_PDM_2020.o
 .debug_macro   0x0000000000000e6e       0x8e Core/Src/GO4_PDM_2020.o
 .debug_macro   0x0000000000000efc       0x51 Core/Src/GO4_PDM_2020.o
 .debug_macro   0x0000000000000f4d       0xef Core/Src/GO4_PDM_2020.o
 .debug_macro   0x000000000000103c       0x6a Core/Src/GO4_PDM_2020.o
 .debug_macro   0x00000000000010a6      0x1df Core/Src/GO4_PDM_2020.o
 .debug_macro   0x0000000000001285       0x1c Core/Src/GO4_PDM_2020.o
 .debug_macro   0x00000000000012a1       0x22 Core/Src/GO4_PDM_2020.o
 .debug_macro   0x00000000000012c3       0xb5 Core/Src/GO4_PDM_2020.o
 .debug_macro   0x0000000000001378      0x391 Core/Src/GO4_PDM_2020.o
 .debug_macro   0x0000000000001709     0xfe50 Core/Src/GO4_PDM_2020.o
 .debug_macro   0x0000000000011559       0x3c Core/Src/GO4_PDM_2020.o
 .debug_macro   0x0000000000011595      0x174 Core/Src/GO4_PDM_2020.o
 .debug_macro   0x0000000000011709       0x53 Core/Src/GO4_PDM_2020.o
 .debug_macro   0x000000000001175c      0x946 Core/Src/GO4_PDM_2020.o
 .debug_macro   0x00000000000120a2      0x5f3 Core/Src/GO4_PDM_2020.o
 .debug_macro   0x0000000000012695      0x12f Core/Src/GO4_PDM_2020.o
 .debug_macro   0x00000000000127c4      0x1a7 Core/Src/GO4_PDM_2020.o
 .debug_macro   0x000000000001296b      0x1a7 Core/Src/GO4_PDM_2020.o
 .debug_macro   0x0000000000012b12      0x22c Core/Src/GO4_PDM_2020.o
 .debug_macro   0x0000000000012d3e       0x34 Core/Src/GO4_PDM_2020.o
 .debug_macro   0x0000000000012d72       0x43 Core/Src/GO4_PDM_2020.o
 .debug_macro   0x0000000000012db5       0x28 Core/Src/GO4_PDM_2020.o
 .debug_macro   0x0000000000012ddd      0x33d Core/Src/GO4_PDM_2020.o
 .debug_macro   0x000000000001311a       0xd4 Core/Src/GO4_PDM_2020.o
 .debug_macro   0x00000000000131ee      0x408 Core/Src/GO4_PDM_2020.o
 .debug_macro   0x00000000000135f6       0xb0 Core/Src/GO4_PDM_2020.o
 .debug_macro   0x00000000000136a6      0x217 Core/Src/GO4_PDM_2020.o
 .debug_macro   0x00000000000138bd      0x22c Core/Src/GO4_PDM_2020.o
 .debug_macro   0x0000000000013ae9       0x5f Core/Src/GO4_PDM_2020.o
 .debug_macro   0x0000000000013b48       0xa5 Core/Src/GO4_PDM_2020.o
 .debug_macro   0x0000000000013bed       0x4c Core/Src/GO4_PDM_2020.o
 .debug_macro   0x0000000000013c39      0x16d Core/Src/GO4_PDM_2020.o
 .debug_macro   0x0000000000013da6      0x8ae Core/Src/GO4_PDM_2020.o
 .debug_macro   0x0000000000014654       0x28 Core/Src/GO4_PDM_2020.o
 .debug_macro   0x000000000001467c      0x589 Core/Src/GO4_PDM_2020.o
 .debug_macro   0x0000000000014c05       0x44 Core/Src/GO4_PDM_2020.o
 .debug_macro   0x0000000000014c49      0x130 Core/Src/GO4_PDM_2020.o
 .debug_macro   0x0000000000014d79       0x4c Core/Src/GO4_PDM_2020.o
 .debug_macro   0x0000000000014dc5       0x5b Core/Src/GO4_PDM_2020.o
 .debug_macro   0x0000000000014e20       0x74 Core/Src/GO4_PDM_2020.o
 .debug_macro   0x0000000000014e94      0x100 Core/Src/GO4_PDM_2020.o
 .debug_macro   0x0000000000014f94      0x15a Core/Src/GO4_PDM_2020.o
 .debug_macro   0x00000000000150ee       0xac Core/Src/GO4_PDM_2020.o
 .debug_macro   0x000000000001519a       0x10 Core/Src/GO4_PDM_2020.o
 .debug_macro   0x00000000000151aa       0x1f Core/Src/GO4_PDM_2020.o
 .debug_macro   0x00000000000151c9      0x486 Core/Src/GO4_PDM_2020.o
 .debug_macro   0x000000000001564f       0xdd Core/Src/GO4_PDM_2020.o
 .debug_macro   0x000000000001572c       0x10 Core/Src/GO4_PDM_2020.o
 .debug_macro   0x000000000001573c       0x88 Core/Src/GO4_PDM_2020.o
 .debug_macro   0x00000000000157c4      0x271 Core/Src/main.o
 .debug_macro   0x0000000000015a35      0x1e6 Core/Src/stm32f0xx_hal_msp.o
 .debug_macro   0x0000000000015c1b      0x1d7 Core/Src/stm32f0xx_hal_timebase_tim.o
 .debug_macro   0x0000000000015df2      0x258 Core/Src/stm32f0xx_it.o
 .debug_macro   0x000000000001604a      0x1d7 Core/Src/system_stm32f0xx.o
 .debug_macro   0x0000000000016221      0x1fb Drivers/STM32F0xx_HAL_Driver/Src/stm32f0xx_hal.o
 .debug_macro   0x000000000001641c      0x1fb Drivers/STM32F0xx_HAL_Driver/Src/stm32f0xx_hal_adc.o
 .debug_macro   0x0000000000016617      0x1e3 Drivers/STM32F0xx_HAL_Driver/Src/stm32f0xx_hal_adc_ex.o
 .debug_macro   0x00000000000167fa      0x1df Drivers/STM32F0xx_HAL_Driver/Src/stm32f0xx_hal_can.o
 .debug_macro   0x00000000000169d9      0x1d7 Drivers/STM32F0xx_HAL_Driver/Src/stm32f0xx_hal_cortex.o
 .debug_macro   0x0000000000016bb0      0x1d7 Drivers/STM32F0xx_HAL_Driver/Src/stm32f0xx_hal_dma.o
 .debug_macro   0x0000000000016d87      0x20f Drivers/STM32F0xx_HAL_Driver/Src/stm32f0xx_hal_gpio.o
 .debug_macro   0x0000000000016f96      0x1e9 Drivers/STM32F0xx_HAL_Driver/Src/stm32f0xx_hal_rcc.o
 .debug_macro   0x000000000001717f      0x1e9 Drivers/STM32F0xx_HAL_Driver/Src/stm32f0xx_hal_rcc_ex.o
 .debug_macro   0x0000000000017368      0x1d8 Drivers/STM32F0xx_HAL_Driver/Src/stm32f0xx_hal_tim.o
 .debug_macro   0x0000000000017540      0x1d7 Drivers/STM32F0xx_HAL_Driver/Src/stm32f0xx_hal_tim_ex.o
 .debug_macro   0x0000000000017717      0x1f4 Drivers/STM32F0xx_HAL_Driver/Src/stm32f0xx_hal_uart.o
 .debug_macro   0x000000000001790b      0x23a Middlewares/Third_Party/FreeRTOS/Source/CMSIS_RTOS_V2/cmsis_os2.o
 .debug_macro   0x0000000000017b45       0x10 Middlewares/Third_Party/FreeRTOS/Source/CMSIS_RTOS_V2/cmsis_os2.o
 .debug_macro   0x0000000000017b55       0x20 Middlewares/Third_Party/FreeRTOS/Source/CMSIS_RTOS_V2/cmsis_os2.o
 .debug_macro   0x0000000000017b75       0x10 Middlewares/Third_Party/FreeRTOS/Source/CMSIS_RTOS_V2/cmsis_os2.o
 .debug_macro   0x0000000000017b85       0xa9 Middlewares/Third_Party/FreeRTOS/Source/CMSIS_RTOS_V2/cmsis_os2.o
 .debug_macro   0x0000000000017c2e       0x91 Middlewares/Third_Party/FreeRTOS/Source/CMSIS_RTOS_V2/cmsis_os2.o
 .debug_macro   0x0000000000017cbf       0x8d Middlewares/Third_Party/FreeRTOS/Source/CMSIS_RTOS_V2/cmsis_os2.o
 .debug_macro   0x0000000000017d4c       0x9a Middlewares/Third_Party/FreeRTOS/Source/CMSIS_RTOS_V2/cmsis_os2.o
 .debug_macro   0x0000000000017de6      0x17a Middlewares/Third_Party/FreeRTOS/Source/list.o
 .debug_macro   0x0000000000017f60      0x205 Middlewares/Third_Party/FreeRTOS/Source/queue.o
 .debug_macro   0x0000000000018165       0x16 Middlewares/Third_Party/FreeRTOS/Source/queue.o
 .debug_macro   0x000000000001817b      0x27a Middlewares/Third_Party/FreeRTOS/Source/tasks.o
 .debug_macro   0x00000000000183f5       0x10 Middlewares/Third_Party/FreeRTOS/Source/tasks.o
 .debug_macro   0x0000000000018405      0x1bd Middlewares/Third_Party/FreeRTOS/Source/timers.o
 .debug_macro   0x00000000000185c2      0x13c Middlewares/Third_Party/FreeRTOS/Source/portable/GCC/ARM_CM0/port.o
 .debug_macro   0x00000000000186fe      0x1a1 Middlewares/Third_Party/FreeRTOS/Source/portable/MemMang/heap_4.o

.debug_line     0x0000000000000000    0x115dd
 .debug_line    0x0000000000000000      0x93f Core/Src/GO4_PDM_2020.o
 .debug_line    0x000000000000093f      0x9e9 Core/Src/main.o
 .debug_line    0x0000000000001328      0x7b0 Core/Src/stm32f0xx_hal_msp.o
 .debug_line    0x0000000000001ad8      0x718 Core/Src/stm32f0xx_hal_timebase_tim.o
 .debug_line    0x00000000000021f0      0x82a Core/Src/stm32f0xx_it.o
 .debug_line    0x0000000000002a1a      0x707 Core/Src/system_stm32f0xx.o
 .debug_line    0x0000000000003121       0x89 Core/Startup/startup_stm32f072rbtx.o
 .debug_line    0x00000000000031aa      0x89a Drivers/STM32F0xx_HAL_Driver/Src/stm32f0xx_hal.o
 .debug_line    0x0000000000003a44      0xc77 Drivers/STM32F0xx_HAL_Driver/Src/stm32f0xx_hal_adc.o
 .debug_line    0x00000000000046bb      0x73a Drivers/STM32F0xx_HAL_Driver/Src/stm32f0xx_hal_adc_ex.o
 .debug_line    0x0000000000004df5      0xb81 Drivers/STM32F0xx_HAL_Driver/Src/stm32f0xx_hal_can.o
 .debug_line    0x0000000000005976      0x8b2 Drivers/STM32F0xx_HAL_Driver/Src/stm32f0xx_hal_cortex.o
 .debug_line    0x0000000000006228      0x8f8 Drivers/STM32F0xx_HAL_Driver/Src/stm32f0xx_hal_dma.o
 .debug_line    0x0000000000006b20      0x874 Drivers/STM32F0xx_HAL_Driver/Src/stm32f0xx_hal_gpio.o
 .debug_line    0x0000000000007394      0x987 Drivers/STM32F0xx_HAL_Driver/Src/stm32f0xx_hal_rcc.o
 .debug_line    0x0000000000007d1b      0x933 Drivers/STM32F0xx_HAL_Driver/Src/stm32f0xx_hal_rcc_ex.o
 .debug_line    0x000000000000864e     0x1acc Drivers/STM32F0xx_HAL_Driver/Src/stm32f0xx_hal_tim.o
 .debug_line    0x000000000000a11a      0xce6 Drivers/STM32F0xx_HAL_Driver/Src/stm32f0xx_hal_tim_ex.o
 .debug_line    0x000000000000ae00     0x11f8 Drivers/STM32F0xx_HAL_Driver/Src/stm32f0xx_hal_uart.o
 .debug_line    0x000000000000bff8     0x18ac Middlewares/Third_Party/FreeRTOS/Source/CMSIS_RTOS_V2/cmsis_os2.o
 .debug_line    0x000000000000d8a4      0x66b Middlewares/Third_Party/FreeRTOS/Source/list.o
 .debug_line    0x000000000000df0f      0xea0 Middlewares/Third_Party/FreeRTOS/Source/queue.o
 .debug_line    0x000000000000edaf     0x11f9 Middlewares/Third_Party/FreeRTOS/Source/tasks.o
 .debug_line    0x000000000000ffa8      0x946 Middlewares/Third_Party/FreeRTOS/Source/timers.o
 .debug_line    0x00000000000108ee      0x5c7 Middlewares/Third_Party/FreeRTOS/Source/portable/GCC/ARM_CM0/port.o
 .debug_line    0x0000000000010eb5      0x728 Middlewares/Third_Party/FreeRTOS/Source/portable/MemMang/heap_4.o

.debug_str      0x0000000000000000    0x8e033
 .debug_str     0x0000000000000000    0x810a8 Core/Src/GO4_PDM_2020.o
                                      0x8135e (size before relaxing)
 .debug_str     0x00000000000810a8      0xba0 Core/Src/main.o
                                      0x81d1e (size before relaxing)
 .debug_str     0x0000000000081c48       0xd0 Core/Src/stm32f0xx_hal_msp.o
                                      0x7de0b (size before relaxing)
 .debug_str     0x0000000000081d18       0xab Core/Src/stm32f0xx_hal_timebase_tim.o
                                      0x7d709 (size before relaxing)
 .debug_str     0x0000000000081dc3      0xd9a Core/Src/stm32f0xx_it.o
                                      0x80c77 (size before relaxing)
 .debug_str     0x0000000000082b5d       0x5f Core/Src/system_stm32f0xx.o
                                      0x7d0b4 (size before relaxing)
 .debug_str     0x0000000000082bbc       0x36 Core/Startup/startup_stm32f072rbtx.o
                                         0x6e (size before relaxing)
 .debug_str     0x0000000000082bf2      0x351 Drivers/STM32F0xx_HAL_Driver/Src/stm32f0xx_hal.o
                                      0x7d622 (size before relaxing)
 .debug_str     0x0000000000082f43      0x366 Drivers/STM32F0xx_HAL_Driver/Src/stm32f0xx_hal_adc.o
                                      0x7d7b4 (size before relaxing)
 .debug_str     0x00000000000832a9       0xa8 Drivers/STM32F0xx_HAL_Driver/Src/stm32f0xx_hal_adc_ex.o
                                      0x7d46d (size before relaxing)
 .debug_str     0x0000000000083351      0x566 Drivers/STM32F0xx_HAL_Driver/Src/stm32f0xx_hal_can.o
                                      0x7d8a5 (size before relaxing)
 .debug_str     0x00000000000838b7      0x1e5 Drivers/STM32F0xx_HAL_Driver/Src/stm32f0xx_hal_cortex.o
                                      0x7d4d6 (size before relaxing)
 .debug_str     0x0000000000083a9c      0x248 Drivers/STM32F0xx_HAL_Driver/Src/stm32f0xx_hal_dma.o
                                      0x7d48c (size before relaxing)
 .debug_str     0x0000000000083ce4      0x208 Drivers/STM32F0xx_HAL_Driver/Src/stm32f0xx_hal_gpio.o
                                      0x7d350 (size before relaxing)
 .debug_str     0x0000000000083eec      0x24a Drivers/STM32F0xx_HAL_Driver/Src/stm32f0xx_hal_rcc.o
                                      0x7d4c9 (size before relaxing)
 .debug_str     0x0000000000084136      0x2db Drivers/STM32F0xx_HAL_Driver/Src/stm32f0xx_hal_rcc_ex.o
                                      0x7d4a6 (size before relaxing)
 .debug_str     0x0000000000084411      0xdd6 Drivers/STM32F0xx_HAL_Driver/Src/stm32f0xx_hal_tim.o
                                      0x7e2ad (size before relaxing)
 .debug_str     0x00000000000851e7      0x579 Drivers/STM32F0xx_HAL_Driver/Src/stm32f0xx_hal_tim_ex.o
                                      0x7da61 (size before relaxing)
 .debug_str     0x0000000000085760      0x7de Drivers/STM32F0xx_HAL_Driver/Src/stm32f0xx_hal_uart.o
                                      0x7dcc9 (size before relaxing)
 .debug_str     0x0000000000085f3e     0x5695 Middlewares/Third_Party/FreeRTOS/Source/CMSIS_RTOS_V2/cmsis_os2.o
                                       0xd97d (size before relaxing)
 .debug_str     0x000000000008b5d3      0x225 Middlewares/Third_Party/FreeRTOS/Source/list.o
                                       0xa18f (size before relaxing)
 .debug_str     0x000000000008b7f8      0x8fd Middlewares/Third_Party/FreeRTOS/Source/queue.o
                                       0xb952 (size before relaxing)
 .debug_str     0x000000000008c0f5     0x12e8 Middlewares/Third_Party/FreeRTOS/Source/tasks.o
                                       0xc568 (size before relaxing)
 .debug_str     0x000000000008d3dd      0x57d Middlewares/Third_Party/FreeRTOS/Source/timers.o
                                       0xbeb8 (size before relaxing)
 .debug_str     0x000000000008d95a      0x488 Middlewares/Third_Party/FreeRTOS/Source/portable/GCC/ARM_CM0/port.o
                                       0x7abd (size before relaxing)
 .debug_str     0x000000000008dde2      0x251 Middlewares/Third_Party/FreeRTOS/Source/portable/MemMang/heap_4.o
                                       0xa893 (size before relaxing)

.comment        0x0000000000000000       0x7b
 .comment       0x0000000000000000       0x7b Core/Src/GO4_PDM_2020.o
                                         0x7c (size before relaxing)
 .comment       0x000000000000007b       0x7c Core/Src/main.o
 .comment       0x000000000000007b       0x7c Core/Src/stm32f0xx_hal_msp.o
 .comment       0x000000000000007b       0x7c Core/Src/stm32f0xx_hal_timebase_tim.o
 .comment       0x000000000000007b       0x7c Core/Src/stm32f0xx_it.o
 .comment       0x000000000000007b       0x7c Core/Src/system_stm32f0xx.o
 .comment       0x000000000000007b       0x7c Drivers/STM32F0xx_HAL_Driver/Src/stm32f0xx_hal.o
 .comment       0x000000000000007b       0x7c Drivers/STM32F0xx_HAL_Driver/Src/stm32f0xx_hal_adc.o
 .comment       0x000000000000007b       0x7c Drivers/STM32F0xx_HAL_Driver/Src/stm32f0xx_hal_adc_ex.o
 .comment       0x000000000000007b       0x7c Drivers/STM32F0xx_HAL_Driver/Src/stm32f0xx_hal_can.o
 .comment       0x000000000000007b       0x7c Drivers/STM32F0xx_HAL_Driver/Src/stm32f0xx_hal_cortex.o
 .comment       0x000000000000007b       0x7c Drivers/STM32F0xx_HAL_Driver/Src/stm32f0xx_hal_dma.o
 .comment       0x000000000000007b       0x7c Drivers/STM32F0xx_HAL_Driver/Src/stm32f0xx_hal_gpio.o
 .comment       0x000000000000007b       0x7c Drivers/STM32F0xx_HAL_Driver/Src/stm32f0xx_hal_rcc.o
 .comment       0x000000000000007b       0x7c Drivers/STM32F0xx_HAL_Driver/Src/stm32f0xx_hal_rcc_ex.o
 .comment       0x000000000000007b       0x7c Drivers/STM32F0xx_HAL_Driver/Src/stm32f0xx_hal_tim.o
 .comment       0x000000000000007b       0x7c Drivers/STM32F0xx_HAL_Driver/Src/stm32f0xx_hal_tim_ex.o
 .comment       0x000000000000007b       0x7c Drivers/STM32F0xx_HAL_Driver/Src/stm32f0xx_hal_uart.o
 .comment       0x000000000000007b       0x7c Middlewares/Third_Party/FreeRTOS/Source/CMSIS_RTOS_V2/cmsis_os2.o
 .comment       0x000000000000007b       0x7c Middlewares/Third_Party/FreeRTOS/Source/list.o
 .comment       0x000000000000007b       0x7c Middlewares/Third_Party/FreeRTOS/Source/queue.o
 .comment       0x000000000000007b       0x7c Middlewares/Third_Party/FreeRTOS/Source/tasks.o
 .comment       0x000000000000007b       0x7c Middlewares/Third_Party/FreeRTOS/Source/timers.o
 .comment       0x000000000000007b       0x7c Middlewares/Third_Party/FreeRTOS/Source/portable/GCC/ARM_CM0/port.o
 .comment       0x000000000000007b       0x7c Middlewares/Third_Party/FreeRTOS/Source/portable/MemMang/heap_4.o

.debug_frame    0x0000000000000000     0x5164
 .debug_frame   0x0000000000000000       0xb4 Core/Src/GO4_PDM_2020.o
 .debug_frame   0x00000000000000b4      0x1b8 Core/Src/main.o
 .debug_frame   0x000000000000026c      0x130 Core/Src/stm32f0xx_hal_msp.o
 .debug_frame   0x000000000000039c       0x68 Core/Src/stm32f0xx_hal_timebase_tim.o
 .debug_frame   0x0000000000000404       0x80 Core/Src/stm32f0xx_it.o
 .debug_frame   0x0000000000000484       0x4c Core/Src/system_stm32f0xx.o
 .debug_frame   0x00000000000004d0      0x2a4 Drivers/STM32F0xx_HAL_Driver/Src/stm32f0xx_hal.o
 .debug_frame   0x0000000000000774      0x3a0 Drivers/STM32F0xx_HAL_Driver/Src/stm32f0xx_hal_adc.o