main.c:114:5:main	8	static
main.c:209:6:SystemClock_Config	112	static
main.c:251:13:MX_ADC_Init	24	static
main.c:317:13:MX_CAN_Init	8	static
main.c:354:13:MX_TIM16_Init	8	static
main.c:386:13:MX_TIM17_Init	8	static
main.c:418:13:MX_USART2_UART_Init	8	static
main.c:451:13:MX_DMA_Init	16	static
main.c:469:13:MX_GPIO_Init	56	static
main.c:518:6:ADC_Channel_Control	16	static
main.c:537:6:CAN_TX	16	static
main.c:556:6:ADC_Schedule_loop	16	static
main.c:575:6:CAN_rx_start	16	static
main.c:595:6:HAL_TIM_PeriodElapsedCallback	16	static
main.c:612:6:Error_Handler	8	static
