main.c:106:5:main	8	static
main.c:198:6:SystemClock_Config	112	static
main.c:240:13:MX_ADC_Init	24	static
main.c:306:13:MX_CAN_Init	8	static
main.c:343:13:MX_TIM16_Init	8	static
main.c:375:13:MX_TIM17_Init	8	static
main.c:407:13:MX_USART2_UART_Init	8	static
main.c:440:13:MX_DMA_Init	16	static
main.c:458:13:MX_GPIO_Init	56	static
main.c:507:6:ADC_Channel_Control	16	static
main.c:526:6:CAN_TX	16	static
main.c:545:6:ADC_Schedule_loop	16	static
main.c:565:6:HAL_TIM_PeriodElapsedCallback	16	static
main.c:582:6:Error_Handler	8	static
